Archive member included to satisfy reference by file (symbol)

C:/ProgramData/MATLAB/SupportPackages/R2022b/3P.instrset/cmsis.instrset/CMSIS/RTOS/RTX/LIB/GCC/libRTX_CM4.a(rt_cmsis.o)
                              RTX_Conf_CM.o (osKernelInitialize)
C:/ProgramData/MATLAB/SupportPackages/R2022b/3P.instrset/cmsis.instrset/CMSIS/RTOS/RTX/LIB/GCC/libRTX_CM4.a(hal_cm.o)
                              C:/ProgramData/MATLAB/SupportPackages/R2022b/3P.instrset/cmsis.instrset/CMSIS/RTOS/RTX/LIB/GCC/libRTX_CM4.a(rt_cmsis.o) (rt_ret_val)
C:/ProgramData/MATLAB/SupportPackages/R2022b/3P.instrset/cmsis.instrset/CMSIS/RTOS/RTX/LIB/GCC/libRTX_CM4.a(rt_memory.o)
                              C:/ProgramData/MATLAB/SupportPackages/R2022b/3P.instrset/cmsis.instrset/CMSIS/RTOS/RTX/LIB/GCC/libRTX_CM4.a(rt_cmsis.o) (rt_init_mem)
C:/ProgramData/MATLAB/SupportPackages/R2022b/3P.instrset/cmsis.instrset/CMSIS/RTOS/RTX/LIB/GCC/libRTX_CM4.a(rt_membox.o)
                              C:/ProgramData/MATLAB/SupportPackages/R2022b/3P.instrset/cmsis.instrset/CMSIS/RTOS/RTX/LIB/GCC/libRTX_CM4.a(rt_cmsis.o) (_init_box)
C:/ProgramData/MATLAB/SupportPackages/R2022b/3P.instrset/cmsis.instrset/CMSIS/RTOS/RTX/LIB/GCC/libRTX_CM4.a(rt_mutex.o)
                              C:/ProgramData/MATLAB/SupportPackages/R2022b/3P.instrset/cmsis.instrset/CMSIS/RTOS/RTX/LIB/GCC/libRTX_CM4.a(rt_cmsis.o) (rt_mut_init)
C:/ProgramData/MATLAB/SupportPackages/R2022b/3P.instrset/cmsis.instrset/CMSIS/RTOS/RTX/LIB/GCC/libRTX_CM4.a(rt_time.o)
                              C:/ProgramData/MATLAB/SupportPackages/R2022b/3P.instrset/cmsis.instrset/CMSIS/RTOS/RTX/LIB/GCC/libRTX_CM4.a(rt_cmsis.o) (os_time)
C:/ProgramData/MATLAB/SupportPackages/R2022b/3P.instrset/cmsis.instrset/CMSIS/RTOS/RTX/LIB/GCC/libRTX_CM4.a(rt_semaphore.o)
                              C:/ProgramData/MATLAB/SupportPackages/R2022b/3P.instrset/cmsis.instrset/CMSIS/RTOS/RTX/LIB/GCC/libRTX_CM4.a(rt_cmsis.o) (rt_sem_init)
C:/ProgramData/MATLAB/SupportPackages/R2022b/3P.instrset/cmsis.instrset/CMSIS/RTOS/RTX/LIB/GCC/libRTX_CM4.a(rt_mailbox.o)
                              C:/ProgramData/MATLAB/SupportPackages/R2022b/3P.instrset/cmsis.instrset/CMSIS/RTOS/RTX/LIB/GCC/libRTX_CM4.a(rt_cmsis.o) (rt_mbx_init)
C:/ProgramData/MATLAB/SupportPackages/R2022b/3P.instrset/cmsis.instrset/CMSIS/RTOS/RTX/LIB/GCC/libRTX_CM4.a(rt_list.o)
                              C:/ProgramData/MATLAB/SupportPackages/R2022b/3P.instrset/cmsis.instrset/CMSIS/RTOS/RTX/LIB/GCC/libRTX_CM4.a(rt_cmsis.o) (rt_put_prio)
C:/ProgramData/MATLAB/SupportPackages/R2022b/3P.instrset/cmsis.instrset/CMSIS/RTOS/RTX/LIB/GCC/libRTX_CM4.a(rt_event.o)
                              C:/ProgramData/MATLAB/SupportPackages/R2022b/3P.instrset/cmsis.instrset/CMSIS/RTOS/RTX/LIB/GCC/libRTX_CM4.a(rt_cmsis.o) (rt_evt_wait)
C:/ProgramData/MATLAB/SupportPackages/R2022b/3P.instrset/cmsis.instrset/CMSIS/RTOS/RTX/LIB/GCC/libRTX_CM4.a(rt_system.o)
                              C:/ProgramData/MATLAB/SupportPackages/R2022b/3P.instrset/cmsis.instrset/CMSIS/RTOS/RTX/LIB/GCC/libRTX_CM4.a(rt_cmsis.o) (rt_suspend)
C:/ProgramData/MATLAB/SupportPackages/R2022b/3P.instrset/cmsis.instrset/CMSIS/RTOS/RTX/LIB/GCC/libRTX_CM4.a(rt_task.o)
                              C:/ProgramData/MATLAB/SupportPackages/R2022b/3P.instrset/cmsis.instrset/CMSIS/RTOS/RTX/LIB/GCC/libRTX_CM4.a(rt_system.o) (rt_switch_req)
C:/ProgramData/MATLAB/SupportPackages/R2022b/3P.instrset/cmsis.instrset/CMSIS/RTOS/RTX/LIB/GCC/libRTX_CM4.a(hal_cm4.o)
                              C:/ProgramData/MATLAB/SupportPackages/R2022b/3P.instrset/cmsis.instrset/CMSIS/RTOS/RTX/LIB/GCC/libRTX_CM4.a(rt_task.o) (rt_get_PSP)
C:/ProgramData/MATLAB/SupportPackages/R2022b/3P.instrset/cmsis.instrset/CMSIS/RTOS/RTX/LIB/GCC/libRTX_CM4.a(svc_table.o)
                              C:/ProgramData/MATLAB/SupportPackages/R2022b/3P.instrset/cmsis.instrset/CMSIS/RTOS/RTX/LIB/GCC/libRTX_CM4.a(hal_cm4.o) (SVC_Table)
C:/ProgramData/MATLAB/SupportPackages/R2022b/3P.instrset/cmsis.instrset/CMSIS/RTOS/RTX/LIB/GCC/libRTX_CM4.a(rt_robin.o)
                              C:/ProgramData/MATLAB/SupportPackages/R2022b/3P.instrset/cmsis.instrset/CMSIS/RTOS/RTX/LIB/GCC/libRTX_CM4.a(rt_system.o) (os_robin)
C:/ProgramData/MATLAB/SupportPackages/R2022b/toolbox/target/supportpackages/freedomk64f/src/ksdk_armgcc_lib/bm/libksdk_platform.a(fsl_os_abstraction_bm.o)
                              Assignment1_V6.o (OSA_TimeDelay)
C:/ProgramData/MATLAB/SupportPackages/R2022b/toolbox/target/supportpackages/freedomk64f/src/ksdk_armgcc_lib/bm/libksdk_platform.a(fsl_clock_manager.o)
                              board.o (CLOCK_SYS_OscInit)
C:/ProgramData/MATLAB/SupportPackages/R2022b/toolbox/target/supportpackages/freedomk64f/src/ksdk_armgcc_lib/bm/libksdk_platform.a(fsl_clock_manager_common.o)
                              C:/ProgramData/MATLAB/SupportPackages/R2022b/toolbox/target/supportpackages/freedomk64f/src/ksdk_armgcc_lib/bm/libksdk_platform.a(fsl_clock_manager.o) (g_oscBase)
[...]
Memory Configuration

Name             Origin             Length             Attributes
m_interrupts     0x00000000         0x00000400         xr
m_flash_config   0x00000400         0x00000010         xr
m_text           0x00000410         0x000ffbf0         xr
m_data_2         0x1fff0000         0x00010000         rw
m_data           0x20000000         0x00030000         rw
*default*        0x00000000         0xffffffff

Linker script and memory map

LOAD c:/progra~3/matlab/suppor~1/r2022b/3p778c~1.ins/gnuarm~1.ins/win/bin/../lib/gcc/arm-none-eabi/9.3.1/thumb/v7e-m+fp/hard/crti.o
LOAD c:/progra~3/matlab/suppor~1/r2022b/3p778c~1.ins/gnuarm~1.ins/win/bin/../lib/gcc/arm-none-eabi/9.3.1/thumb/v7e-m+fp/hard/crtbegin.o
LOAD c:/progra~3/matlab/suppor~1/r2022b/3p778c~1.ins/gnuarm~1.ins/win/bin/../lib/gcc/arm-none-eabi/9.3.1/../../../../arm-none-eabi/lib/thumb/v7e-m+fp/hard/crt0.o
LOAD MW_digitalIO.o
LOAD mw_sdk_interface.o
LOAD i2c_api.o
LOAD MW_I2C.o
LOAD MW_PWM.o
LOAD ert_main.o
LOAD Assignment1_V6.o
LOAD Assignment1_V6_data.o
LOAD rtGetInf.o
LOAD rtGetNaN.o
LOAD rt_nonfinite.o
LOAD startup.o
LOAD system_MK64F12.o
LOAD startup_MK64F12.o
LOAD board.o
LOAD hardware_init.o
LOAD pin_mux.o
LOAD fsl_misc_utilities.o
LOAD fsl_edma_irq.o
LOAD fsl_uart_irq.o
LOAD irq_stub.o
LOAD sbrk.o
LOAD cmsis_rtos_init.o
LOAD RTX_Conf_CM.o
LOAD mw_thread.o
LOAD mw_semaphore.o
LOAD mw_timer.o
LOAD mw_signal.o
LOAD C:/ProgramData/MATLAB/SupportPackages/R2022b/3P.instrset/cmsis.instrset/CMSIS/DSP/Lib/GCC/libarm_cortexM4lf_math.a
LOAD C:/ProgramData/MATLAB/SupportPackages/R2022b/3P.instrset/cmsis.instrset/CMSIS/RTOS/RTX/LIB/GCC/libRTX_CM4.a
LOAD C:/ProgramData/MATLAB/SupportPackages/R2022b/toolbox/target/supportpackages/freedomk64f/src/ksdk_armgcc_lib/bm/libksdk_platform.a
LOAD c:/progra~3/matlab/suppor~1/r2022b/3p778c~1.ins/gnuarm~1.ins/win/bin/../lib/gcc/arm-none-eabi/9.3.1/../../../../arm-none-eabi/lib/thumb/v7e-m+fp/hard\libstdc++.a
LOAD c:/progra~3/matlab/suppor~1/r2022b/3p778c~1.ins/gnuarm~1.ins/win/bin/../lib/gcc/arm-none-eabi/9.3.1/../../../../arm-none-eabi/lib/thumb/v7e-m+fp/hard\libm.a
START GROUP
LOAD c:/progra~3/matlab/suppor~1/r2022b/3p778c~1.ins/gnuarm~1.ins/win/bin/../lib/gcc/arm-none-eabi/9.3.1/thumb/v7e-m+fp/hard\libgcc.a
LOAD c:/progra~3/matlab/suppor~1/r2022b/3p778c~1.ins/gnuarm~1.ins/win/bin/../lib/gcc/arm-none-eabi/9.3.1/../../../../arm-none-eabi/lib/thumb/v7e-m+fp/hard\libg.a
LOAD c:/progra~3/matlab/suppor~1/r2022b/3p778c~1.ins/gnuarm~1.ins/win/bin/../lib/gcc/arm-none-eabi/9.3.1/../../../../arm-none-eabi/lib/thumb/v7e-m+fp/hard\libc.a
END GROUP
START GROUP
LOAD c:/progra~3/matlab/suppor~1/r2022b/3p778c~1.ins/gnuarm~1.ins/win/bin/../lib/gcc/arm-none-eabi/9.3.1/thumb/v7e-m+fp/hard\libgcc.a
LOAD c:/progra~3/matlab/suppor~1/r2022b/3p778c~1.ins/gnuarm~1.ins/win/bin/../lib/gcc/arm-none-eabi/9.3.1/../../../../arm-none-eabi/lib/thumb/v7e-m+fp/hard\libc.a
LOAD c:/progra~3/matlab/suppor~1/r2022b/3p778c~1.ins/gnuarm~1.ins/win/bin/../lib/gcc/arm-none-eabi/9.3.1/../../../../arm-none-eabi/lib/thumb/v7e-m+fp/hard\libnosys.a
END GROUP
LOAD c:/progra~3/matlab/suppor~1/r2022b/3p778c~1.ins/gnuarm~1.ins/win/bin/../lib/gcc/arm-none-eabi/9.3.1/thumb/v7e-m+fp/hard/crtend.o
LOAD c:/progra~3/matlab/suppor~1/r2022b/3p778c~1.ins/gnuarm~1.ins/win/bin/../lib/gcc/arm-none-eabi/9.3.1/thumb/v7e-m+fp/hard/crtn.o
                0x00000400                HEAP_SIZE = DEFINED (__heap_size__)?__heap_size__:0x400
                0x00000400                STACK_SIZE = DEFINED (__stack_size__)?__stack_size__:0x400
                0x00000000                M_VECTOR_RAM_SIZE = DEFINED (__ram_vector_table__)?0x400:0x0

.interrupts     0x00000000      0x400
                0x00000000                __VECTOR_TABLE = .
                0x00000000                . = ALIGN (0x4)
 *(.isr_vector)
 .isr_vector    0x00000000      0x400 startup_MK64F12.o
                0x00000000                __isr_vector
                0x00000400                . = ALIGN (0x4)

.flash_config   0x00000400       0x10
                0x00000400                . = ALIGN (0x4)
 *(.FlashConfig)
 .FlashConfig   0x00000400       0x10 startup_MK64F12.o
                0x00000410                . = ALIGN (0x4)

.text           0x00000440     0xc610
                0x00000440                . = ALIGN (0x4)
 *(.text)
 .text          0x00000440       0x40 c:/progra~3/matlab/suppor~1/r2022b/3p778c~1.ins/gnuarm~1.ins/win/bin/../lib/gcc/arm-none-eabi/9.3.1/thumb/v7e-m+fp/hard/crtbegin.o
 .text          0x00000480       0x7c c:/progra~3/matlab/suppor~1/r2022b/3p778c~1.ins/gnuarm~1.ins/win/bin/../lib/gcc/arm-none-eabi/9.3.1/../../../../arm-none-eabi/lib/thumb/v7e-m+fp/hard/crt0.o
                0x00000480                _stack_init
                0x00000488                _start
                0x00000488                _mainCRTStartup
 .text          0x000004fc       0x14 startup_MK64F12.o
                0x000004fc                Reset_Handler
                0x0000050c                ENET_Receive_IRQHandler
                0x0000050c                ENET_1588_Timer_IRQHandler
                0x0000050c                DefaultISR
                0x0000050c                PIT2_IRQHandler
                0x0000050c                PIT0_IRQHandler
                0x0000050c                ENET_Error_IRQHandler
                0x0000050c                PIT3_IRQHandler
                0x0000050c                SDHC_IRQHandler
                0x0000050c                ENET_Transmit_IRQHandler
                0x0000050c                PIT1_IRQHandler
 .text          0x00000510      0x198 C:/ProgramData/MATLAB/SupportPackages/R2022b/3P.instrset/cmsis.instrset/CMSIS/RTOS/RTX/LIB/GCC/libRTX_CM4.a(hal_cm4.o)
                0x00000510                rt_set_PSP
                0x00000516                rt_get_PSP
                0x0000051c                os_set_env
                0x00000534                _alloc_box
                0x00000550                _free_box
                0x0000056c                SVC_Handler
                0x00000612                PendSV_Handler
                0x00000618                Sys_Switch
                0x00000672                SysTick_Handler
                0x0000067c                OS_Tick_Handler
 .text          0x000006a8      0x378 c:/progra~3/matlab/suppor~1/r2022b/3p778c~1.ins/gnuarm~1.ins/win/bin/../lib/gcc/arm-none-eabi/9.3.1/thumb/v7e-m+fp/hard\libgcc.a(_arm_addsubdf3.o)
                0x000006a8                __aeabi_drsub
                0x000006b0                __aeabi_dsub
                0x000006b0                __subdf3
                0x000006b4                __aeabi_dadd
                0x000006b4                __adddf3
                0x0000092c                __floatunsidf
                0x0000092c                __aeabi_ui2d
                0x0000094c                __floatsidf
                0x0000094c                __aeabi_i2d
                0x00000970                __aeabi_f2d
                0x00000970                __extendsfdf2
                0x000009b4                __floatundidf
                0x000009b4                __aeabi_ul2d
                0x000009c4                __floatdidf
                0x000009c4                __aeabi_l2d
 .text          0x00000a20      0x424 c:/progra~3/matlab/suppor~1/r2022b/3p778c~1.ins/gnuarm~1.ins/win/bin/../lib/gcc/arm-none-eabi/9.3.1/thumb/v7e-m+fp/hard\libgcc.a(_arm_muldivdf3.o)
                0x00000a20                __aeabi_dmul
                0x00000a20                __muldf3
                0x00000c74                __divdf3
                0x00000c74                __aeabi_ddiv
 .text          0x00000e44      0x110 c:/progra~3/matlab/suppor~1/r2022b/3p778c~1.ins/gnuarm~1.ins/win/bin/../lib/gcc/arm-none-eabi/9.3.1/thumb/v7e-m+fp/hard\libgcc.a(_arm_cmpdf2.o)
                0x00000e44                __gtdf2
                0x00000e44                __gedf2
                0x00000e4c                __ltdf2
                0x00000e4c                __ledf2
                0x00000e54                __nedf2
                0x00000e54                __eqdf2
                0x00000e54                __cmpdf2
                0x00000ed0                __aeabi_cdrcmple
                0x00000ee0                __aeabi_cdcmpeq
                0x00000ee0                __aeabi_cdcmple
                0x00000ef0                __aeabi_dcmpeq
                0x00000f04                __aeabi_dcmplt
                0x00000f18                __aeabi_dcmple
                0x00000f2c                __aeabi_dcmpge
                0x00000f40                __aeabi_dcmpgt
 .text          0x00000f54       0x2c c:/progra~3/matlab/suppor~1/r2022b/3p778c~1.ins/gnuarm~1.ins/win/bin/../lib/gcc/arm-none-eabi/9.3.1/thumb/v7e-m+fp/hard\libgcc.a(_arm_unorddf2.o)
                0x00000f54                __unorddf2
                0x00000f54                __aeabi_dcmpun
 .text          0x00000f80       0x40 c:/progra~3/matlab/suppor~1/r2022b/3p778c~1.ins/gnuarm~1.ins/win/bin/../lib/gcc/arm-none-eabi/9.3.1/thumb/v7e-m+fp/hard\libgcc.a(_arm_fixunsdfsi.o)
                0x00000f80                __aeabi_d2uiz
                0x00000f80                __fixunsdfsi
 .text          0x00000fc0       0x30 c:/progra~3/matlab/suppor~1/r2022b/3p778c~1.ins/gnuarm~1.ins/win/bin/../lib/gcc/arm-none-eabi/9.3.1/thumb/v7e-m+fp/hard\libgcc.a(_aeabi_uldivmod.o)
                0x00000fc0                __aeabi_uldivmod
 .text          0x00000ff0      0x2c4 c:/progra~3/matlab/suppor~1/r2022b/3p778c~1.ins/gnuarm~1.ins/win/bin/../lib/gcc/arm-none-eabi/9.3.1/thumb/v7e-m+fp/hard\libgcc.a(_udivmoddi4.o)
                0x00000ff0                __udivmoddi4
 .text          0x000012b4      0x9b8 c:/progra~3/matlab/suppor~1/r2022b/3p778c~1.ins/gnuarm~1.ins/win/bin/../lib/gcc/arm-none-eabi/9.3.1/thumb/v7e-m+fp/hard\libgcc.a(unwind-arm.o)
                0x0000155c                _Unwind_GetCFA
                0x00001560                __gnu_Unwind_RaiseException
                0x000015c0                __gnu_Unwind_ForcedUnwind
                0x000015d4                __gnu_Unwind_Resume
                0x00001618                __gnu_Unwind_Resume_or_Rethrow
                0x00001628                _Unwind_Complete
                0x0000162c                _Unwind_DeleteException
                0x00001638                _Unwind_VRS_Get
                0x00001680                _Unwind_VRS_Set
                0x000016c8                __gnu_Unwind_Backtrace
                0x000019e8                __aeabi_unwind_cpp_pr0
                0x000019ec                __aeabi_unwind_cpp_pr1
                0x000019f0                __aeabi_unwind_cpp_pr2
                0x000019f4                _Unwind_VRS_Pop
 .text          0x00001c6c      0x1ac c:/progra~3/matlab/suppor~1/r2022b/3p778c~1.ins/gnuarm~1.ins/win/bin/../lib/gcc/arm-none-eabi/9.3.1/thumb/v7e-m+fp/hard\libgcc.a(libunwind.o)
                0x00001c6c                __restore_core_regs
                0x00001c6c                restore_core_regs
                0x00001c84                __gnu_Unwind_Restore_VFP
                0x00001c8c                __gnu_Unwind_Save_VFP
                0x00001c94                __gnu_Unwind_Restore_VFP_D
                0x00001c9c                __gnu_Unwind_Save_VFP_D
                0x00001ca4                __gnu_Unwind_Restore_VFP_D_16_to_31
                0x00001cac                __gnu_Unwind_Save_VFP_D_16_to_31
                0x00001cb4                __gnu_Unwind_Restore_WMMXD
                0x00001cf8                __gnu_Unwind_Save_WMMXD
                0x00001d3c                __gnu_Unwind_Restore_WMMXC
                0x00001d50                __gnu_Unwind_Save_WMMXC
                0x00001d64                ___Unwind_RaiseException
                0x00001d64                _Unwind_RaiseException
                0x00001d88                _Unwind_Resume
                0x00001d88                ___Unwind_Resume
                0x00001dac                _Unwind_Resume_or_Rethrow
                0x00001dac                ___Unwind_Resume_or_Rethrow
                0x00001dd0                _Unwind_ForcedUnwind
                0x00001dd0                ___Unwind_ForcedUnwind
                0x00001df4                ___Unwind_Backtrace
                0x00001df4                _Unwind_Backtrace
 .text          0x00001e18      0x340 c:/progra~3/matlab/suppor~1/r2022b/3p778c~1.ins/gnuarm~1.ins/win/bin/../lib/gcc/arm-none-eabi/9.3.1/thumb/v7e-m+fp/hard\libgcc.a(pr-support.o)
                0x00001e70                __gnu_unwind_execute
                0x0000210c                __gnu_unwind_frame
                0x00002138                _Unwind_GetRegionStart
                0x00002144                _Unwind_GetLanguageSpecificData
 .text          0x00002158        0x4 c:/progra~3/matlab/suppor~1/r2022b/3p778c~1.ins/gnuarm~1.ins/win/bin/../lib/gcc/arm-none-eabi/9.3.1/thumb/v7e-m+fp/hard\libgcc.a(_dvmd_tls.o)
                0x00002158                __aeabi_idiv0
                0x00002158                __aeabi_ldiv0
 .text          0x0000215c      0x134 c:/progra~3/matlab/suppor~1/r2022b/3p778c~1.ins/gnuarm~1.ins/win/bin/../lib/gcc/arm-none-eabi/9.3.1/../../../../arm-none-eabi/lib/thumb/v7e-m+fp/hard\libg.a(lib_a-memcpy.o)
                0x0000215c                memcpy
 .text          0x00002290       0xa0 c:/progra~3/matlab/suppor~1/r2022b/3p778c~1.ins/gnuarm~1.ins/win/bin/../lib/gcc/arm-none-eabi/9.3.1/../../../../arm-none-eabi/lib/thumb/v7e-m+fp/hard\libg.a(lib_a-memchr.o)
                0x00002290                memchr
 *fill*         0x00002330       0x10 
 .text          0x00002340       0xdc c:/progra~3/matlab/suppor~1/r2022b/3p778c~1.ins/gnuarm~1.ins/win/bin/../lib/gcc/arm-none-eabi/9.3.1/../../../../arm-none-eabi/lib/thumb/v7e-m+fp/hard\libg.a(lib_a-strlen.o)
                0x00002340                strlen
 *(.text*)
 .text.MW_digitalIO_open
                0x0000241c       0x90 MW_digitalIO.o
                0x0000241c                MW_digitalIO_open
 .text.MW_digitalIO_write
                0x000024ac       0x34 MW_digitalIO.o
                0x000024ac                MW_digitalIO_write
 .text.MW_digitalIO_close
                0x000024e0       0x10 MW_digitalIO.o
                0x000024e0                MW_digitalIO_close
 .text.i2c_init
                0x000024f0       0xb0 i2c_api.o
                0x000024f0                i2c_init
 .text.i2c_frequency
                0x000025a0       0x34 i2c_api.o
                0x000025a0                i2c_frequency
 .text.i2c_read
                0x000025d4      0x18c i2c_api.o
                0x000025d4                i2c_read
 .text.i2c_write
                0x00002760      0x140 i2c_api.o
                0x00002760                i2c_write
 .text.MW_I2C_Open
                0x000028a0       0x30 MW_I2C.o
                0x000028a0                MW_I2C_Open
 .text.MW_I2C_SetBusSpeed
                0x000028d0       0x10 MW_I2C.o
                0x000028d0                MW_I2C_SetBusSpeed
 .text.MW_I2C_MasterRead
                0x000028e0       0x34 MW_I2C.o
                0x000028e0                MW_I2C_MasterRead
 .text.MW_I2C_MasterWrite
                0x00002914       0x34 MW_I2C.o
                0x00002914                MW_I2C_MasterWrite
 .text.MW_I2C_Close
                0x00002948        0x4 MW_I2C.o
                0x00002948                MW_I2C_Close
 .text.MW_PWM_Open
                0x0000294c       0xd4 MW_PWM.o
                0x0000294c                MW_PWM_Open
 .text.MW_PWM_Start
                0x00002a20        0x4 MW_PWM.o
                0x00002a20                MW_PWM_Start
 .text.MW_PWM_SetDutyCycle
                0x00002a24       0x5c MW_PWM.o
                0x00002a24                MW_PWM_SetDutyCycle
 .text.MW_PWM_Stop
                0x00002a80       0x10 MW_PWM.o
                0x00002a80                MW_PWM_Stop
 .text.MW_PWM_Close
                0x00002a90        0x4 MW_PWM.o
                0x00002a90                MW_PWM_Close
 .text.baseRateTask
                0x00002a94       0x74 ert_main.o
                0x00002a94                baseRateTask
 .text.startup.main
                0x00002b08       0x3c ert_main.o
                0x00002b08                main
 .text.Assignment1_V6_rt_powd_snf.part.0
                0x00002b44      0x1b8 Assignment1_V6.o
 .text.Assignmen_Calc_Expo_Rate_Factor.constprop.0
                0x00002cfc      0x10c Assignment1_V6.o
 .text.Assignment1_V_c3_Assignment1_V6.part.0
                0x00002e08      0x384 Assignment1_V6.o
 *fill*         0x0000318c        0x4 
 .text.Assignment1_V6_step
                0x00003190      0xa88 Assignment1_V6.o
                0x00003190                Assignment1_V6_step
 .text.Assignment1_V6_initialize
                0x00003c18      0x240 Assignment1_V6.o
                0x00003c18                Assignment1_V6_initialize
 .text.Assignment1_V6_terminate
                0x00003e58      0x1b0 Assignment1_V6.o
                0x00003e58                Assignment1_V6_terminate
 .text.rtGetInf
                0x00004008       0x10 rtGetInf.o
                0x00004008                rtGetInf
 .text.rtGetInfF
                0x00004018        0xc rtGetInf.o
                0x00004018                rtGetInfF
 *fill*         0x00004024        0x4 
 .text.rtGetMinusInf
                0x00004028       0x10 rtGetInf.o
                0x00004028                rtGetMinusInf
 .text.rtGetMinusInfF
                0x00004038        0xc rtGetInf.o
                0x00004038                rtGetMinusInfF
 *fill*         0x00004044        0x4 
 .text.rtGetNaN
                0x00004048       0x10 rtGetNaN.o
                0x00004048                rtGetNaN
 .text.rtGetNaNF
                0x00004058        0xc rtGetNaN.o
                0x00004058                rtGetNaNF
 .text.rt_InitInfAndNaN
                0x00004064       0x58 rt_nonfinite.o
                0x00004064                rt_InitInfAndNaN
 .text.rtIsInf  0x000040bc       0x3c rt_nonfinite.o
                0x000040bc                rtIsInf
 .text.rtIsNaN  0x000040f8       0x24 rt_nonfinite.o
                0x000040f8                rtIsNaN
 .text.init_data_bss
                0x0000411c      0x12c startup.o
                0x0000411c                init_data_bss
 .text.SystemInit
                0x00004248      0x140 system_MK64F12.o
                0x00004248                SystemInit
 .text.SystemCoreClockUpdate
                0x00004388      0x194 system_MK64F12.o
                0x00004388                SystemCoreClockUpdate
 .text.BOARD_ClockInit
                0x0000451c       0x64 board.o
                0x0000451c                BOARD_ClockInit
 .text.hardware_init
                0x00004580       0x2c hardware_init.o
                0x00004580                hardware_init
 .text.DMA0_IRQHandler
                0x000045ac        0x8 fsl_edma_irq.o
                0x000045ac                DMA0_IRQHandler
 .text.DMA1_IRQHandler
                0x000045b4        0x8 fsl_edma_irq.o
                0x000045b4                DMA1_IRQHandler
 .text.DMA2_IRQHandler
                0x000045bc        0x8 fsl_edma_irq.o
                0x000045bc                DMA2_IRQHandler
 .text.DMA3_IRQHandler
                0x000045c4        0x8 fsl_edma_irq.o
                0x000045c4                DMA3_IRQHandler
 .text.DMA4_IRQHandler
                0x000045cc        0x8 fsl_edma_irq.o
                0x000045cc                DMA4_IRQHandler
 .text.DMA5_IRQHandler
                0x000045d4        0x8 fsl_edma_irq.o
                0x000045d4                DMA5_IRQHandler
 .text.DMA6_IRQHandler
                0x000045dc        0x8 fsl_edma_irq.o
                0x000045dc                DMA6_IRQHandler
 .text.DMA7_IRQHandler
                0x000045e4        0x8 fsl_edma_irq.o
                0x000045e4                DMA7_IRQHandler
 .text.DMA8_IRQHandler
                0x000045ec        0x8 fsl_edma_irq.o
                0x000045ec                DMA8_IRQHandler
 .text.DMA9_IRQHandler
                0x000045f4        0x8 fsl_edma_irq.o
                0x000045f4                DMA9_IRQHandler
 .text.DMA10_IRQHandler
                0x000045fc        0x8 fsl_edma_irq.o
                0x000045fc                DMA10_IRQHandler
 .text.DMA11_IRQHandler
                0x00004604        0x8 fsl_edma_irq.o
                0x00004604                DMA11_IRQHandler
 .text.DMA12_IRQHandler
                0x0000460c        0x8 fsl_edma_irq.o
                0x0000460c                DMA12_IRQHandler
 .text.DMA13_IRQHandler
                0x00004614        0x8 fsl_edma_irq.o
                0x00004614                DMA13_IRQHandler
 .text.DMA14_IRQHandler
                0x0000461c        0x8 fsl_edma_irq.o
                0x0000461c                DMA14_IRQHandler
 .text.DMA15_IRQHandler
                0x00004624        0x8 fsl_edma_irq.o
                0x00004624                DMA15_IRQHandler
 .text.DMA_Error_IRQHandler
                0x0000462c        0x8 fsl_edma_irq.o
                0x0000462c                DMA_Error_IRQHandler
 .text.UART0_RX_TX_IRQHandler
                0x00004634        0x8 fsl_uart_irq.o
                0x00004634                UART0_RX_TX_IRQHandler
 .text.UART1_RX_TX_IRQHandler
                0x0000463c        0x8 fsl_uart_irq.o
                0x0000463c                UART1_RX_TX_IRQHandler
 .text.UART2_RX_TX_IRQHandler
                0x00004644        0x8 fsl_uart_irq.o
                0x00004644                UART2_RX_TX_IRQHandler
 .text.UART3_RX_TX_IRQHandler
                0x0000464c        0x8 fsl_uart_irq.o
                0x0000464c                UART3_RX_TX_IRQHandler
 .text.UART4_RX_TX_IRQHandler
                0x00004654        0x8 fsl_uart_irq.o
                0x00004654                UART4_RX_TX_IRQHandler
 .text.UART5_RX_TX_IRQHandler
                0x0000465c        0x8 fsl_uart_irq.o
                0x0000465c                UART5_RX_TX_IRQHandler
 .text.NMI_Handler
                0x00004664        0x4 irq_stub.o
                0x00004664                NMI_Handler
 .text.HardFault_Handler
                0x00004668        0x4 irq_stub.o
                0x00004668                HardFault_Handler
 .text.MemManage_Handler
                0x0000466c        0x4 irq_stub.o
                0x0000466c                MemManage_Handler
 .text.BusFault_Handler
                0x00004670        0x4 irq_stub.o
                0x00004670                BusFault_Handler
 .text.UsageFault_Handler
                0x00004674        0x4 irq_stub.o
                0x00004674                UsageFault_Handler
 .text.DebugMon_Handler
                0x00004678        0x4 irq_stub.o
                0x00004678                DebugMon_Handler
 .text.MCM_IRQHandler
                0x0000467c        0x4 irq_stub.o
                0x0000467c                MCM_IRQHandler
 .text.FTFE_IRQHandler
                0x00004680        0x4 irq_stub.o
                0x00004680                FTFE_IRQHandler
 .text.Read_Collision_IRQHandler
                0x00004684        0x4 irq_stub.o
                0x00004684                Read_Collision_IRQHandler
 .text.LVD_LVW_IRQHandler
                0x00004688        0x4 irq_stub.o
                0x00004688                LVD_LVW_IRQHandler
 .text.LLWU_IRQHandler
                0x0000468c        0x4 irq_stub.o
                0x0000468c                LLWU_IRQHandler
 .text.WDOG_EWM_IRQHandler
                0x00004690        0x4 irq_stub.o
                0x00004690                WDOG_EWM_IRQHandler
 .text.RNG_IRQHandler
                0x00004694        0x4 irq_stub.o
                0x00004694                RNG_IRQHandler
 .text.I2C0_IRQHandler
                0x00004698        0x4 irq_stub.o
                0x00004698                I2C0_IRQHandler
 .text.I2C1_IRQHandler
                0x0000469c        0x4 irq_stub.o
                0x0000469c                I2C1_IRQHandler
 .text.SPI0_IRQHandler
                0x000046a0        0x4 irq_stub.o
                0x000046a0                SPI0_IRQHandler
 .text.SPI1_IRQHandler
                0x000046a4        0x4 irq_stub.o
                0x000046a4                SPI1_IRQHandler
 .text.I2S0_Tx_IRQHandler
                0x000046a8        0x4 irq_stub.o
                0x000046a8                I2S0_Tx_IRQHandler
 .text.I2S0_Rx_IRQHandler
                0x000046ac        0x4 irq_stub.o
                0x000046ac                I2S0_Rx_IRQHandler
 .text.UART0_LON_IRQHandler
                0x000046b0        0x4 irq_stub.o
                0x000046b0                UART0_LON_IRQHandler
 .text.UART0_ERR_IRQHandler
                0x000046b4        0x4 irq_stub.o
                0x000046b4                UART0_ERR_IRQHandler
 .text.UART1_ERR_IRQHandler
                0x000046b8        0x4 irq_stub.o
                0x000046b8                UART1_ERR_IRQHandler
 .text.UART2_ERR_IRQHandler
                0x000046bc        0x4 irq_stub.o
                0x000046bc                UART2_ERR_IRQHandler
 .text.UART3_ERR_IRQHandler
                0x000046c0        0x4 irq_stub.o
                0x000046c0                UART3_ERR_IRQHandler
 .text.ADC0_IRQHandler
                0x000046c4        0x4 irq_stub.o
                0x000046c4                ADC0_IRQHandler
 .text.CMP0_IRQHandler
                0x000046c8        0x4 irq_stub.o
                0x000046c8                CMP0_IRQHandler
 .text.CMP1_IRQHandler
                0x000046cc        0x4 irq_stub.o
                0x000046cc                CMP1_IRQHandler
 .text.FTM0_IRQHandler
                0x000046d0        0x4 irq_stub.o
                0x000046d0                FTM0_IRQHandler
 .text.FTM1_IRQHandler
                0x000046d4        0x4 irq_stub.o
                0x000046d4                FTM1_IRQHandler
 .text.FTM2_IRQHandler
                0x000046d8        0x4 irq_stub.o
                0x000046d8                FTM2_IRQHandler
 .text.CMT_IRQHandler
                0x000046dc        0x4 irq_stub.o
                0x000046dc                CMT_IRQHandler
 .text.RTC_IRQHandler
                0x000046e0        0x4 irq_stub.o
                0x000046e0                RTC_IRQHandler
 .text.RTC_Seconds_IRQHandler
                0x000046e4        0x4 irq_stub.o
                0x000046e4                RTC_Seconds_IRQHandler
 .text.PDB0_IRQHandler
                0x000046e8        0x4 irq_stub.o
                0x000046e8                PDB0_IRQHandler
 .text.USB0_IRQHandler
                0x000046ec        0x4 irq_stub.o
                0x000046ec                USB0_IRQHandler
 .text.USBDCD_IRQHandler
                0x000046f0        0x4 irq_stub.o
                0x000046f0                USBDCD_IRQHandler
 .text.Reserved71_IRQHandler
                0x000046f4        0x4 irq_stub.o
                0x000046f4                Reserved71_IRQHandler
 .text.DAC0_IRQHandler
                0x000046f8        0x4 irq_stub.o
                0x000046f8                DAC0_IRQHandler
 .text.MCG_IRQHandler
                0x000046fc        0x4 irq_stub.o
                0x000046fc                MCG_IRQHandler
 .text.LPTMR0_IRQHandler
                0x00004700        0x4 irq_stub.o
                0x00004700                LPTMR0_IRQHandler
 .text.PORTA_IRQHandler
                0x00004704        0x4 irq_stub.o
                0x00004704                PORTA_IRQHandler
 .text.PORTB_IRQHandler
                0x00004708        0x4 irq_stub.o
                0x00004708                PORTB_IRQHandler
 .text.PORTC_IRQHandler
                0x0000470c        0x4 irq_stub.o
                0x0000470c                PORTC_IRQHandler
 .text.PORTD_IRQHandler
                0x00004710        0x4 irq_stub.o
                0x00004710                PORTD_IRQHandler
 .text.PORTE_IRQHandler
                0x00004714        0x4 irq_stub.o
                0x00004714                PORTE_IRQHandler
 .text.SWI_IRQHandler
                0x00004718        0x4 irq_stub.o
                0x00004718                SWI_IRQHandler
 .text.SPI2_IRQHandler
                0x0000471c        0x4 irq_stub.o
                0x0000471c                SPI2_IRQHandler
 .text.UART4_ERR_IRQHandler
                0x00004720        0x4 irq_stub.o
                0x00004720                UART4_ERR_IRQHandler
 .text.UART5_ERR_IRQHandler
                0x00004724        0x4 irq_stub.o
                0x00004724                UART5_ERR_IRQHandler
 .text.CMP2_IRQHandler
                0x00004728        0x4 irq_stub.o
                0x00004728                CMP2_IRQHandler
 .text.FTM3_IRQHandler
                0x0000472c        0x4 irq_stub.o
                0x0000472c                FTM3_IRQHandler
 .text.DAC1_IRQHandler
                0x00004730        0x4 irq_stub.o
                0x00004730                DAC1_IRQHandler
 .text.ADC1_IRQHandler
                0x00004734        0x4 irq_stub.o
                0x00004734                ADC1_IRQHandler
 .text.I2C2_IRQHandler
                0x00004738        0x4 irq_stub.o
                0x00004738                I2C2_IRQHandler
 .text.CAN0_ORed_Message_buffer_IRQHandler
                0x0000473c        0x4 irq_stub.o
                0x0000473c                CAN0_ORed_Message_buffer_IRQHandler
 .text.CAN0_Bus_Off_IRQHandler
                0x00004740        0x4 irq_stub.o
                0x00004740                CAN0_Bus_Off_IRQHandler
 .text.CAN0_Error_IRQHandler
                0x00004744        0x4 irq_stub.o
                0x00004744                CAN0_Error_IRQHandler
 .text.CAN0_Tx_Warning_IRQHandler
                0x00004748        0x4 irq_stub.o
                0x00004748                CAN0_Tx_Warning_IRQHandler
 .text.CAN0_Rx_Warning_IRQHandler
                0x0000474c        0x4 irq_stub.o
                0x0000474c                CAN0_Rx_Warning_IRQHandler
 .text.CAN0_Wake_Up_IRQHandler
                0x00004750        0x4 irq_stub.o
                0x00004750                CAN0_Wake_Up_IRQHandler
 .text._sbrk    0x00004754       0x40 sbrk.o
                0x00004754                _sbrk
 .text.schedulerTask
                0x00004794        0xc cmsis_rtos_init.o
                0x00004794                schedulerTask
 .text.mw_RTOSInit
                0x000047a0       0x98 cmsis_rtos_init.o
                0x000047a0                mw_RTOSInit
 .text.os_idle_demon
                0x00004838        0x4 RTX_Conf_CM.o
                0x00004838                os_idle_demon
 .text.os_error
                0x0000483c        0x4 RTX_Conf_CM.o
                0x0000483c                os_error
 .text.rt_init_robin
                0x00004840        0x4 RTX_Conf_CM.o
                0x00004840                rt_init_robin
 .text.rt_chk_robin
                0x00004844        0x4 RTX_Conf_CM.o
                0x00004844                rt_chk_robin
 .text.software_init_hook
                0x00004848       0x34 RTX_Conf_CM.o
                0x00004848                software_init_hook
 .text.mw_osThreadCreate
                0x0000487c       0x20 mw_thread.o
                0x0000487c                mw_osThreadCreate
 .text.mw_osThreadGetId
                0x0000489c        0x4 mw_thread.o
                0x0000489c                mw_osThreadGetId
 .text.mw_osThreadExit
                0x000048a0       0x10 mw_thread.o
                0x000048a0                mw_osThreadExit
 .text.mw_osTimerCreate
                0x000048b0       0x20 mw_timer.o
                0x000048b0                mw_osTimerCreate
 .text.mw_osTimerStart
                0x000048d0        0x8 mw_timer.o
                0x000048d0                mw_osTimerStart
 .text.mw_osSignalEventCreate
                0x000048d8        0x8 mw_signal.o
                0x000048d8                mw_osSignalEventCreate
 .text.mw_osSignalEventRelease
                0x000048e0        0xc mw_signal.o
                0x000048e0                mw_osSignalEventRelease
 .text.mw_osSignalEventWaitEver
                0x000048ec       0x20 mw_signal.o
                0x000048ec                mw_osSignalEventWaitEver
 .text.osThreadExit
                0x0000490c       0x18 C:/ProgramData/MATLAB/SupportPackages/R2022b/3P.instrset/cmsis.instrset/CMSIS/RTOS/RTX/LIB/GCC/libRTX_CM4.a(rt_cmsis.o)
                0x0000490c                osThreadExit
 .text.svcKernelInitialize
                0x00004924      0x104 C:/ProgramData/MATLAB/SupportPackages/R2022b/3P.instrset/cmsis.instrset/CMSIS/RTOS/RTX/LIB/GCC/libRTX_CM4.a(rt_cmsis.o)
                0x00004924                svcKernelInitialize
 .text.svcKernelStart
                0x00004a28       0x48 C:/ProgramData/MATLAB/SupportPackages/R2022b/3P.instrset/cmsis.instrset/CMSIS/RTOS/RTX/LIB/GCC/libRTX_CM4.a(rt_cmsis.o)
                0x00004a28                svcKernelStart
 .text.osKernelInitialize
                0x00004a70       0x28 C:/ProgramData/MATLAB/SupportPackages/R2022b/3P.instrset/cmsis.instrset/CMSIS/RTOS/RTX/LIB/GCC/libRTX_CM4.a(rt_cmsis.o)
                0x00004a70                osKernelInitialize
 .text.osKernelStart
                0x00004a98       0x74 C:/ProgramData/MATLAB/SupportPackages/R2022b/3P.instrset/cmsis.instrset/CMSIS/RTOS/RTX/LIB/GCC/libRTX_CM4.a(rt_cmsis.o)
                0x00004a98                osKernelStart
 .text.svcThreadCreate
                0x00004b0c       0x7c C:/ProgramData/MATLAB/SupportPackages/R2022b/3P.instrset/cmsis.instrset/CMSIS/RTOS/RTX/LIB/GCC/libRTX_CM4.a(rt_cmsis.o)
                0x00004b0c                svcThreadCreate
 .text.svcThreadGetId
                0x00004b88       0x18 C:/ProgramData/MATLAB/SupportPackages/R2022b/3P.instrset/cmsis.instrset/CMSIS/RTOS/RTX/LIB/GCC/libRTX_CM4.a(rt_cmsis.o)
                0x00004b88                svcThreadGetId
 .text.svcThreadTerminate
                0x00004ba0       0x48 C:/ProgramData/MATLAB/SupportPackages/R2022b/3P.instrset/cmsis.instrset/CMSIS/RTOS/RTX/LIB/GCC/libRTX_CM4.a(rt_cmsis.o)
                0x00004ba0                svcThreadTerminate
 .text.osThreadCreate
                0x00004be8       0xa4 C:/ProgramData/MATLAB/SupportPackages/R2022b/3P.instrset/cmsis.instrset/CMSIS/RTOS/RTX/LIB/GCC/libRTX_CM4.a(rt_cmsis.o)
                0x00004be8                osThreadCreate
 .text.osThreadGetId
                0x00004c8c       0x18 C:/ProgramData/MATLAB/SupportPackages/R2022b/3P.instrset/cmsis.instrset/CMSIS/RTOS/RTX/LIB/GCC/libRTX_CM4.a(rt_cmsis.o)
                0x00004c8c                osThreadGetId
 .text.osThreadTerminate
                0x00004ca4       0x18 C:/ProgramData/MATLAB/SupportPackages/R2022b/3P.instrset/cmsis.instrset/CMSIS/RTOS/RTX/LIB/GCC/libRTX_CM4.a(rt_cmsis.o)
                0x00004ca4                osThreadTerminate
 .text.svcTimerCreate
                0x00004cbc       0x40 C:/ProgramData/MATLAB/SupportPackages/R2022b/3P.instrset/cmsis.instrset/CMSIS/RTOS/RTX/LIB/GCC/libRTX_CM4.a(rt_cmsis.o)
                0x00004cbc                svcTimerCreate
 .text.svcTimerStart
                0x00004cfc       0xdc C:/ProgramData/MATLAB/SupportPackages/R2022b/3P.instrset/cmsis.instrset/CMSIS/RTOS/RTX/LIB/GCC/libRTX_CM4.a(rt_cmsis.o)
                0x00004cfc                svcTimerStart
 .text.svcTimerCall
                0x00004dd8       0x18 C:/ProgramData/MATLAB/SupportPackages/R2022b/3P.instrset/cmsis.instrset/CMSIS/RTOS/RTX/LIB/GCC/libRTX_CM4.a(rt_cmsis.o)
                0x00004dd8                svcTimerCall
 .text.sysTimerTick
                0x00004df0       0xc8 C:/ProgramData/MATLAB/SupportPackages/R2022b/3P.instrset/cmsis.instrset/CMSIS/RTOS/RTX/LIB/GCC/libRTX_CM4.a(rt_cmsis.o)
                0x00004df0                sysTimerTick
 .text.osTimerCreate
                0x00004eb8       0x68 C:/ProgramData/MATLAB/SupportPackages/R2022b/3P.instrset/cmsis.instrset/CMSIS/RTOS/RTX/LIB/GCC/libRTX_CM4.a(rt_cmsis.o)
                0x00004eb8                osTimerCreate
 .text.osTimerStart
                0x00004f20       0x18 C:/ProgramData/MATLAB/SupportPackages/R2022b/3P.instrset/cmsis.instrset/CMSIS/RTOS/RTX/LIB/GCC/libRTX_CM4.a(rt_cmsis.o)
                0x00004f20                osTimerStart
 .text.osTimerThread
                0x00004f38       0x3c C:/ProgramData/MATLAB/SupportPackages/R2022b/3P.instrset/cmsis.instrset/CMSIS/RTOS/RTX/LIB/GCC/libRTX_CM4.a(rt_cmsis.o)
                0x00004f38                osTimerThread
 .text.svcSignalSet
                0x00004f74       0x2c C:/ProgramData/MATLAB/SupportPackages/R2022b/3P.instrset/cmsis.instrset/CMSIS/RTOS/RTX/LIB/GCC/libRTX_CM4.a(rt_cmsis.o)
                0x00004f74                svcSignalSet
 .text.svcSignalClear
                0x00004fa0       0x2c C:/ProgramData/MATLAB/SupportPackages/R2022b/3P.instrset/cmsis.instrset/CMSIS/RTOS/RTX/LIB/GCC/libRTX_CM4.a(rt_cmsis.o)
                0x00004fa0                svcSignalClear
 .text.svcSignalWait
                0x00004fcc      0x100 C:/ProgramData/MATLAB/SupportPackages/R2022b/3P.instrset/cmsis.instrset/CMSIS/RTOS/RTX/LIB/GCC/libRTX_CM4.a(rt_cmsis.o)
                0x00004fcc                svcSignalWait
 .text.osSignalSet
                0x000050cc       0x40 C:/ProgramData/MATLAB/SupportPackages/R2022b/3P.instrset/cmsis.instrset/CMSIS/RTOS/RTX/LIB/GCC/libRTX_CM4.a(rt_cmsis.o)
                0x000050cc                osSignalSet
 .text.osSignalClear
                0x0000510c       0x1c C:/ProgramData/MATLAB/SupportPackages/R2022b/3P.instrset/cmsis.instrset/CMSIS/RTOS/RTX/LIB/GCC/libRTX_CM4.a(rt_cmsis.o)
                0x0000510c                osSignalClear
 .text.osSignalWait
                0x00005128       0x2c C:/ProgramData/MATLAB/SupportPackages/R2022b/3P.instrset/cmsis.instrset/CMSIS/RTOS/RTX/LIB/GCC/libRTX_CM4.a(rt_cmsis.o)
                0x00005128                osSignalWait
 .text.svcMessageGet
                0x00005154       0xbc C:/ProgramData/MATLAB/SupportPackages/R2022b/3P.instrset/cmsis.instrset/CMSIS/RTOS/RTX/LIB/GCC/libRTX_CM4.a(rt_cmsis.o)
                0x00005154                svcMessageGet
 .text.rt_init_stack
                0x00005210       0xa8 C:/ProgramData/MATLAB/SupportPackages/R2022b/3P.instrset/cmsis.instrset/CMSIS/RTOS/RTX/LIB/GCC/libRTX_CM4.a(hal_cm.o)
                0x00005210                rt_init_stack
 .text.rt_ret_val
                0x000052b8       0x14 C:/ProgramData/MATLAB/SupportPackages/R2022b/3P.instrset/cmsis.instrset/CMSIS/RTOS/RTX/LIB/GCC/libRTX_CM4.a(hal_cm.o)
                0x000052b8                rt_ret_val
 .text.rt_ret_val2
                0x000052cc       0x24 C:/ProgramData/MATLAB/SupportPackages/R2022b/3P.instrset/cmsis.instrset/CMSIS/RTOS/RTX/LIB/GCC/libRTX_CM4.a(hal_cm.o)
                0x000052cc                rt_ret_val2
 .text.dbg_init
                0x000052f0       0x34 C:/ProgramData/MATLAB/SupportPackages/R2022b/3P.instrset/cmsis.instrset/CMSIS/RTOS/RTX/LIB/GCC/libRTX_CM4.a(hal_cm.o)
                0x000052f0                dbg_init
 .text.dbg_task_notify
                0x00005324       0x2c C:/ProgramData/MATLAB/SupportPackages/R2022b/3P.instrset/cmsis.instrset/CMSIS/RTOS/RTX/LIB/GCC/libRTX_CM4.a(hal_cm.o)
                0x00005324                dbg_task_notify
 .text.dbg_task_switch
                0x00005350       0x14 C:/ProgramData/MATLAB/SupportPackages/R2022b/3P.instrset/cmsis.instrset/CMSIS/RTOS/RTX/LIB/GCC/libRTX_CM4.a(hal_cm.o)
                0x00005350                dbg_task_switch
 .text.rt_init_mem
                0x00005364       0x1c C:/ProgramData/MATLAB/SupportPackages/R2022b/3P.instrset/cmsis.instrset/CMSIS/RTOS/RTX/LIB/GCC/libRTX_CM4.a(rt_memory.o)
                0x00005364                rt_init_mem
 .text.rt_alloc_mem
                0x00005380       0x48 C:/ProgramData/MATLAB/SupportPackages/R2022b/3P.instrset/cmsis.instrset/CMSIS/RTOS/RTX/LIB/GCC/libRTX_CM4.a(rt_memory.o)
                0x00005380                rt_alloc_mem
 .text.rt_free_mem
                0x000053c8       0x54 C:/ProgramData/MATLAB/SupportPackages/R2022b/3P.instrset/cmsis.instrset/CMSIS/RTOS/RTX/LIB/GCC/libRTX_CM4.a(rt_memory.o)
                0x000053c8                rt_free_mem
 .text._init_box
                0x0000541c       0x58 C:/ProgramData/MATLAB/SupportPackages/R2022b/3P.instrset/cmsis.instrset/CMSIS/RTOS/RTX/LIB/GCC/libRTX_CM4.a(rt_membox.o)
                0x0000541c                _init_box
 .text.rt_alloc_box
                0x00005474       0x1c C:/ProgramData/MATLAB/SupportPackages/R2022b/3P.instrset/cmsis.instrset/CMSIS/RTOS/RTX/LIB/GCC/libRTX_CM4.a(rt_membox.o)
                0x00005474                rt_alloc_box
 .text.rt_free_box
                0x00005490       0x28 C:/ProgramData/MATLAB/SupportPackages/R2022b/3P.instrset/cmsis.instrset/CMSIS/RTOS/RTX/LIB/GCC/libRTX_CM4.a(rt_membox.o)
                0x00005490                rt_free_box
 .text.rt_sem_psh
                0x000054b8       0x34 C:/ProgramData/MATLAB/SupportPackages/R2022b/3P.instrset/cmsis.instrset/CMSIS/RTOS/RTX/LIB/GCC/libRTX_CM4.a(rt_semaphore.o)
                0x000054b8                rt_sem_psh
 .text.rt_mbx_init
                0x000054ec       0x18 C:/ProgramData/MATLAB/SupportPackages/R2022b/3P.instrset/cmsis.instrset/CMSIS/RTOS/RTX/LIB/GCC/libRTX_CM4.a(rt_mailbox.o)
                0x000054ec                rt_mbx_init
 .text.rt_mbx_wait
                0x00005504       0xa8 C:/ProgramData/MATLAB/SupportPackages/R2022b/3P.instrset/cmsis.instrset/CMSIS/RTOS/RTX/LIB/GCC/libRTX_CM4.a(rt_mailbox.o)
                0x00005504                rt_mbx_wait
 .text.rt_mbx_check
                0x000055ac        0x8 C:/ProgramData/MATLAB/SupportPackages/R2022b/3P.instrset/cmsis.instrset/CMSIS/RTOS/RTX/LIB/GCC/libRTX_CM4.a(rt_mailbox.o)
                0x000055ac                rt_mbx_check
 .text.isr_mbx_send
                0x000055b4       0x10 C:/ProgramData/MATLAB/SupportPackages/R2022b/3P.instrset/cmsis.instrset/CMSIS/RTOS/RTX/LIB/GCC/libRTX_CM4.a(rt_mailbox.o)
                0x000055b4                isr_mbx_send
 .text.rt_mbx_psh
                0x000055c4       0xe8 C:/ProgramData/MATLAB/SupportPackages/R2022b/3P.instrset/cmsis.instrset/CMSIS/RTOS/RTX/LIB/GCC/libRTX_CM4.a(rt_mailbox.o)
                0x000055c4                rt_mbx_psh
 .text.rt_put_prio
                0x000056ac       0x50 C:/ProgramData/MATLAB/SupportPackages/R2022b/3P.instrset/cmsis.instrset/CMSIS/RTOS/RTX/LIB/GCC/libRTX_CM4.a(rt_list.o)
                0x000056ac                rt_put_prio
 .text.rt_get_first
                0x000056fc       0x28 C:/ProgramData/MATLAB/SupportPackages/R2022b/3P.instrset/cmsis.instrset/CMSIS/RTOS/RTX/LIB/GCC/libRTX_CM4.a(rt_list.o)
                0x000056fc                rt_get_first
 .text.rt_put_rdy_first
                0x00005724       0x14 C:/ProgramData/MATLAB/SupportPackages/R2022b/3P.instrset/cmsis.instrset/CMSIS/RTOS/RTX/LIB/GCC/libRTX_CM4.a(rt_list.o)
                0x00005724                rt_put_rdy_first
 .text.rt_resort_prio
                0x00005738       0xac C:/ProgramData/MATLAB/SupportPackages/R2022b/3P.instrset/cmsis.instrset/CMSIS/RTOS/RTX/LIB/GCC/libRTX_CM4.a(rt_list.o)
                0x00005738                rt_resort_prio
 .text.rt_put_dly
                0x000057e4       0x60 C:/ProgramData/MATLAB/SupportPackages/R2022b/3P.instrset/cmsis.instrset/CMSIS/RTOS/RTX/LIB/GCC/libRTX_CM4.a(rt_list.o)
                0x000057e4                rt_put_dly
 .text.rt_dec_dly
                0x00005844       0xbc C:/ProgramData/MATLAB/SupportPackages/R2022b/3P.instrset/cmsis.instrset/CMSIS/RTOS/RTX/LIB/GCC/libRTX_CM4.a(rt_list.o)
                0x00005844                rt_dec_dly
 .text.rt_rmv_list
                0x00005900       0x2c C:/ProgramData/MATLAB/SupportPackages/R2022b/3P.instrset/cmsis.instrset/CMSIS/RTOS/RTX/LIB/GCC/libRTX_CM4.a(rt_list.o)
                0x00005900                rt_rmv_list
 .text.rt_rmv_dly
                0x0000592c       0x30 C:/ProgramData/MATLAB/SupportPackages/R2022b/3P.instrset/cmsis.instrset/CMSIS/RTOS/RTX/LIB/GCC/libRTX_CM4.a(rt_list.o)
                0x0000592c                rt_rmv_dly
 .text.rt_psq_enq
                0x0000595c       0x44 C:/ProgramData/MATLAB/SupportPackages/R2022b/3P.instrset/cmsis.instrset/CMSIS/RTOS/RTX/LIB/GCC/libRTX_CM4.a(rt_list.o)
                0x0000595c                rt_psq_enq
 .text.rt_evt_wait
                0x000059a0       0x44 C:/ProgramData/MATLAB/SupportPackages/R2022b/3P.instrset/cmsis.instrset/CMSIS/RTOS/RTX/LIB/GCC/libRTX_CM4.a(rt_event.o)
                0x000059a0                rt_evt_wait
 .text.rt_evt_set
                0x000059e4       0x58 C:/ProgramData/MATLAB/SupportPackages/R2022b/3P.instrset/cmsis.instrset/CMSIS/RTOS/RTX/LIB/GCC/libRTX_CM4.a(rt_event.o)
                0x000059e4                rt_evt_set
 .text.rt_evt_clr
                0x00005a3c       0x18 C:/ProgramData/MATLAB/SupportPackages/R2022b/3P.instrset/cmsis.instrset/CMSIS/RTOS/RTX/LIB/GCC/libRTX_CM4.a(rt_event.o)
                0x00005a3c                rt_evt_clr
 .text.isr_evt_set
                0x00005a54       0x24 C:/ProgramData/MATLAB/SupportPackages/R2022b/3P.instrset/cmsis.instrset/CMSIS/RTOS/RTX/LIB/GCC/libRTX_CM4.a(rt_event.o)
                0x00005a54                isr_evt_set
 .text.rt_evt_psh
                0x00005a78       0x50 C:/ProgramData/MATLAB/SupportPackages/R2022b/3P.instrset/cmsis.instrset/CMSIS/RTOS/RTX/LIB/GCC/libRTX_CM4.a(rt_event.o)
                0x00005a78                rt_evt_psh
 .text.rt_psh_req
                0x00005ac8       0x20 C:/ProgramData/MATLAB/SupportPackages/R2022b/3P.instrset/cmsis.instrset/CMSIS/RTOS/RTX/LIB/GCC/libRTX_CM4.a(rt_system.o)
                0x00005ac8                rt_psh_req
 .text.rt_pop_req
                0x00005ae8       0x9c C:/ProgramData/MATLAB/SupportPackages/R2022b/3P.instrset/cmsis.instrset/CMSIS/RTOS/RTX/LIB/GCC/libRTX_CM4.a(rt_system.o)
                0x00005ae8                rt_pop_req
 .text.os_tick_init
                0x00005b84       0x40 C:/ProgramData/MATLAB/SupportPackages/R2022b/3P.instrset/cmsis.instrset/CMSIS/RTOS/RTX/LIB/GCC/libRTX_CM4.a(rt_system.o)
                0x00005b84                os_tick_init
 .text.os_tick_irqack
                0x00005bc4        0x4 C:/ProgramData/MATLAB/SupportPackages/R2022b/3P.instrset/cmsis.instrset/CMSIS/RTOS/RTX/LIB/GCC/libRTX_CM4.a(rt_system.o)
                0x00005bc4                os_tick_irqack
 .text.rt_systick
                0x00005bc8       0x3c C:/ProgramData/MATLAB/SupportPackages/R2022b/3P.instrset/cmsis.instrset/CMSIS/RTOS/RTX/LIB/GCC/libRTX_CM4.a(rt_system.o)
                0x00005bc8                rt_systick
 .text.rt_stk_check
                0x00005c04       0x24 C:/ProgramData/MATLAB/SupportPackages/R2022b/3P.instrset/cmsis.instrset/CMSIS/RTOS/RTX/LIB/GCC/libRTX_CM4.a(rt_system.o)
                0x00005c04                rt_stk_check
 .text.rt_switch_req
                0x00005c28       0x24 C:/ProgramData/MATLAB/SupportPackages/R2022b/3P.instrset/cmsis.instrset/CMSIS/RTOS/RTX/LIB/GCC/libRTX_CM4.a(rt_task.o)
                0x00005c28                rt_switch_req
 .text.rt_dispatch
                0x00005c4c       0x78 C:/ProgramData/MATLAB/SupportPackages/R2022b/3P.instrset/cmsis.instrset/CMSIS/RTOS/RTX/LIB/GCC/libRTX_CM4.a(rt_task.o)
                0x00005c4c                rt_dispatch
 .text.rt_block
                0x00005cc4       0x50 C:/ProgramData/MATLAB/SupportPackages/R2022b/3P.instrset/cmsis.instrset/CMSIS/RTOS/RTX/LIB/GCC/libRTX_CM4.a(rt_task.o)
                0x00005cc4                rt_block
 .text.rt_tsk_self
                0x00005d14       0x10 C:/ProgramData/MATLAB/SupportPackages/R2022b/3P.instrset/cmsis.instrset/CMSIS/RTOS/RTX/LIB/GCC/libRTX_CM4.a(rt_task.o)
                0x00005d14                rt_tsk_self
 .text.rt_tsk_prio
                0x00005d24       0xa0 C:/ProgramData/MATLAB/SupportPackages/R2022b/3P.instrset/cmsis.instrset/CMSIS/RTOS/RTX/LIB/GCC/libRTX_CM4.a(rt_task.o)
                0x00005d24                rt_tsk_prio
 .text.rt_tsk_create
                0x00005dc4       0xc8 C:/ProgramData/MATLAB/SupportPackages/R2022b/3P.instrset/cmsis.instrset/CMSIS/RTOS/RTX/LIB/GCC/libRTX_CM4.a(rt_task.o)
                0x00005dc4                rt_tsk_create
 .text.rt_tsk_delete
                0x00005e8c      0x1bc C:/ProgramData/MATLAB/SupportPackages/R2022b/3P.instrset/cmsis.instrset/CMSIS/RTOS/RTX/LIB/GCC/libRTX_CM4.a(rt_task.o)
                0x00005e8c                rt_tsk_delete
 .text.rt_sys_init
                0x00006048       0xdc C:/ProgramData/MATLAB/SupportPackages/R2022b/3P.instrset/cmsis.instrset/CMSIS/RTOS/RTX/LIB/GCC/libRTX_CM4.a(rt_task.o)
                0x00006048                rt_sys_init
 .text.rt_sys_start
                0x00006124       0x8c C:/ProgramData/MATLAB/SupportPackages/R2022b/3P.instrset/cmsis.instrset/CMSIS/RTOS/RTX/LIB/GCC/libRTX_CM4.a(rt_task.o)
                0x00006124                rt_sys_start
 .text.OSA_TimeInit
                0x000061b0       0x40 C:/ProgramData/MATLAB/SupportPackages/R2022b/toolbox/target/supportpackages/freedomk64f/src/ksdk_armgcc_lib/bm/libksdk_platform.a(fsl_os_abstraction_bm.o)
                0x000061b0                OSA_TimeInit
 .text.OSA_TimeDiff
                0x000061f0        0xe C:/ProgramData/MATLAB/SupportPackages/R2022b/toolbox/target/supportpackages/freedomk64f/src/ksdk_armgcc_lib/bm/libksdk_platform.a(fsl_os_abstraction_bm.o)
                0x000061f0                OSA_TimeDiff
 *fill*         0x000061fe        0x2 
 .text.OSA_SemaPost
                0x00006200       0x3c C:/ProgramData/MATLAB/SupportPackages/R2022b/toolbox/target/supportpackages/freedomk64f/src/ksdk_armgcc_lib/bm/libksdk_platform.a(fsl_os_abstraction_bm.o)
                0x00006200                OSA_SemaPost
 .text.task_init
                0x0000623c       0x38 C:/ProgramData/MATLAB/SupportPackages/R2022b/toolbox/target/supportpackages/freedomk64f/src/ksdk_armgcc_lib/bm/libksdk_platform.a(fsl_os_abstraction_bm.o)
                0x0000623c                task_init
 .text.OSA_TimeGetMsec
                0x00006274        0xc C:/ProgramData/MATLAB/SupportPackages/R2022b/toolbox/target/supportpackages/freedomk64f/src/ksdk_armgcc_lib/bm/libksdk_platform.a(fsl_os_abstraction_bm.o)
                0x00006274                OSA_TimeGetMsec
 .text.OSA_TimeDelay
                0x00006280       0x1c C:/ProgramData/MATLAB/SupportPackages/R2022b/toolbox/target/supportpackages/freedomk64f/src/ksdk_armgcc_lib/bm/libksdk_platform.a(fsl_os_abstraction_bm.o)
                0x00006280                OSA_TimeDelay
 .text.OSA_Init
                0x0000629c        0xe C:/ProgramData/MATLAB/SupportPackages/R2022b/toolbox/target/supportpackages/freedomk64f/src/ksdk_armgcc_lib/bm/libksdk_platform.a(fsl_os_abstraction_bm.o)
                0x0000629c                OSA_Init
 *fill*         0x000062aa        0x2 
 .text.CLOCK_SYS_SetMcgPeeToFbe
                0x000062ac       0x34 C:/ProgramData/MATLAB/SupportPackages/R2022b/toolbox/target/supportpackages/freedomk64f/src/ksdk_armgcc_lib/bm/libksdk_platform.a(fsl_clock_manager.o)
 .text.CLOCK_SYS_SetMcgMode
                0x000062e0      0x124 C:/ProgramData/MATLAB/SupportPackages/R2022b/toolbox/target/supportpackages/freedomk64f/src/ksdk_armgcc_lib/bm/libksdk_platform.a(fsl_clock_manager.o)
                0x000062e0                CLOCK_SYS_SetMcgMode
 .text.CLOCK_SYS_SetOscerConfigration
                0x00006404       0x20 C:/ProgramData/MATLAB/SupportPackages/R2022b/toolbox/target/supportpackages/freedomk64f/src/ksdk_armgcc_lib/bm/libksdk_platform.a(fsl_clock_manager.o)
                0x00006404                CLOCK_SYS_SetOscerConfigration
 .text.CLOCK_SYS_OscInit
                0x00006424       0x98 C:/ProgramData/MATLAB/SupportPackages/R2022b/toolbox/target/supportpackages/freedomk64f/src/ksdk_armgcc_lib/bm/libksdk_platform.a(fsl_clock_manager.o)
                0x00006424                CLOCK_SYS_OscInit
 .text.CLOCK_SYS_RtcOscInit
                0x000064bc       0x6c C:/ProgramData/MATLAB/SupportPackages/R2022b/toolbox/target/supportpackages/freedomk64f/src/ksdk_armgcc_lib/bm/libksdk_platform.a(fsl_clock_manager.o)
                0x000064bc                CLOCK_SYS_RtcOscInit
 .text.SIM_HAL_EnableClock.constprop.0
                0x00006528       0x1c C:/ProgramData/MATLAB/SupportPackages/R2022b/toolbox/target/supportpackages/freedomk64f/src/ksdk_armgcc_lib/bm/libksdk_platform.a(fsl_clock_MK64F12.o)
 .text.CLOCK_SYS_GetCoreClockFreq
                0x00006544       0x24 C:/ProgramData/MATLAB/SupportPackages/R2022b/toolbox/target/supportpackages/freedomk64f/src/ksdk_armgcc_lib/bm/libksdk_platform.a(fsl_clock_MK64F12.o)
                0x00006544                CLOCK_SYS_GetCoreClockFreq
 .text.CLOCK_SYS_SetConfiguration
                0x00006568       0x94 C:/ProgramData/MATLAB/SupportPackages/R2022b/toolbox/target/supportpackages/freedomk64f/src/ksdk_armgcc_lib/bm/libksdk_platform.a(fsl_clock_MK64F12.o)
                0x00006568                CLOCK_SYS_SetConfiguration
 .text.CLOCK_SYS_FllStableDelay
                0x000065fc       0x18 C:/ProgramData/MATLAB/SupportPackages/R2022b/toolbox/target/supportpackages/freedomk64f/src/ksdk_armgcc_lib/bm/libksdk_platform.a(fsl_clock_MK64F12.o)
 .text.CLOCK_SYS_GetBusClockFreq
                0x00006614       0x24 C:/ProgramData/MATLAB/SupportPackages/R2022b/toolbox/target/supportpackages/freedomk64f/src/ksdk_armgcc_lib/bm/libksdk_platform.a(fsl_clock_MK64F12.o)
                0x00006614                CLOCK_SYS_GetBusClockFreq
 .text.CLOCK_SYS_GetFtmExternalFreq
                0x00006638       0x20 C:/ProgramData/MATLAB/SupportPackages/R2022b/toolbox/target/supportpackages/freedomk64f/src/ksdk_armgcc_lib/bm/libksdk_platform.a(fsl_clock_MK64F12.o)
                0x00006638                CLOCK_SYS_GetFtmExternalFreq
 .text.CLOCK_SYS_EnablePortClock
                0x00006658       0x30 C:/ProgramData/MATLAB/SupportPackages/R2022b/toolbox/target/supportpackages/freedomk64f/src/ksdk_armgcc_lib/bm/libksdk_platform.a(fsl_clock_MK64F12.o)
                0x00006658                CLOCK_SYS_EnablePortClock
 .text.CLOCK_SYS_EnableFtmClock
                0x00006688       0x30 C:/ProgramData/MATLAB/SupportPackages/R2022b/toolbox/target/supportpackages/freedomk64f/src/ksdk_armgcc_lib/bm/libksdk_platform.a(fsl_clock_MK64F12.o)
                0x00006688                CLOCK_SYS_EnableFtmClock
 .text.CLOCK_SYS_EnableI2cClock
                0x000066b8       0x30 C:/ProgramData/MATLAB/SupportPackages/R2022b/toolbox/target/supportpackages/freedomk64f/src/ksdk_armgcc_lib/bm/libksdk_platform.a(fsl_clock_MK64F12.o)
                0x000066b8                CLOCK_SYS_EnableI2cClock
 .text.INT_SYS_EnableIRQGlobal
                0x000066e8       0x14 C:/ProgramData/MATLAB/SupportPackages/R2022b/toolbox/target/supportpackages/freedomk64f/src/ksdk_armgcc_lib/bm/libksdk_platform.a(fsl_interrupt_manager.o)
                0x000066e8                INT_SYS_EnableIRQGlobal
 .text.INT_SYS_DisableIRQGlobal
                0x000066fc       0x10 C:/ProgramData/MATLAB/SupportPackages/R2022b/toolbox/target/supportpackages/freedomk64f/src/ksdk_armgcc_lib/bm/libksdk_platform.a(fsl_interrupt_manager.o)
                0x000066fc                INT_SYS_DisableIRQGlobal
 .text.EDMA_DRV_IRQHandler
                0x0000670c       0x30 C:/ProgramData/MATLAB/SupportPackages/R2022b/toolbox/target/supportpackages/freedomk64f/src/ksdk_armgcc_lib/bm/libksdk_platform.a(fsl_edma_driver.o)
                0x0000670c                EDMA_DRV_IRQHandler
 .text.EDMA_DRV_ErrorIRQHandler
                0x0000673c       0x8c C:/ProgramData/MATLAB/SupportPackages/R2022b/toolbox/target/supportpackages/freedomk64f/src/ksdk_armgcc_lib/bm/libksdk_platform.a(fsl_edma_driver.o)
                0x0000673c                EDMA_DRV_ErrorIRQHandler
 .text.FTM_HAL_SetClockSource
                0x000067c8       0x12 C:/ProgramData/MATLAB/SupportPackages/R2022b/toolbox/target/supportpackages/freedomk64f/src/ksdk_armgcc_lib/bm/libksdk_platform.a(fsl_ftm_driver.o)
 *fill*         0x000067da        0x2 
 .text.FTM_HAL_SetChnCountVal.part.0
                0x000067dc       0x1c C:/ProgramData/MATLAB/SupportPackages/R2022b/toolbox/target/supportpackages/freedomk64f/src/ksdk_armgcc_lib/bm/libksdk_platform.a(fsl_ftm_driver.o)
 .text.FTM_DRV_Init
                0x000067f8      0x10c C:/ProgramData/MATLAB/SupportPackages/R2022b/toolbox/target/supportpackages/freedomk64f/src/ksdk_armgcc_lib/bm/libksdk_platform.a(fsl_ftm_driver.o)
                0x000067f8                FTM_DRV_Init
 .text.FTM_DRV_SetClock
                0x00006904       0x54 C:/ProgramData/MATLAB/SupportPackages/R2022b/toolbox/target/supportpackages/freedomk64f/src/ksdk_armgcc_lib/bm/libksdk_platform.a(fsl_ftm_driver.o)
                0x00006904                FTM_DRV_SetClock
 .text.FTM_DRV_GetClock
                0x00006958       0x68 C:/ProgramData/MATLAB/SupportPackages/R2022b/toolbox/target/supportpackages/freedomk64f/src/ksdk_armgcc_lib/bm/libksdk_platform.a(fsl_ftm_driver.o)
                0x00006958                FTM_DRV_GetClock
 .text.FTM_DRV_PwmStart
                0x000069c0      0x1cc C:/ProgramData/MATLAB/SupportPackages/R2022b/toolbox/target/supportpackages/freedomk64f/src/ksdk_armgcc_lib/bm/libksdk_platform.a(fsl_ftm_driver.o)
                0x000069c0                FTM_DRV_PwmStart
 .text.PORT_HAL_SetMuxMode.part.0
                0x00006b8c       0x1c C:/ProgramData/MATLAB/SupportPackages/R2022b/toolbox/target/supportpackages/freedomk64f/src/ksdk_armgcc_lib/bm/libksdk_platform.a(fsl_gpio_driver.o)
 .text.GPIO_DRV_InputPinInit
                0x00006ba8       0xe4 C:/ProgramData/MATLAB/SupportPackages/R2022b/toolbox/target/supportpackages/freedomk64f/src/ksdk_armgcc_lib/bm/libksdk_platform.a(fsl_gpio_driver.o)
                0x00006ba8                GPIO_DRV_InputPinInit
 .text.GPIO_DRV_OutputPinInit
                0x00006c8c       0x78 C:/ProgramData/MATLAB/SupportPackages/R2022b/toolbox/target/supportpackages/freedomk64f/src/ksdk_armgcc_lib/bm/libksdk_platform.a(fsl_gpio_driver.o)
                0x00006c8c                GPIO_DRV_OutputPinInit
 .text.GPIO_DRV_WritePinOutput
                0x00006d04       0x1c C:/ProgramData/MATLAB/SupportPackages/R2022b/toolbox/target/supportpackages/freedomk64f/src/ksdk_armgcc_lib/bm/libksdk_platform.a(fsl_gpio_driver.o)
                0x00006d04                GPIO_DRV_WritePinOutput
 .text.I2C_HAL_Init
                0x00006d20       0x1c C:/ProgramData/MATLAB/SupportPackages/R2022b/toolbox/target/supportpackages/freedomk64f/src/ksdk_armgcc_lib/bm/libksdk_platform.a(fsl_i2c_hal.o)
                0x00006d20                I2C_HAL_Init
 .text.I2C_HAL_SetBaudRate
                0x00006d3c       0x70 C:/ProgramData/MATLAB/SupportPackages/R2022b/toolbox/target/supportpackages/freedomk64f/src/ksdk_armgcc_lib/bm/libksdk_platform.a(fsl_i2c_hal.o)
                0x00006d3c                I2C_HAL_SetBaudRate
 .text.I2C_HAL_SendStart
                0x00006dac       0x20 C:/ProgramData/MATLAB/SupportPackages/R2022b/toolbox/target/supportpackages/freedomk64f/src/ksdk_armgcc_lib/bm/libksdk_platform.a(fsl_i2c_hal.o)
                0x00006dac                I2C_HAL_SendStart
 .text.I2C_HAL_SendStop
                0x00006dcc       0x50 C:/ProgramData/MATLAB/SupportPackages/R2022b/toolbox/target/supportpackages/freedomk64f/src/ksdk_armgcc_lib/bm/libksdk_platform.a(fsl_i2c_hal.o)
                0x00006dcc                I2C_HAL_SendStop
 .text.LPTMR_HAL_SetTimerWorkingMode
                0x00006e1c       0x3c C:/ProgramData/MATLAB/SupportPackages/R2022b/toolbox/target/supportpackages/freedomk64f/src/ksdk_armgcc_lib/bm/libksdk_platform.a(fsl_lptmr_hal.o)
                0x00006e1c                LPTMR_HAL_SetTimerWorkingMode
 .text.LPTMR_HAL_SetPrescalerMode
                0x00006e58       0x1c C:/ProgramData/MATLAB/SupportPackages/R2022b/toolbox/target/supportpackages/freedomk64f/src/ksdk_armgcc_lib/bm/libksdk_platform.a(fsl_lptmr_hal.o)
                0x00006e58                LPTMR_HAL_SetPrescalerMode
 .text.LPTMR_HAL_GetCounterValue
                0x00006e74        0xe C:/ProgramData/MATLAB/SupportPackages/R2022b/toolbox/target/supportpackages/freedomk64f/src/ksdk_armgcc_lib/bm/libksdk_platform.a(fsl_lptmr_hal.o)
                0x00006e74                LPTMR_HAL_GetCounterValue
 *fill*         0x00006e82        0x2 
 .text.CLOCK_HAL_TestOscFreq
                0x00006e84       0x28 C:/ProgramData/MATLAB/SupportPackages/R2022b/toolbox/target/supportpackages/freedomk64f/src/ksdk_armgcc_lib/bm/libksdk_platform.a(fsl_mcg_hal.o)
                0x00006e84                CLOCK_HAL_TestOscFreq
 .text.CLOCK_HAL_GetMcgExternalClkFreq
                0x00006eac        0xa C:/ProgramData/MATLAB/SupportPackages/R2022b/toolbox/target/supportpackages/freedomk64f/src/ksdk_armgcc_lib/bm/libksdk_platform.a(fsl_mcg_hal.o)
 .text.CLOCK_HAL_TestFllExternalRefFreq
                0x00006eb6       0x2c C:/ProgramData/MATLAB/SupportPackages/R2022b/toolbox/target/supportpackages/freedomk64f/src/ksdk_armgcc_lib/bm/libksdk_platform.a(fsl_mcg_hal.o)
                0x00006eb6                CLOCK_HAL_TestFllExternalRefFreq
 *fill*         0x00006ee2        0x2 
 .text.CLOCK_HAL_GetFllRefClk
                0x00006ee4       0x40 C:/ProgramData/MATLAB/SupportPackages/R2022b/toolbox/target/supportpackages/freedomk64f/src/ksdk_armgcc_lib/bm/libksdk_platform.a(fsl_mcg_hal.o)
                0x00006ee4                CLOCK_HAL_GetFllRefClk
 .text.CLOCK_HAL_TestFllFreq
                0x00006f24       0x34 C:/ProgramData/MATLAB/SupportPackages/R2022b/toolbox/target/supportpackages/freedomk64f/src/ksdk_armgcc_lib/bm/libksdk_platform.a(fsl_mcg_hal.o)
                0x00006f24                CLOCK_HAL_TestFllFreq
 .text.CLOCK_HAL_GetFllClk
                0x00006f58       0x3c C:/ProgramData/MATLAB/SupportPackages/R2022b/toolbox/target/supportpackages/freedomk64f/src/ksdk_armgcc_lib/bm/libksdk_platform.a(fsl_mcg_hal.o)
                0x00006f58                CLOCK_HAL_GetFllClk
 .text.CLOCK_HAL_UpdateFastClkInternalRefDiv
                0x00006f94       0x58 C:/ProgramData/MATLAB/SupportPackages/R2022b/toolbox/target/supportpackages/freedomk64f/src/ksdk_armgcc_lib/bm/libksdk_platform.a(fsl_mcg_hal.o)
                0x00006f94                CLOCK_HAL_UpdateFastClkInternalRefDiv
 .text.CLOCK_HAL_GetPll0Clk
                0x00006fec       0x48 C:/ProgramData/MATLAB/SupportPackages/R2022b/toolbox/target/supportpackages/freedomk64f/src/ksdk_armgcc_lib/bm/libksdk_platform.a(fsl_mcg_hal.o)
                0x00006fec                CLOCK_HAL_GetPll0Clk
 .text.CLOCK_HAL_EnablePll0InFllMode
                0x00007034       0x38 C:/ProgramData/MATLAB/SupportPackages/R2022b/toolbox/target/supportpackages/freedomk64f/src/ksdk_armgcc_lib/bm/libksdk_platform.a(fsl_mcg_hal.o)
                0x00007034                CLOCK_HAL_EnablePll0InFllMode
 .text.CLOCK_HAL_GetInternalRefClk
                0x0000706c       0x40 C:/ProgramData/MATLAB/SupportPackages/R2022b/toolbox/target/supportpackages/freedomk64f/src/ksdk_armgcc_lib/bm/libksdk_platform.a(fsl_mcg_hal.o)
                0x0000706c                CLOCK_HAL_GetInternalRefClk
 .text.CLOCK_HAL_GetOutClk
                0x000070ac       0x22 C:/ProgramData/MATLAB/SupportPackages/R2022b/toolbox/target/supportpackages/freedomk64f/src/ksdk_armgcc_lib/bm/libksdk_platform.a(fsl_mcg_hal.o)
                0x000070ac                CLOCK_HAL_GetOutClk
 .text.CLOCK_HAL_GetFixedFreqClk
                0x000070ce       0x20 C:/ProgramData/MATLAB/SupportPackages/R2022b/toolbox/target/supportpackages/freedomk64f/src/ksdk_armgcc_lib/bm/libksdk_platform.a(fsl_mcg_hal.o)
                0x000070ce                CLOCK_HAL_GetFixedFreqClk
 .text.CLOCK_HAL_SetOsc0Mode
                0x000070ee       0x24 C:/ProgramData/MATLAB/SupportPackages/R2022b/toolbox/target/supportpackages/freedomk64f/src/ksdk_armgcc_lib/bm/libksdk_platform.a(fsl_mcg_hal.o)
                0x000070ee                CLOCK_HAL_SetOsc0Mode
 *fill*         0x00007112        0x2 
 .text.CLOCK_HAL_PrepareOsc
                0x00007114       0x30 C:/ProgramData/MATLAB/SupportPackages/R2022b/toolbox/target/supportpackages/freedomk64f/src/ksdk_armgcc_lib/bm/libksdk_platform.a(fsl_mcg_hal_modes.o)
 .text.CLOCK_HAL_GetMcgMode
                0x00007144       0x7c C:/ProgramData/MATLAB/SupportPackages/R2022b/toolbox/target/supportpackages/freedomk64f/src/ksdk_armgcc_lib/bm/libksdk_platform.a(fsl_mcg_hal_modes.o)
                0x00007144                CLOCK_HAL_GetMcgMode
 .text.CLOCK_HAL_SetFbiMode
                0x000071c0       0xc0 C:/ProgramData/MATLAB/SupportPackages/R2022b/toolbox/target/supportpackages/freedomk64f/src/ksdk_armgcc_lib/bm/libksdk_platform.a(fsl_mcg_hal_modes.o)
                0x000071c0                CLOCK_HAL_SetFbiMode
 .text.CLOCK_HAL_SetFbeMode
                0x00007280       0xf0 C:/ProgramData/MATLAB/SupportPackages/R2022b/toolbox/target/supportpackages/freedomk64f/src/ksdk_armgcc_lib/bm/libksdk_platform.a(fsl_mcg_hal_modes.o)
                0x00007280                CLOCK_HAL_SetFbeMode
 .text.CLOCK_HAL_SetPbeMode
                0x00007370       0xd8 C:/ProgramData/MATLAB/SupportPackages/R2022b/toolbox/target/supportpackages/freedomk64f/src/ksdk_armgcc_lib/bm/libksdk_platform.a(fsl_mcg_hal_modes.o)
                0x00007370                CLOCK_HAL_SetPbeMode
 .text.OSC_HAL_SetCapacitor
                0x00007448        0xe C:/ProgramData/MATLAB/SupportPackages/R2022b/toolbox/target/supportpackages/freedomk64f/src/ksdk_armgcc_lib/bm/libksdk_platform.a(fsl_osc_hal.o)
                0x00007448                OSC_HAL_SetCapacitor
 .text.CLOCK_HAL_SetOutDiv
                0x00007456       0x28 C:/ProgramData/MATLAB/SupportPackages/R2022b/toolbox/target/supportpackages/freedomk64f/src/ksdk_armgcc_lib/bm/libksdk_platform.a(fsl_sim_hal_MK64F12.o)
                0x00007456                CLOCK_HAL_SetOutDiv
 *fill*         0x0000747e        0x2 
 .text.SIM_HAL_GetFtmExternalClkPinMode
                0x00007480       0x70 C:/ProgramData/MATLAB/SupportPackages/R2022b/toolbox/target/supportpackages/freedomk64f/src/ksdk_armgcc_lib/bm/libksdk_platform.a(fsl_sim_hal_MK64F12.o)
                0x00007480                SIM_HAL_GetFtmExternalClkPinMode
 .text.UART_DRV_CompleteSendData
                0x000074f0       0x54 C:/ProgramData/MATLAB/SupportPackages/R2022b/toolbox/target/supportpackages/freedomk64f/src/ksdk_armgcc_lib/bm/libksdk_platform.a(fsl_uart_driver.o)
 .text.UART_DRV_CompleteReceiveData
                0x00007544       0x5c C:/ProgramData/MATLAB/SupportPackages/R2022b/toolbox/target/supportpackages/freedomk64f/src/ksdk_armgcc_lib/bm/libksdk_platform.a(fsl_uart_driver.o)
 .text.UART_DRV_IRQHandler
                0x000075a0       0xdc C:/ProgramData/MATLAB/SupportPackages/R2022b/toolbox/target/supportpackages/freedomk64f/src/ksdk_armgcc_lib/bm/libksdk_platform.a(fsl_uart_driver.o)
                0x000075a0                UART_DRV_IRQHandler
 .text.EDMA_HAL_SetDmaRequestCmd
                0x0000767c        0xa C:/ProgramData/MATLAB/SupportPackages/R2022b/toolbox/target/supportpackages/freedomk64f/src/ksdk_armgcc_lib/bm/libksdk_platform.a(fsl_edma_hal.o)
                0x0000767c                EDMA_HAL_SetDmaRequestCmd
 *fill*         0x00007686        0x2 
 .text.FTM_HAL_SetChnEdgeLevel.part.0
                0x00007688       0x1c C:/ProgramData/MATLAB/SupportPackages/R2022b/toolbox/target/supportpackages/freedomk64f/src/ksdk_armgcc_lib/bm/libksdk_platform.a(fsl_ftm_hal.o)
 .text.FTM_HAL_Init
                0x000076a4       0x3c C:/ProgramData/MATLAB/SupportPackages/R2022b/toolbox/target/supportpackages/freedomk64f/src/ksdk_armgcc_lib/bm/libksdk_platform.a(fsl_ftm_hal.o)
                0x000076a4                FTM_HAL_Init
 .text.FTM_HAL_SetSyncMode
                0x000076e0       0x98 C:/ProgramData/MATLAB/SupportPackages/R2022b/toolbox/target/supportpackages/freedomk64f/src/ksdk_armgcc_lib/bm/libksdk_platform.a(fsl_ftm_hal.o)
                0x000076e0                FTM_HAL_SetSyncMode
 .text.FTM_HAL_Reset
                0x00007778       0x3e C:/ProgramData/MATLAB/SupportPackages/R2022b/toolbox/target/supportpackages/freedomk64f/src/ksdk_armgcc_lib/bm/libksdk_platform.a(fsl_ftm_hal.o)
                0x00007778                FTM_HAL_Reset
 .text.FTM_HAL_GetChnPairIndex
                0x000077b6       0x1e C:/ProgramData/MATLAB/SupportPackages/R2022b/toolbox/target/supportpackages/freedomk64f/src/ksdk_armgcc_lib/bm/libksdk_platform.a(fsl_ftm_hal.o)
                0x000077b6                FTM_HAL_GetChnPairIndex
 .text.FTM_HAL_EnablePwmMode
                0x000077d4       0xd8 C:/ProgramData/MATLAB/SupportPackages/R2022b/toolbox/target/supportpackages/freedomk64f/src/ksdk_armgcc_lib/bm/libksdk_platform.a(fsl_ftm_hal.o)
                0x000077d4                FTM_HAL_EnablePwmMode
 .text.GPIO_HAL_SetPinDir
                0x000078ac       0x34 C:/ProgramData/MATLAB/SupportPackages/R2022b/toolbox/target/supportpackages/freedomk64f/src/ksdk_armgcc_lib/bm/libksdk_platform.a(fsl_gpio_hal.o)
                0x000078ac                GPIO_HAL_SetPinDir
 .text.GPIO_HAL_WritePinOutput
                0x000078e0       0x30 C:/ProgramData/MATLAB/SupportPackages/R2022b/toolbox/target/supportpackages/freedomk64f/src/ksdk_armgcc_lib/bm/libksdk_platform.a(fsl_gpio_hal.o)
                0x000078e0                GPIO_HAL_WritePinOutput
 .text.UART_HAL_Putchar
                0x00007910        0x6 C:/ProgramData/MATLAB/SupportPackages/R2022b/toolbox/target/supportpackages/freedomk64f/src/ksdk_armgcc_lib/bm/libksdk_platform.a(fsl_uart_hal.o)
                0x00007910                UART_HAL_Putchar
 .text.UART_HAL_Getchar
                0x00007916        0x8 C:/ProgramData/MATLAB/SupportPackages/R2022b/toolbox/target/supportpackages/freedomk64f/src/ksdk_armgcc_lib/bm/libksdk_platform.a(fsl_uart_hal.o)
                0x00007916                UART_HAL_Getchar
 .text.UART_HAL_SetIntMode
                0x0000791e       0x66 C:/ProgramData/MATLAB/SupportPackages/R2022b/toolbox/target/supportpackages/freedomk64f/src/ksdk_armgcc_lib/bm/libksdk_platform.a(fsl_uart_hal.o)
                0x0000791e                UART_HAL_SetIntMode
 .text.UART_HAL_GetStatusFlag
                0x00007984       0x30 C:/ProgramData/MATLAB/SupportPackages/R2022b/toolbox/target/supportpackages/freedomk64f/src/ksdk_armgcc_lib/bm/libksdk_platform.a(fsl_uart_hal.o)
                0x00007984                UART_HAL_GetStatusFlag
 .text.UART_HAL_ClearStatusFlag
                0x000079b4       0x7a C:/ProgramData/MATLAB/SupportPackages/R2022b/toolbox/target/supportpackages/freedomk64f/src/ksdk_armgcc_lib/bm/libksdk_platform.a(fsl_uart_hal.o)
                0x000079b4                UART_HAL_ClearStatusFlag
 *fill*         0x00007a2e        0x2 
 .text.ceil     0x00007a30      0x100 c:/progra~3/matlab/suppor~1/r2022b/3p778c~1.ins/gnuarm~1.ins/win/bin/../lib/gcc/arm-none-eabi/9.3.1/../../../../arm-none-eabi/lib/thumb/v7e-m+fp/hard\libm.a(lib_a-s_ceil.o)
                0x00007a30                ceil
 .text.fabs     0x00007b30       0x14 c:/progra~3/matlab/suppor~1/r2022b/3p778c~1.ins/gnuarm~1.ins/win/bin/../lib/gcc/arm-none-eabi/9.3.1/../../../../arm-none-eabi/lib/thumb/v7e-m+fp/hard\libm.a(lib_a-s_fabs.o)
                0x00007b30                fabs
 *fill*         0x00007b44        0x4 
 .text.floor    0x00007b48      0x108 c:/progra~3/matlab/suppor~1/r2022b/3p778c~1.ins/gnuarm~1.ins/win/bin/../lib/gcc/arm-none-eabi/9.3.1/../../../../arm-none-eabi/lib/thumb/v7e-m+fp/hard\libm.a(lib_a-s_floor.o)
                0x00007b48                floor
 .text.fmod     0x00007c50       0x88 c:/progra~3/matlab/suppor~1/r2022b/3p778c~1.ins/gnuarm~1.ins/win/bin/../lib/gcc/arm-none-eabi/9.3.1/../../../../arm-none-eabi/lib/thumb/v7e-m+fp/hard\libm.a(lib_a-w_fmod.o)
                0x00007c50                fmod
 .text.pow      0x00007cd8      0x1a4 c:/progra~3/matlab/suppor~1/r2022b/3p778c~1.ins/gnuarm~1.ins/win/bin/../lib/gcc/arm-none-eabi/9.3.1/../../../../arm-none-eabi/lib/thumb/v7e-m+fp/hard\libm.a(lib_a-w_pow.o)
                0x00007cd8                pow
 .text.sqrt     0x00007e7c       0x74 c:/progra~3/matlab/suppor~1/r2022b/3p778c~1.ins/gnuarm~1.ins/win/bin/../lib/gcc/arm-none-eabi/9.3.1/../../../../arm-none-eabi/lib/thumb/v7e-m+fp/hard\libm.a(lib_a-w_sqrt.o)
                0x00007e7c                sqrt
 .text.__ieee754_fmod
                0x00007ef0      0x280 c:/progra~3/matlab/suppor~1/r2022b/3p778c~1.ins/gnuarm~1.ins/win/bin/../lib/gcc/arm-none-eabi/9.3.1/../../../../arm-none-eabi/lib/thumb/v7e-m+fp/hard\libm.a(lib_a-e_fmod.o)
                0x00007ef0                __ieee754_fmod
 .text.__ieee754_pow
                0x00008170      0xbb4 c:/progra~3/matlab/suppor~1/r2022b/3p778c~1.ins/gnuarm~1.ins/win/bin/../lib/gcc/arm-none-eabi/9.3.1/../../../../arm-none-eabi/lib/thumb/v7e-m+fp/hard\libm.a(lib_a-e_pow.o)
                0x00008170                __ieee754_pow
 .text.__ieee754_sqrt
                0x00008d24      0x188 c:/progra~3/matlab/suppor~1/r2022b/3p778c~1.ins/gnuarm~1.ins/win/bin/../lib/gcc/arm-none-eabi/9.3.1/../../../../arm-none-eabi/lib/thumb/v7e-m+fp/hard\libm.a(lib_a-e_sqrt.o)
                0x00008d24                __ieee754_sqrt
 .text.finite   0x00008eac       0x18 c:/progra~3/matlab/suppor~1/r2022b/3p778c~1.ins/gnuarm~1.ins/win/bin/../lib/gcc/arm-none-eabi/9.3.1/../../../../arm-none-eabi/lib/thumb/v7e-m+fp/hard\libm.a(lib_a-s_finite.o)
                0x00008eac                finite
 *fill*         0x00008ec4        0x4 
 .text.nan      0x00008ec8       0x10 c:/progra~3/matlab/suppor~1/r2022b/3p778c~1.ins/gnuarm~1.ins/win/bin/../lib/gcc/arm-none-eabi/9.3.1/../../../../arm-none-eabi/lib/thumb/v7e-m+fp/hard\libm.a(lib_a-s_nan.o)
                0x00008ec8                nan
 .text.rint     0x00008ed8      0x124 c:/progra~3/matlab/suppor~1/r2022b/3p778c~1.ins/gnuarm~1.ins/win/bin/../lib/gcc/arm-none-eabi/9.3.1/../../../../arm-none-eabi/lib/thumb/v7e-m+fp/hard\libm.a(lib_a-s_rint.o)
                0x00008ed8                rint
 *fill*         0x00008ffc        0x4 
 .text.scalbn   0x00009000      0x124 c:/progra~3/matlab/suppor~1/r2022b/3p778c~1.ins/gnuarm~1.ins/win/bin/../lib/gcc/arm-none-eabi/9.3.1/../../../../arm-none-eabi/lib/thumb/v7e-m+fp/hard\libm.a(lib_a-s_scalbn.o)
                0x00009000                scalbn
 .text.abort    0x00009124       0x10 c:/progra~3/matlab/suppor~1/r2022b/3p778c~1.ins/gnuarm~1.ins/win/bin/../lib/gcc/arm-none-eabi/9.3.1/../../../../arm-none-eabi/lib/thumb/v7e-m+fp/hard\libg.a(lib_a-abort.o)
                0x00009124                abort
 .text.__assert_func
                0x00009134       0x3c c:/progra~3/matlab/suppor~1/r2022b/3p778c~1.ins/gnuarm~1.ins/win/bin/../lib/gcc/arm-none-eabi/9.3.1/../../../../arm-none-eabi/lib/thumb/v7e-m+fp/hard\libg.a(lib_a-assert.o)
                0x00009134                __assert_func
 .text.atexit   0x00009170        0xc c:/progra~3/matlab/suppor~1/r2022b/3p778c~1.ins/gnuarm~1.ins/win/bin/../lib/gcc/arm-none-eabi/9.3.1/../../../../arm-none-eabi/lib/thumb/v7e-m+fp/hard\libg.a(lib_a-atexit.o)
                0x00009170                atexit
 .text.__errno  0x0000917c        0xc c:/progra~3/matlab/suppor~1/r2022b/3p778c~1.ins/gnuarm~1.ins/win/bin/../lib/gcc/arm-none-eabi/9.3.1/../../../../arm-none-eabi/lib/thumb/v7e-m+fp/hard\libg.a(lib_a-errno.o)
                0x0000917c                __errno
 .text.exit     0x00009188       0x20 c:/progra~3/matlab/suppor~1/r2022b/3p778c~1.ins/gnuarm~1.ins/win/bin/../lib/gcc/arm-none-eabi/9.3.1/../../../../arm-none-eabi/lib/thumb/v7e-m+fp/hard\libg.a(lib_a-exit.o)
                0x00009188                exit
 .text.__libc_fini_array
                0x000091a8       0x2c c:/progra~3/matlab/suppor~1/r2022b/3p778c~1.ins/gnuarm~1.ins/win/bin/../lib/gcc/arm-none-eabi/9.3.1/../../../../arm-none-eabi/lib/thumb/v7e-m+fp/hard\libg.a(lib_a-fini.o)
                0x000091a8                __libc_fini_array
 .text.fiprintf
                0x000091d4       0x28 c:/progra~3/matlab/suppor~1/r2022b/3p778c~1.ins/gnuarm~1.ins/win/bin/../lib/gcc/arm-none-eabi/9.3.1/../../../../arm-none-eabi/lib/thumb/v7e-m+fp/hard\libg.a(lib_a-fiprintf.o)
                0x000091d4                fiprintf
 .text.__libc_init_array
                0x000091fc       0x48 c:/progra~3/matlab/suppor~1/r2022b/3p778c~1.ins/gnuarm~1.ins/win/bin/../lib/gcc/arm-none-eabi/9.3.1/../../../../arm-none-eabi/lib/thumb/v7e-m+fp/hard\libg.a(lib_a-init.o)
                0x000091fc                __libc_init_array
 .text._malloc_r
                0x00009244      0x574 c:/progra~3/matlab/suppor~1/r2022b/3p778c~1.ins/gnuarm~1.ins/win/bin/../lib/gcc/arm-none-eabi/9.3.1/../../../../arm-none-eabi/lib/thumb/v7e-m+fp/hard\libg.a(lib_a-mallocr.o)
                0x00009244                _malloc_r
 .text.memset   0x000097b8       0xa0 c:/progra~3/matlab/suppor~1/r2022b/3p778c~1.ins/gnuarm~1.ins/win/bin/../lib/gcc/arm-none-eabi/9.3.1/../../../../arm-none-eabi/lib/thumb/v7e-m+fp/hard\libg.a(lib_a-memset.o)
                0x000097b8                memset
 .text.__malloc_lock
                0x00009858        0xc c:/progra~3/matlab/suppor~1/r2022b/3p778c~1.ins/gnuarm~1.ins/win/bin/../lib/gcc/arm-none-eabi/9.3.1/../../../../arm-none-eabi/lib/thumb/v7e-m+fp/hard\libg.a(lib_a-mlock.o)
                0x00009858                __malloc_lock
 .text.__malloc_unlock
                0x00009864        0xc c:/progra~3/matlab/suppor~1/r2022b/3p778c~1.ins/gnuarm~1.ins/win/bin/../lib/gcc/arm-none-eabi/9.3.1/../../../../arm-none-eabi/lib/thumb/v7e-m+fp/hard\libg.a(lib_a-mlock.o)
                0x00009864                __malloc_unlock
 .text._sbrk_r  0x00009870       0x24 c:/progra~3/matlab/suppor~1/r2022b/3p778c~1.ins/gnuarm~1.ins/win/bin/../lib/gcc/arm-none-eabi/9.3.1/../../../../arm-none-eabi/lib/thumb/v7e-m+fp/hard\libg.a(lib_a-sbrkr.o)
                0x00009870                _sbrk_r
 .text._raise_r
                0x00009894       0x58 c:/progra~3/matlab/suppor~1/r2022b/3p778c~1.ins/gnuarm~1.ins/win/bin/../lib/gcc/arm-none-eabi/9.3.1/../../../../arm-none-eabi/lib/thumb/v7e-m+fp/hard\libg.a(lib_a-signal.o)
                0x00009894                _raise_r
 .text.raise    0x000098ec       0x10 c:/progra~3/matlab/suppor~1/r2022b/3p778c~1.ins/gnuarm~1.ins/win/bin/../lib/gcc/arm-none-eabi/9.3.1/../../../../arm-none-eabi/lib/thumb/v7e-m+fp/hard\libg.a(lib_a-signal.o)
                0x000098ec                raise
 .text._kill_r  0x000098fc       0x2c c:/progra~3/matlab/suppor~1/r2022b/3p778c~1.ins/gnuarm~1.ins/win/bin/../lib/gcc/arm-none-eabi/9.3.1/../../../../arm-none-eabi/lib/thumb/v7e-m+fp/hard\libg.a(lib_a-signalr.o)
                0x000098fc                _kill_r
 .text._getpid_r
                0x00009928        0x4 c:/progra~3/matlab/suppor~1/r2022b/3p778c~1.ins/gnuarm~1.ins/win/bin/../lib/gcc/arm-none-eabi/9.3.1/../../../../arm-none-eabi/lib/thumb/v7e-m+fp/hard\libg.a(lib_a-signalr.o)
                0x00009928                _getpid_r
 .text.__sprint_r.part.0
                0x0000992c       0x78 c:/progra~3/matlab/suppor~1/r2022b/3p778c~1.ins/gnuarm~1.ins/win/bin/../lib/gcc/arm-none-eabi/9.3.1/../../../../arm-none-eabi/lib/thumb/v7e-m+fp/hard\libg.a(lib_a-vfiprintf.o)
 .text._vfiprintf_r
                0x000099a4      0xd4c c:/progra~3/matlab/suppor~1/r2022b/3p778c~1.ins/gnuarm~1.ins/win/bin/../lib/gcc/arm-none-eabi/9.3.1/../../../../arm-none-eabi/lib/thumb/v7e-m+fp/hard\libg.a(lib_a-vfiprintf.o)
                0x000099a4                _vfiprintf_r
 .text.__sbprintf
                0x0000a6f0       0x84 c:/progra~3/matlab/suppor~1/r2022b/3p778c~1.ins/gnuarm~1.ins/win/bin/../lib/gcc/arm-none-eabi/9.3.1/../../../../arm-none-eabi/lib/thumb/v7e-m+fp/hard\libg.a(lib_a-vfiprintf.o)
 .text.__swsetup_r
                0x0000a774       0xd0 c:/progra~3/matlab/suppor~1/r2022b/3p778c~1.ins/gnuarm~1.ins/win/bin/../lib/gcc/arm-none-eabi/9.3.1/../../../../arm-none-eabi/lib/thumb/v7e-m+fp/hard\libg.a(lib_a-wsetup.o)
                0x0000a774                __swsetup_r
 .text.__register_exitproc
                0x0000a844       0x8c c:/progra~3/matlab/suppor~1/r2022b/3p778c~1.ins/gnuarm~1.ins/win/bin/../lib/gcc/arm-none-eabi/9.3.1/../../../../arm-none-eabi/lib/thumb/v7e-m+fp/hard\libg.a(lib_a-__atexit.o)
                0x0000a844                __register_exitproc
 .text.startup.register_fini
                0x0000a8d0       0x14 c:/progra~3/matlab/suppor~1/r2022b/3p778c~1.ins/gnuarm~1.ins/win/bin/../lib/gcc/arm-none-eabi/9.3.1/../../../../arm-none-eabi/lib/thumb/v7e-m+fp/hard\libg.a(lib_a-__call_atexit.o)
 .text.__call_exitprocs
                0x0000a8e4       0xcc c:/progra~3/matlab/suppor~1/r2022b/3p778c~1.ins/gnuarm~1.ins/win/bin/../lib/gcc/arm-none-eabi/9.3.1/../../../../arm-none-eabi/lib/thumb/v7e-m+fp/hard\libg.a(lib_a-__call_atexit.o)
                0x0000a8e4                __call_exitprocs
 .text.__sflush_r
                0x0000a9b0      0x130 c:/progra~3/matlab/suppor~1/r2022b/3p778c~1.ins/gnuarm~1.ins/win/bin/../lib/gcc/arm-none-eabi/9.3.1/../../../../arm-none-eabi/lib/thumb/v7e-m+fp/hard\libg.a(lib_a-fflush.o)
                0x0000a9b0                __sflush_r
 .text._fflush_r
                0x0000aae0       0x5c c:/progra~3/matlab/suppor~1/r2022b/3p778c~1.ins/gnuarm~1.ins/win/bin/../lib/gcc/arm-none-eabi/9.3.1/../../../../arm-none-eabi/lib/thumb/v7e-m+fp/hard\libg.a(lib_a-fflush.o)
                0x0000aae0                _fflush_r
 .text.std      0x0000ab3c       0x50 c:/progra~3/matlab/suppor~1/r2022b/3p778c~1.ins/gnuarm~1.ins/win/bin/../lib/gcc/arm-none-eabi/9.3.1/../../../../arm-none-eabi/lib/thumb/v7e-m+fp/hard\libg.a(lib_a-findfp.o)
 .text._cleanup_r
                0x0000ab8c        0xc c:/progra~3/matlab/suppor~1/r2022b/3p778c~1.ins/gnuarm~1.ins/win/bin/../lib/gcc/arm-none-eabi/9.3.1/../../../../arm-none-eabi/lib/thumb/v7e-m+fp/hard\libg.a(lib_a-findfp.o)
                0x0000ab8c                _cleanup_r
 .text.__sinit  0x0000ab98       0x54 c:/progra~3/matlab/suppor~1/r2022b/3p778c~1.ins/gnuarm~1.ins/win/bin/../lib/gcc/arm-none-eabi/9.3.1/../../../../arm-none-eabi/lib/thumb/v7e-m+fp/hard\libg.a(lib_a-findfp.o)
                0x0000ab98                __sinit
 .text.__sfp_lock_acquire
                0x0000abec        0xc c:/progra~3/matlab/suppor~1/r2022b/3p778c~1.ins/gnuarm~1.ins/win/bin/../lib/gcc/arm-none-eabi/9.3.1/../../../../arm-none-eabi/lib/thumb/v7e-m+fp/hard\libg.a(lib_a-findfp.o)
                0x0000abec                __sfp_lock_acquire
 .text.__sfp_lock_release
                0x0000abf8        0xc c:/progra~3/matlab/suppor~1/r2022b/3p778c~1.ins/gnuarm~1.ins/win/bin/../lib/gcc/arm-none-eabi/9.3.1/../../../../arm-none-eabi/lib/thumb/v7e-m+fp/hard\libg.a(lib_a-findfp.o)
                0x0000abf8                __sfp_lock_release
 .text.__fputwc
                0x0000ac04       0xa8 c:/progra~3/matlab/suppor~1/r2022b/3p778c~1.ins/gnuarm~1.ins/win/bin/../lib/gcc/arm-none-eabi/9.3.1/../../../../arm-none-eabi/lib/thumb/v7e-m+fp/hard\libg.a(lib_a-fputwc.o)
                0x0000ac04                __fputwc
 .text._fputwc_r
                0x0000acac       0x68 c:/progra~3/matlab/suppor~1/r2022b/3p778c~1.ins/gnuarm~1.ins/win/bin/../lib/gcc/arm-none-eabi/9.3.1/../../../../arm-none-eabi/lib/thumb/v7e-m+fp/hard\libg.a(lib_a-fputwc.o)
                0x0000acac                _fputwc_r
 .text._malloc_trim_r
                0x0000ad14       0xa0 c:/progra~3/matlab/suppor~1/r2022b/3p778c~1.ins/gnuarm~1.ins/win/bin/../lib/gcc/arm-none-eabi/9.3.1/../../../../arm-none-eabi/lib/thumb/v7e-m+fp/hard\libg.a(lib_a-freer.o)
                0x0000ad14                _malloc_trim_r
 .text._free_r  0x0000adb4      0x208 c:/progra~3/matlab/suppor~1/r2022b/3p778c~1.ins/gnuarm~1.ins/win/bin/../lib/gcc/arm-none-eabi/9.3.1/../../../../arm-none-eabi/lib/thumb/v7e-m+fp/hard\libg.a(lib_a-freer.o)
                0x0000adb4                _free_r
 .text.__sfvwrite_r
                0x0000afbc      0x2e0 c:/progra~3/matlab/suppor~1/r2022b/3p778c~1.ins/gnuarm~1.ins/win/bin/../lib/gcc/arm-none-eabi/9.3.1/../../../../arm-none-eabi/lib/thumb/v7e-m+fp/hard\libg.a(lib_a-fvwrite.o)
                0x0000afbc                __sfvwrite_r
 .text._fwalk_reent
                0x0000b29c       0x48 c:/progra~3/matlab/suppor~1/r2022b/3p778c~1.ins/gnuarm~1.ins/win/bin/../lib/gcc/arm-none-eabi/9.3.1/../../../../arm-none-eabi/lib/thumb/v7e-m+fp/hard\libg.a(lib_a-fwalk.o)
                0x0000b29c                _fwalk_reent
 .text.__locale_mb_cur_max
                0x0000b2e4        0xc c:/progra~3/matlab/suppor~1/r2022b/3p778c~1.ins/gnuarm~1.ins/win/bin/../lib/gcc/arm-none-eabi/9.3.1/../../../../arm-none-eabi/lib/thumb/v7e-m+fp/hard\libg.a(lib_a-locale.o)
                0x0000b2e4                __locale_mb_cur_max
 .text._localeconv_r
                0x0000b2f0        0x8 c:/progra~3/matlab/suppor~1/r2022b/3p778c~1.ins/gnuarm~1.ins/win/bin/../lib/gcc/arm-none-eabi/9.3.1/../../../../arm-none-eabi/lib/thumb/v7e-m+fp/hard\libg.a(lib_a-localeconv.o)
                0x0000b2f0                _localeconv_r
 .text.__retarget_lock_init_recursive
                0x0000b2f8        0x4 c:/progra~3/matlab/suppor~1/r2022b/3p778c~1.ins/gnuarm~1.ins/win/bin/../lib/gcc/arm-none-eabi/9.3.1/../../../../arm-none-eabi/lib/thumb/v7e-m+fp/hard\libg.a(lib_a-lock.o)
                0x0000b2f8                __retarget_lock_init_recursive
 .text.__retarget_lock_close_recursive
                0x0000b2fc        0x4 c:/progra~3/matlab/suppor~1/r2022b/3p778c~1.ins/gnuarm~1.ins/win/bin/../lib/gcc/arm-none-eabi/9.3.1/../../../../arm-none-eabi/lib/thumb/v7e-m+fp/hard\libg.a(lib_a-lock.o)
                0x0000b2fc                __retarget_lock_close_recursive
 .text.__retarget_lock_acquire_recursive
                0x0000b300        0x4 c:/progra~3/matlab/suppor~1/r2022b/3p778c~1.ins/gnuarm~1.ins/win/bin/../lib/gcc/arm-none-eabi/9.3.1/../../../../arm-none-eabi/lib/thumb/v7e-m+fp/hard\libg.a(lib_a-lock.o)
                0x0000b300                __retarget_lock_acquire_recursive
 .text.__retarget_lock_release_recursive
                0x0000b304        0x4 c:/progra~3/matlab/suppor~1/r2022b/3p778c~1.ins/gnuarm~1.ins/win/bin/../lib/gcc/arm-none-eabi/9.3.1/../../../../arm-none-eabi/lib/thumb/v7e-m+fp/hard\libg.a(lib_a-lock.o)
                0x0000b304                __retarget_lock_release_recursive
 .text.__swhatbuf_r
                0x0000b308       0x5c c:/progra~3/matlab/suppor~1/r2022b/3p778c~1.ins/gnuarm~1.ins/win/bin/../lib/gcc/arm-none-eabi/9.3.1/../../../../arm-none-eabi/lib/thumb/v7e-m+fp/hard\libg.a(lib_a-makebuf.o)
                0x0000b308                __swhatbuf_r
 .text.__smakebuf_r
                0x0000b364       0x98 c:/progra~3/matlab/suppor~1/r2022b/3p778c~1.ins/gnuarm~1.ins/win/bin/../lib/gcc/arm-none-eabi/9.3.1/../../../../arm-none-eabi/lib/thumb/v7e-m+fp/hard\libg.a(lib_a-makebuf.o)
                0x0000b364                __smakebuf_r
 .text.__ascii_mbtowc
                0x0000b3fc       0x2c c:/progra~3/matlab/suppor~1/r2022b/3p778c~1.ins/gnuarm~1.ins/win/bin/../lib/gcc/arm-none-eabi/9.3.1/../../../../arm-none-eabi/lib/thumb/v7e-m+fp/hard\libg.a(lib_a-mbtowc_r.o)
                0x0000b3fc                __ascii_mbtowc
 .text.memmove  0x0000b428       0xd8 c:/progra~3/matlab/suppor~1/r2022b/3p778c~1.ins/gnuarm~1.ins/win/bin/../lib/gcc/arm-none-eabi/9.3.1/../../../../arm-none-eabi/lib/thumb/v7e-m+fp/hard\libg.a(lib_a-memmove.o)
                0x0000b428                memmove
 .text._realloc_r
                0x0000b500      0x3e0 c:/progra~3/matlab/suppor~1/r2022b/3p778c~1.ins/gnuarm~1.ins/win/bin/../lib/gcc/arm-none-eabi/9.3.1/../../../../arm-none-eabi/lib/thumb/v7e-m+fp/hard\libg.a(lib_a-reallocr.o)
                0x0000b500                _realloc_r
 .text.__sread  0x0000b8e0       0x24 c:/progra~3/matlab/suppor~1/r2022b/3p778c~1.ins/gnuarm~1.ins/win/bin/../lib/gcc/arm-none-eabi/9.3.1/../../../../arm-none-eabi/lib/thumb/v7e-m+fp/hard\libg.a(lib_a-stdio.o)
                0x0000b8e0                __sread
 .text.__swrite
                0x0000b904       0x40 c:/progra~3/matlab/suppor~1/r2022b/3p778c~1.ins/gnuarm~1.ins/win/bin/../lib/gcc/arm-none-eabi/9.3.1/../../../../arm-none-eabi/lib/thumb/v7e-m+fp/hard\libg.a(lib_a-stdio.o)
                0x0000b904                __swrite
 .text.__sseek  0x0000b944       0x20 c:/progra~3/matlab/suppor~1/r2022b/3p778c~1.ins/gnuarm~1.ins/win/bin/../lib/gcc/arm-none-eabi/9.3.1/../../../../arm-none-eabi/lib/thumb/v7e-m+fp/hard\libg.a(lib_a-stdio.o)
                0x0000b944                __sseek
 .text.__sclose
                0x0000b964        0x8 c:/progra~3/matlab/suppor~1/r2022b/3p778c~1.ins/gnuarm~1.ins/win/bin/../lib/gcc/arm-none-eabi/9.3.1/../../../../arm-none-eabi/lib/thumb/v7e-m+fp/hard\libg.a(lib_a-stdio.o)
                0x0000b964                __sclose
 .text.strncpy  0x0000b96c       0x68 c:/progra~3/matlab/suppor~1/r2022b/3p778c~1.ins/gnuarm~1.ins/win/bin/../lib/gcc/arm-none-eabi/9.3.1/../../../../arm-none-eabi/lib/thumb/v7e-m+fp/hard\libg.a(lib_a-strncpy.o)
                0x0000b96c                strncpy
 .text.__swbuf_r
                0x0000b9d4       0xb0 c:/progra~3/matlab/suppor~1/r2022b/3p778c~1.ins/gnuarm~1.ins/win/bin/../lib/gcc/arm-none-eabi/9.3.1/../../../../arm-none-eabi/lib/thumb/v7e-m+fp/hard\libg.a(lib_a-wbuf.o)
                0x0000b9d4                __swbuf_r
 .text._wcrtomb_r
                0x0000ba84       0x3c c:/progra~3/matlab/suppor~1/r2022b/3p778c~1.ins/gnuarm~1.ins/win/bin/../lib/gcc/arm-none-eabi/9.3.1/../../../../arm-none-eabi/lib/thumb/v7e-m+fp/hard\libg.a(lib_a-wcrtomb.o)
                0x0000ba84                _wcrtomb_r
 .text.__ascii_wctomb
                0x0000bac0       0x1c c:/progra~3/matlab/suppor~1/r2022b/3p778c~1.ins/gnuarm~1.ins/win/bin/../lib/gcc/arm-none-eabi/9.3.1/../../../../arm-none-eabi/lib/thumb/v7e-m+fp/hard\libg.a(lib_a-wctomb_r.o)
                0x0000bac0                __ascii_wctomb
 .text._write_r
                0x0000badc       0x2c c:/progra~3/matlab/suppor~1/r2022b/3p778c~1.ins/gnuarm~1.ins/win/bin/../lib/gcc/arm-none-eabi/9.3.1/../../../../arm-none-eabi/lib/thumb/v7e-m+fp/hard\libg.a(lib_a-writer.o)
                0x0000badc                _write_r
 .text._close_r
                0x0000bb08       0x24 c:/progra~3/matlab/suppor~1/r2022b/3p778c~1.ins/gnuarm~1.ins/win/bin/../lib/gcc/arm-none-eabi/9.3.1/../../../../arm-none-eabi/lib/thumb/v7e-m+fp/hard\libg.a(lib_a-closer.o)
                0x0000bb08                _close_r
 .text._fclose_r
                0x0000bb2c       0xcc c:/progra~3/matlab/suppor~1/r2022b/3p778c~1.ins/gnuarm~1.ins/win/bin/../lib/gcc/arm-none-eabi/9.3.1/../../../../arm-none-eabi/lib/thumb/v7e-m+fp/hard\libg.a(lib_a-fclose.o)
                0x0000bb2c                _fclose_r
 .text._fstat_r
                0x0000bbf8       0x2c c:/progra~3/matlab/suppor~1/r2022b/3p778c~1.ins/gnuarm~1.ins/win/bin/../lib/gcc/arm-none-eabi/9.3.1/../../../../arm-none-eabi/lib/thumb/v7e-m+fp/hard\libg.a(lib_a-fstatr.o)
                0x0000bbf8                _fstat_r
 .text._isatty_r
                0x0000bc24       0x24 c:/progra~3/matlab/suppor~1/r2022b/3p778c~1.ins/gnuarm~1.ins/win/bin/../lib/gcc/arm-none-eabi/9.3.1/../../../../arm-none-eabi/lib/thumb/v7e-m+fp/hard\libg.a(lib_a-isattyr.o)
                0x0000bc24                _isatty_r
 .text._lseek_r
                0x0000bc48       0x2c c:/progra~3/matlab/suppor~1/r2022b/3p778c~1.ins/gnuarm~1.ins/win/bin/../lib/gcc/arm-none-eabi/9.3.1/../../../../arm-none-eabi/lib/thumb/v7e-m+fp/hard\libg.a(lib_a-lseekr.o)
                0x0000bc48                _lseek_r
 .text._read_r  0x0000bc74       0x2c c:/progra~3/matlab/suppor~1/r2022b/3p778c~1.ins/gnuarm~1.ins/win/bin/../lib/gcc/arm-none-eabi/9.3.1/../../../../arm-none-eabi/lib/thumb/v7e-m+fp/hard\libg.a(lib_a-readr.o)
                0x0000bc74                _read_r
 .text._close   0x0000bca0       0x10 c:/progra~3/matlab/suppor~1/r2022b/3p778c~1.ins/gnuarm~1.ins/win/bin/../lib/gcc/arm-none-eabi/9.3.1/../../../../arm-none-eabi/lib/thumb/v7e-m+fp/hard\libnosys.a(close.o)
                0x0000bca0                _close
 .text._fstat   0x0000bcb0       0x10 c:/progra~3/matlab/suppor~1/r2022b/3p778c~1.ins/gnuarm~1.ins/win/bin/../lib/gcc/arm-none-eabi/9.3.1/../../../../arm-none-eabi/lib/thumb/v7e-m+fp/hard\libnosys.a(fstat.o)
                0x0000bcb0                _fstat
 .text._getpid  0x0000bcc0       0x10 c:/progra~3/matlab/suppor~1/r2022b/3p778c~1.ins/gnuarm~1.ins/win/bin/../lib/gcc/arm-none-eabi/9.3.1/../../../../arm-none-eabi/lib/thumb/v7e-m+fp/hard\libnosys.a(getpid.o)
                0x0000bcc0                _getpid
 .text._isatty  0x0000bcd0       0x10 c:/progra~3/matlab/suppor~1/r2022b/3p778c~1.ins/gnuarm~1.ins/win/bin/../lib/gcc/arm-none-eabi/9.3.1/../../../../arm-none-eabi/lib/thumb/v7e-m+fp/hard\libnosys.a(isatty.o)
                0x0000bcd0                _isatty
 .text._kill    0x0000bce0       0x10 c:/progra~3/matlab/suppor~1/r2022b/3p778c~1.ins/gnuarm~1.ins/win/bin/../lib/gcc/arm-none-eabi/9.3.1/../../../../arm-none-eabi/lib/thumb/v7e-m+fp/hard\libnosys.a(kill.o)
                0x0000bce0                _kill
 .text._lseek   0x0000bcf0       0x10 c:/progra~3/matlab/suppor~1/r2022b/3p778c~1.ins/gnuarm~1.ins/win/bin/../lib/gcc/arm-none-eabi/9.3.1/../../../../arm-none-eabi/lib/thumb/v7e-m+fp/hard\libnosys.a(lseek.o)
                0x0000bcf0                _lseek
 .text._read    0x0000bd00       0x10 c:/progra~3/matlab/suppor~1/r2022b/3p778c~1.ins/gnuarm~1.ins/win/bin/../lib/gcc/arm-none-eabi/9.3.1/../../../../arm-none-eabi/lib/thumb/v7e-m+fp/hard\libnosys.a(read.o)
                0x0000bd00                _read
 .text._write   0x0000bd10       0x10 c:/progra~3/matlab/suppor~1/r2022b/3p778c~1.ins/gnuarm~1.ins/win/bin/../lib/gcc/arm-none-eabi/9.3.1/../../../../arm-none-eabi/lib/thumb/v7e-m+fp/hard\libnosys.a(write.o)
                0x0000bd10                _write
 .text._exit    0x0000bd20        0x4 c:/progra~3/matlab/suppor~1/r2022b/3p778c~1.ins/gnuarm~1.ins/win/bin/../lib/gcc/arm-none-eabi/9.3.1/../../../../arm-none-eabi/lib/thumb/v7e-m+fp/hard\libnosys.a(_exit.o)
                0x0000bd20                _exit
 *(.rodata)
 .rodata        0x0000bd24        0xc board.o
 *(.rodata*)
 .rodata.g_i2cBase
                0x0000bd30        0xc i2c_api.o
                0x0000bd30                g_i2cBase
 .rodata.MW_PWM_Open.str1.4
                0x0000bd3c       0x44 MW_PWM.o
 .rodata.__func__.7641
                0x0000bd80       0x14 MW_PWM.o
 .rodata.Assignment1_V6_M