Archive member included to satisfy reference by file (symbol)

C:/ProgramData/MATLAB/SupportPackages/R2022b/3P.instrset/cmsis.instrset/CMSIS/RTOS/RTX/LIB/GCC/libRTX_CM4.a(rt_cmsis.o)
                              RTX_Conf_CM.o (osKernelInitialize)
C:/ProgramData/MATLAB/SupportPackages/R2022b/3P.instrset/cmsis.instrset/CMSIS/RTOS/RTX/LIB/GCC/libRTX_CM4.a(hal_cm.o)
                              C:/ProgramData/MATLAB/SupportPackages/R2022b/3P.instrset/cmsis.instrset/CMSIS/RTOS/RTX/LIB/GCC/libRTX_CM4.a(rt_cmsis.o) (rt_ret_val)
C:/ProgramData/MATLAB/SupportPackages/R2022b/3P.instrset/cmsis.instrset/CMSIS/RTOS/RTX/LIB/GCC/libRTX_CM4.a(rt_memory.o)
                              C:/ProgramData/MATLAB/SupportPackages/R2022b/3P.instrset/cmsis.instrset/CMSIS/RTOS/RTX/LIB/GCC/libRTX_CM4.a(rt_cmsis.o) (rt_init_mem)
C:/ProgramData/MATLAB/SupportPackages/R2022b/3P.instrset/cmsis.instrset/CMSIS/RTOS/RTX/LIB/GCC/libRTX_CM4.a(rt_membox.o)
                              C:/ProgramData/MATLAB/SupportPackages/R2022b/3P.instrset/cmsis.instrset/CMSIS/RTOS/RTX/LIB/GCC/libRTX_CM4.a(rt_cmsis.o) (_init_box)
C:/ProgramData/MATLAB/SupportPackages/R2022b/3P.instrset/cmsis.instrset/CMSIS/RTOS/RTX/LIB/GCC/libRTX_CM4.a(rt_mutex.o)
                              C:/ProgramData/MATLAB/SupportPackages/R2022b/3P.instrset/cmsis.instrset/CMSIS/RTOS/RTX/LIB/GCC/libRTX_CM4.a(rt_cmsis.o) (rt_mut_init)
C:/ProgramData/MATLAB/SupportPackages/R2022b/3P.instrset/cmsis.instrset/CMSIS/RTOS/RTX/LIB/GCC/libRTX_CM4.a(rt_time.o)
                              C:/ProgramData/MATLAB/SupportPackages/R2022b/3P.instrset/cmsis.instrset/CMSIS/RTOS/RTX/LIB/GCC/libRTX_CM4.a(rt_cmsis.o) (os_time)
C:/ProgramData/MATLAB/SupportPackages/R2022b/3P.instrset/cmsis.instrset/CMSIS/RTOS/RTX/LIB/GCC/libRTX_CM4.a(rt_semaphore.o)
                              C:/ProgramData/MATLAB/SupportPackages/R2022b/3P.instrset/cmsis.instrset/CMSIS/RTOS/RTX/LIB/GCC/libRTX_CM4.a(rt_cmsis.o) (rt_sem_init)
C:/ProgramData/MATLAB/SupportPackages/R2022b/3P.instrset/cmsis.instrset/CMSIS/RTOS/RTX/LIB/GCC/libRTX_CM4.a(rt_mailbox.o)
                              C:/ProgramData/MATLAB/SupportPackages/R2022b/3P.instrset/cmsis.instrset/CMSIS/RTOS/RTX/LIB/GCC/libRTX_CM4.a(rt_cmsis.o) (rt_mbx_init)
C:/ProgramData/MATLAB/SupportPackages/R2022b/3P.instrset/cmsis.instrset/CMSIS/RTOS/RTX/LIB/GCC/libRTX_CM4.a(rt_list.o)
                              C:/ProgramData/MATLAB/SupportPackages/R2022b/3P.instrset/cmsis.instrset/CMSIS/RTOS/RTX/LIB/GCC/libRTX_CM4.a(rt_cmsis.o) (rt_put_prio)
C:/ProgramData/MATLAB/SupportPackages/R2022b/3P.instrset/cmsis.instrset/CMSIS/RTOS/RTX/LIB/GCC/libRTX_CM4.a(rt_event.o)
                              C:/ProgramData/MATLAB/SupportPackages/R2022b/3P.instrset/cmsis.instrset/CMSIS/RTOS/RTX/LIB/GCC/libRTX_CM4.a(rt_cmsis.o) (rt_evt_wait)
C:/ProgramData/MATLAB/SupportPackages/R2022b/3P.instrset/cmsis.instrset/CMSIS/RTOS/RTX/LIB/GCC/libRTX_CM4.a(rt_system.o)
                              C:/ProgramData/MATLAB/SupportPackages/R2022b/3P.instrset/cmsis.instrset/CMSIS/RTOS/RTX/LIB/GCC/libRTX_CM4.a(rt_cmsis.o) (rt_suspend)
C:/ProgramData/MATLAB/SupportPackages/R2022b/3P.instrset/cmsis.instrset/CMSIS/RTOS/RTX/LIB/GCC/libRTX_CM4.a(rt_task.o)
                              C:/ProgramData/MATLAB/SupportPackages/R2022b/3P.instrset/cmsis.instrset/CMSIS/RTOS/RTX/LIB/GCC/libRTX_CM4.a(rt_system.o) (rt_switch_req)
C:/ProgramData/MATLAB/SupportPackages/R2022b/3P.instrset/cmsis.instrset/CMSIS/RTOS/RTX/LIB/GCC/libRTX_CM4.a(hal_cm4.o)
                              C:/ProgramData/MATLAB/SupportPackages/R2022b/3P.instrset/cmsis.instrset/CMSIS/RTOS/RTX/LIB/GCC/libRTX_CM4.a(rt_task.o) (rt_get_PSP)
C:/ProgramData/MATLAB/SupportPackages/R2022b/3P.instrset/cmsis.instrset/CMSIS/RTOS/RTX/LIB/GCC/libRTX_CM4.a(svc_table.o)
                              C:/ProgramData/MATLAB/SupportPackages/R2022b/3P.instrset/cmsis.instrset/CMSIS/RTOS/RTX/LIB/GCC/libRTX_CM4.a(hal_cm4.o) (SVC_Table)
C:/ProgramData/MATLAB/SupportPackages/R2022b/3P.instrset/cmsis.instrset/CMSIS/RTOS/RTX/LIB/GCC/libRTX_CM4.a(rt_robin.o)
                              C:/ProgramData/MATLAB/SupportPackages/R2022b/3P.instrset/cmsis.instrset/CMSIS/RTOS/RTX/LIB/GCC/libRTX_CM4.a(rt_system.o) (os_robin)
C:/ProgramData/MATLAB/SupportPackages/R2022b/toolbox/target/supportpackages/freedomk64f/src/ksdk_armgcc_lib/bm/libksdk_platform.a(fsl_os_abstraction_bm.o)
                              MW_SCI.o (OSA_SemaPost)
C:/ProgramData/MATLAB/SupportPackages/R2022b/toolbox/target/supportpackages/freedomk64f/src/ksdk_armgcc_lib/bm/libksdk_platform.a(fsl_clock_manager.o)
                              board.o (CLOCK_SYS_OscInit)
C:/ProgramData/MATLAB/SupportPackages/R2022b/toolbox/target/supportpackages/freedomk64f/src/ksdk_armgcc_lib/bm/libksdk_platform.a(fsl_clock_manager_common.o)
                              C:/ProgramData/MATLAB/SupportPackages/R2022b/toolbox/target/supportpackages/freedomk64f/src/ksdk_armgcc_lib/bm/libksdk_platform.a(fsl_clock_manager.o) (g_oscBase)
[...]
Memory Configuration

Name             Origin             Length             Attributes
m_interrupts     0x00000000         0x00000400         xr
m_flash_config   0x00000400         0x00000010         xr
m_text           0x00000410         0x000ffbf0         xr
m_data_2         0x1fff0000         0x00010000         rw
m_data           0x20000000         0x00030000         rw
*default*        0x00000000         0xffffffff

Linker script and memory map

LOAD c:/progra~3/matlab/suppor~1/r2022b/3p778c~1.ins/gnuarm~1.ins/win/bin/../lib/gcc/arm-none-eabi/9.3.1/thumb/v7e-m+fp/hard/crti.o
LOAD c:/progra~3/matlab/suppor~1/r2022b/3p778c~1.ins/gnuarm~1.ins/win/bin/../lib/gcc/arm-none-eabi/9.3.1/thumb/v7e-m+fp/hard/crtbegin.o
LOAD c:/progra~3/matlab/suppor~1/r2022b/3p778c~1.ins/gnuarm~1.ins/win/bin/../lib/gcc/arm-none-eabi/9.3.1/../../../../arm-none-eabi/lib/thumb/v7e-m+fp/hard/crt0.o
LOAD MW_SCI.o
LOAD MW_digitalIO.o
LOAD mw_sdk_interface.o
LOAD MW_PWM.o
LOAD MW_AnalogInput.o
LOAD ert_main.o
LOAD Assignment1_V4.o
LOAD Assignment1_V4_data.o
LOAD rtGetInf.o
LOAD rtGetNaN.o
LOAD rt_nonfinite.o
LOAD startup.o
LOAD system_MK64F12.o
LOAD startup_MK64F12.o
LOAD board.o
LOAD hardware_init.o
LOAD pin_mux.o
LOAD fsl_misc_utilities.o
LOAD fsl_edma_irq.o
LOAD fsl_uart_irq.o
LOAD irq_stub.o
LOAD sbrk.o
LOAD cmsis_rtos_init.o
LOAD RTX_Conf_CM.o
LOAD mw_thread.o
LOAD mw_semaphore.o
LOAD mw_timer.o
LOAD mw_signal.o
LOAD C:/ProgramData/MATLAB/SupportPackages/R2022b/3P.instrset/cmsis.instrset/CMSIS/DSP/Lib/GCC/libarm_cortexM4lf_math.a
LOAD C:/ProgramData/MATLAB/SupportPackages/R2022b/3P.instrset/cmsis.instrset/CMSIS/RTOS/RTX/LIB/GCC/libRTX_CM4.a
LOAD C:/ProgramData/MATLAB/SupportPackages/R2022b/toolbox/target/supportpackages/freedomk64f/src/ksdk_armgcc_lib/bm/libksdk_platform.a
LOAD c:/progra~3/matlab/suppor~1/r2022b/3p778c~1.ins/gnuarm~1.ins/win/bin/../lib/gcc/arm-none-eabi/9.3.1/../../../../arm-none-eabi/lib/thumb/v7e-m+fp/hard\libstdc++.a
LOAD c:/progra~3/matlab/suppor~1/r2022b/3p778c~1.ins/gnuarm~1.ins/win/bin/../lib/gcc/arm-none-eabi/9.3.1/../../../../arm-none-eabi/lib/thumb/v7e-m+fp/hard\libm.a
START GROUP
LOAD c:/progra~3/matlab/suppor~1/r2022b/3p778c~1.ins/gnuarm~1.ins/win/bin/../lib/gcc/arm-none-eabi/9.3.1/thumb/v7e-m+fp/hard\libgcc.a
LOAD c:/progra~3/matlab/suppor~1/r2022b/3p778c~1.ins/gnuarm~1.ins/win/bin/../lib/gcc/arm-none-eabi/9.3.1/../../../../arm-none-eabi/lib/thumb/v7e-m+fp/hard\libg.a
LOAD c:/progra~3/matlab/suppor~1/r2022b/3p778c~1.ins/gnuarm~1.ins/win/bin/../lib/gcc/arm-none-eabi/9.3.1/../../../../arm-none-eabi/lib/thumb/v7e-m+fp/hard\libc.a
END GROUP
START GROUP
LOAD c:/progra~3/matlab/suppor~1/r2022b/3p778c~1.ins/gnuarm~1.ins/win/bin/../lib/gcc/arm-none-eabi/9.3.1/thumb/v7e-m+fp/hard\libgcc.a
LOAD c:/progra~3/matlab/suppor~1/r2022b/3p778c~1.ins/gnuarm~1.ins/win/bin/../lib/gcc/arm-none-eabi/9.3.1/../../../../arm-none-eabi/lib/thumb/v7e-m+fp/hard\libc.a
LOAD c:/progra~3/matlab/suppor~1/r2022b/3p778c~1.ins/gnuarm~1.ins/win/bin/../lib/gcc/arm-none-eabi/9.3.1/../../../../arm-none-eabi/lib/thumb/v7e-m+fp/hard\libnosys.a
END GROUP
LOAD c:/progra~3/matlab/suppor~1/r2022b/3p778c~1.ins/gnuarm~1.ins/win/bin/../lib/gcc/arm-none-eabi/9.3.1/thumb/v7e-m+fp/hard/crtend.o
LOAD c:/progra~3/matlab/suppor~1/r2022b/3p778c~1.ins/gnuarm~1.ins/win/bin/../lib/gcc/arm-none-eabi/9.3.1/thumb/v7e-m+fp/hard/crtn.o
                0x00000400                HEAP_SIZE = DEFINED (__heap_size__)?__heap_size__:0x400
                0x00000400                STACK_SIZE = DEFINED (__stack_size__)?__stack_size__:0x400
                0x00000000                M_VECTOR_RAM_SIZE = DEFINED (__ram_vector_table__)?0x400:0x0

.interrupts     0x00000000      0x400
                0x00000000                __VECTOR_TABLE = .
                0x00000000                . = ALIGN (0x4)
 *(.isr_vector)
 .isr_vector    0x00000000      0x400 startup_MK64F12.o
                0x00000000                __isr_vector
                0x00000400                . = ALIGN (0x4)

.flash_config   0x00000400       0x10
                0x00000400                . = ALIGN (0x4)
 *(.FlashConfig)
 .FlashConfig   0x00000400       0x10 startup_MK64F12.o
                0x00000410                . = ALIGN (0x4)

.text           0x00000440     0xec08
                0x00000440                . = ALIGN (0x4)
 *(.text)
 .text          0x00000440       0x40 c:/progra~3/matlab/suppor~1/r2022b/3p778c~1.ins/gnuarm~1.ins/win/bin/../lib/gcc/arm-none-eabi/9.3.1/thumb/v7e-m+fp/hard/crtbegin.o
 .text          0x00000480       0x7c c:/progra~3/matlab/suppor~1/r2022b/3p778c~1.ins/gnuarm~1.ins/win/bin/../lib/gcc/arm-none-eabi/9.3.1/../../../../arm-none-eabi/lib/thumb/v7e-m+fp/hard/crt0.o
                0x00000480                _stack_init
                0x00000488                _start
                0x00000488                _mainCRTStartup
 .text          0x000004fc       0x14 startup_MK64F12.o
                0x000004fc                Reset_Handler
                0x0000050c                ENET_Receive_IRQHandler
                0x0000050c                ENET_1588_Timer_IRQHandler
                0x0000050c                DefaultISR
                0x0000050c                PIT2_IRQHandler
                0x0000050c                PIT0_IRQHandler
                0x0000050c                ENET_Error_IRQHandler
                0x0000050c                PIT3_IRQHandler
                0x0000050c                SDHC_IRQHandler
                0x0000050c                ENET_Transmit_IRQHandler
                0x0000050c                PIT1_IRQHandler
 .text          0x00000510      0x198 C:/ProgramData/MATLAB/SupportPackages/R2022b/3P.instrset/cmsis.instrset/CMSIS/RTOS/RTX/LIB/GCC/libRTX_CM4.a(hal_cm4.o)
                0x00000510                rt_set_PSP
                0x00000516                rt_get_PSP
                0x0000051c                os_set_env
                0x00000534                _alloc_box
                0x00000550                _free_box
                0x0000056c                SVC_Handler
                0x00000612                PendSV_Handler
                0x00000618                Sys_Switch
                0x00000672                SysTick_Handler
                0x0000067c                OS_Tick_Handler
 .text          0x000006a8      0x378 c:/progra~3/matlab/suppor~1/r2022b/3p778c~1.ins/gnuarm~1.ins/win/bin/../lib/gcc/arm-none-eabi/9.3.1/thumb/v7e-m+fp/hard\libgcc.a(_arm_addsubdf3.o)
                0x000006a8                __aeabi_drsub
                0x000006b0                __aeabi_dsub
                0x000006b0                __subdf3
                0x000006b4                __aeabi_dadd
                0x000006b4                __adddf3
                0x0000092c                __floatunsidf
                0x0000092c                __aeabi_ui2d
                0x0000094c                __floatsidf
                0x0000094c                __aeabi_i2d
                0x00000970                __aeabi_f2d
                0x00000970                __extendsfdf2
                0x000009b4                __floatundidf
                0x000009b4                __aeabi_ul2d
                0x000009c4                __floatdidf
                0x000009c4                __aeabi_l2d
 .text          0x00000a20      0x424 c:/progra~3/matlab/suppor~1/r2022b/3p778c~1.ins/gnuarm~1.ins/win/bin/../lib/gcc/arm-none-eabi/9.3.1/thumb/v7e-m+fp/hard\libgcc.a(_arm_muldivdf3.o)
                0x00000a20                __aeabi_dmul
                0x00000a20                __muldf3
                0x00000c74                __divdf3
                0x00000c74                __aeabi_ddiv
 .text          0x00000e44      0x110 c:/progra~3/matlab/suppor~1/r2022b/3p778c~1.ins/gnuarm~1.ins/win/bin/../lib/gcc/arm-none-eabi/9.3.1/thumb/v7e-m+fp/hard\libgcc.a(_arm_cmpdf2.o)
                0x00000e44                __gtdf2
                0x00000e44                __gedf2
                0x00000e4c                __ltdf2
                0x00000e4c                __ledf2
                0x00000e54                __nedf2
                0x00000e54                __eqdf2
                0x00000e54                __cmpdf2
                0x00000ed0                __aeabi_cdrcmple
                0x00000ee0                __aeabi_cdcmpeq
                0x00000ee0                __aeabi_cdcmple
                0x00000ef0                __aeabi_dcmpeq
                0x00000f04                __aeabi_dcmplt
                0x00000f18                __aeabi_dcmple
                0x00000f2c                __aeabi_dcmpge
                0x00000f40                __aeabi_dcmpgt
 .text          0x00000f54       0x2c c:/progra~3/matlab/suppor~1/r2022b/3p778c~1.ins/gnuarm~1.ins/win/bin/../lib/gcc/arm-none-eabi/9.3.1/thumb/v7e-m+fp/hard\libgcc.a(_arm_unorddf2.o)
                0x00000f54                __unorddf2
                0x00000f54                __aeabi_dcmpun
 .text          0x00000f80       0x50 c:/progra~3/matlab/suppor~1/r2022b/3p778c~1.ins/gnuarm~1.ins/win/bin/../lib/gcc/arm-none-eabi/9.3.1/thumb/v7e-m+fp/hard\libgcc.a(_arm_fixdfsi.o)
                0x00000f80                __aeabi_d2iz
                0x00000f80                __fixdfsi
 .text          0x00000fd0       0x40 c:/progra~3/matlab/suppor~1/r2022b/3p778c~1.ins/gnuarm~1.ins/win/bin/../lib/gcc/arm-none-eabi/9.3.1/thumb/v7e-m+fp/hard\libgcc.a(_arm_fixunsdfsi.o)
                0x00000fd0                __aeabi_d2uiz
                0x00000fd0                __fixunsdfsi
 .text          0x00001010       0xa0 c:/progra~3/matlab/suppor~1/r2022b/3p778c~1.ins/gnuarm~1.ins/win/bin/../lib/gcc/arm-none-eabi/9.3.1/thumb/v7e-m+fp/hard\libgcc.a(_arm_truncdfsf2.o)
                0x00001010                __truncdfsf2
                0x00001010                __aeabi_d2f
 .text          0x000010b0       0x30 c:/progra~3/matlab/suppor~1/r2022b/3p778c~1.ins/gnuarm~1.ins/win/bin/../lib/gcc/arm-none-eabi/9.3.1/thumb/v7e-m+fp/hard\libgcc.a(_aeabi_uldivmod.o)
                0x000010b0                __aeabi_uldivmod
 .text          0x000010e0      0x2c4 c:/progra~3/matlab/suppor~1/r2022b/3p778c~1.ins/gnuarm~1.ins/win/bin/../lib/gcc/arm-none-eabi/9.3.1/thumb/v7e-m+fp/hard\libgcc.a(_udivmoddi4.o)
                0x000010e0                __udivmoddi4
 .text          0x000013a4      0x9b8 c:/progra~3/matlab/suppor~1/r2022b/3p778c~1.ins/gnuarm~1.ins/win/bin/../lib/gcc/arm-none-eabi/9.3.1/thumb/v7e-m+fp/hard\libgcc.a(unwind-arm.o)
                0x0000164c                _Unwind_GetCFA
                0x00001650                __gnu_Unwind_RaiseException
                0x000016b0                __gnu_Unwind_ForcedUnwind
                0x000016c4                __gnu_Unwind_Resume
                0x00001708                __gnu_Unwind_Resume_or_Rethrow
                0x00001718                _Unwind_Complete
                0x0000171c                _Unwind_DeleteException
                0x00001728                _Unwind_VRS_Get
                0x00001770                _Unwind_VRS_Set
                0x000017b8                __gnu_Unwind_Backtrace
                0x00001ad8                __aeabi_unwind_cpp_pr0
                0x00001adc                __aeabi_unwind_cpp_pr1
                0x00001ae0                __aeabi_unwind_cpp_pr2
                0x00001ae4                _Unwind_VRS_Pop
 .text          0x00001d5c      0x1ac c:/progra~3/matlab/suppor~1/r2022b/3p778c~1.ins/gnuarm~1.ins/win/bin/../lib/gcc/arm-none-eabi/9.3.1/thumb/v7e-m+fp/hard\libgcc.a(libunwind.o)
                0x00001d5c                __restore_core_regs
                0x00001d5c                restore_core_regs
                0x00001d74                __gnu_Unwind_Restore_VFP
                0x00001d7c                __gnu_Unwind_Save_VFP
                0x00001d84                __gnu_Unwind_Restore_VFP_D
                0x00001d8c                __gnu_Unwind_Save_VFP_D
                0x00001d94                __gnu_Unwind_Restore_VFP_D_16_to_31
                0x00001d9c                __gnu_Unwind_Save_VFP_D_16_to_31
                0x00001da4                __gnu_Unwind_Restore_WMMXD
                0x00001de8                __gnu_Unwind_Save_WMMXD
                0x00001e2c                __gnu_Unwind_Restore_WMMXC
                0x00001e40                __gnu_Unwind_Save_WMMXC
                0x00001e54                ___Unwind_RaiseException
                0x00001e54                _Unwind_RaiseException
                0x00001e78                _Unwind_Resume
                0x00001e78                ___Unwind_Resume
                0x00001e9c                _Unwind_Resume_or_Rethrow
                0x00001e9c                ___Unwind_Resume_or_Rethrow
                0x00001ec0                _Unwind_ForcedUnwind
                0x00001ec0                ___Unwind_ForcedUnwind
                0x00001ee4                ___Unwind_Backtrace
                0x00001ee4                _Unwind_Backtrace
 .text          0x00001f08      0x340 c:/progra~3/matlab/suppor~1/r2022b/3p778c~1.ins/gnuarm~1.ins/win/bin/../lib/gcc/arm-none-eabi/9.3.1/thumb/v7e-m+fp/hard\libgcc.a(pr-support.o)
                0x00001f60                __gnu_unwind_execute
                0x000021fc                __gnu_unwind_frame
                0x00002228                _Unwind_GetRegionStart
                0x00002234                _Unwind_GetLanguageSpecificData
 .text          0x00002248        0x4 c:/progra~3/matlab/suppor~1/r2022b/3p778c~1.ins/gnuarm~1.ins/win/bin/../lib/gcc/arm-none-eabi/9.3.1/thumb/v7e-m+fp/hard\libgcc.a(_dvmd_tls.o)
                0x00002248                __aeabi_idiv0
                0x00002248                __aeabi_ldiv0
 .text          0x0000224c      0x134 c:/progra~3/matlab/suppor~1/r2022b/3p778c~1.ins/gnuarm~1.ins/win/bin/../lib/gcc/arm-none-eabi/9.3.1/../../../../arm-none-eabi/lib/thumb/v7e-m+fp/hard\libg.a(lib_a-memcpy.o)
                0x0000224c                memcpy
 .text          0x00002380       0xa0 c:/progra~3/matlab/suppor~1/r2022b/3p778c~1.ins/gnuarm~1.ins/win/bin/../lib/gcc/arm-none-eabi/9.3.1/../../../../arm-none-eabi/lib/thumb/v7e-m+fp/hard\libg.a(lib_a-memchr.o)
                0x00002380                memchr
 *fill*         0x00002420       0x20 
 .text          0x00002440       0xdc c:/progra~3/matlab/suppor~1/r2022b/3p778c~1.ins/gnuarm~1.ins/win/bin/../lib/gcc/arm-none-eabi/9.3.1/../../../../arm-none-eabi/lib/thumb/v7e-m+fp/hard\libg.a(lib_a-strlen.o)
                0x00002440                strlen
 *(.text*)
 .text.EDMA_HAL_HTCDSetDestAddr
                0x0000251c       0x48 MW_SCI.o
 .text.EDMA_HAL_HTCDSetIntCmd
                0x00002564       0x58 MW_SCI.o
 .text.MW_SCI_Open
                0x000025bc      0x5b0 MW_SCI.o
                0x000025bc                MW_SCI_Open
 .text.MW_SCI_SetBaudrate
                0x00002b6c       0x18 MW_SCI.o
                0x00002b6c                MW_SCI_SetBaudrate
 .text.MW_SCI_SetFrameFormat
                0x00002b84       0x28 MW_SCI.o
                0x00002b84                MW_SCI_SetFrameFormat
 .text.MW_SCI_Receive
                0x00002bac       0xa4 MW_SCI.o
                0x00002bac                MW_SCI_Receive
 .text.MW_SCI_Transmit
                0x00002c50       0x80 MW_SCI.o
                0x00002c50                MW_SCI_Transmit
 .text.MW_SCI_Close
                0x00002cd0       0x14 MW_SCI.o
                0x00002cd0                MW_SCI_Close
 .text.MW_UART_DRV_EdmaStartReceiveData
                0x00002ce4       0xac MW_SCI.o
 .text.MW_UART_DRV_EdmaRxCallback
                0x00002d90       0x1c MW_SCI.o
 .text.MW_UART_DRV_EdmaCompleteReceiveData
                0x00002dac      0x120 MW_SCI.o
 .text.MW_digitalIO_open
                0x00002ecc       0xe0 MW_digitalIO.o
                0x00002ecc                MW_digitalIO_open
 .text.MW_digitalIO_read
                0x00002fac       0x70 MW_digitalIO.o
                0x00002fac                MW_digitalIO_read
 .text.MW_digitalIO_write
                0x0000301c       0x7e MW_digitalIO.o
                0x0000301c                MW_digitalIO_write
 .text.MW_digitalIO_close
                0x0000309a       0x3c MW_digitalIO.o
                0x0000309a                MW_digitalIO_close
 *fill*         0x000030d6        0x2 
 .text.PORT_HAL_SetMuxMode
                0x000030d8       0x58 MW_PWM.o
 .text.FTM_HAL_SetClockSource
                0x00003130       0x2e MW_PWM.o
 *fill*         0x0000315e        0x2 
 .text.MW_PWM_Open
                0x00003160      0x164 MW_PWM.o
                0x00003160                MW_PWM_Open
 .text.MW_PWM_Start
                0x000032c4       0x14 MW_PWM.o
                0x000032c4                MW_PWM_Start
 .text.MW_PWM_SetDutyCycle
                0x000032d8       0x7c MW_PWM.o
                0x000032d8                MW_PWM_SetDutyCycle
 .text.MW_PWM_Stop
                0x00003354       0x2c MW_PWM.o
                0x00003354                MW_PWM_Stop
 .text.MW_PWM_Close
                0x00003380       0x14 MW_PWM.o
                0x00003380                MW_PWM_Close
 .text.MW_AnalogInSingle_Open
                0x00003394       0xa8 MW_AnalogInput.o
                0x00003394                MW_AnalogInSingle_Open
 .text.MW_AnalogIn_SetTriggerSource
                0x0000343c       0x1a MW_AnalogInput.o
                0x0000343c                MW_AnalogIn_SetTriggerSource
 *fill*         0x00003456        0x2 
 .text.MW_AnalogInSingle_ReadResult
                0x00003458       0xb8 MW_AnalogInput.o
                0x00003458                MW_AnalogInSingle_ReadResult
 .text.MW_AnalogIn_Start
                0x00003510       0x14 MW_AnalogInput.o
                0x00003510                MW_AnalogIn_Start
 .text.MW_AnalogIn_Stop
                0x00003524       0x14 MW_AnalogInput.o
                0x00003524                MW_AnalogIn_Stop
 .text.MW_AnalogIn_Close
                0x00003538       0x14 MW_AnalogInput.o
                0x00003538                MW_AnalogIn_Close
 .text.baseRateTask
                0x0000354c       0x7c ert_main.o
                0x0000354c                baseRateTask
 .text.terminateTask
                0x000035c8       0x34 ert_main.o
                0x000035c8                terminateTask
 .text.main     0x000035fc       0x48 ert_main.o
                0x000035fc                main
 .text.Assignment1_V4_SystemCore_setup
                0x00003644       0x5e Assignment1_V4.o
 .text.Assi_HARDWARE_TX_INTERFACE_Init
                0x000036a2       0x24 Assignment1_V4.o
                0x000036a2                Assi_HARDWARE_TX_INTERFACE_Init
 .text.Assignmen_HARDWARE_TX_INTERFACE
                0x000036c6       0xd6 Assignment1_V4.o
                0x000036c6                Assignmen_HARDWARE_TX_INTERFACE
 .text.Assi_HARDWARE_TX_INTERFACE_Term
                0x0000379c       0x38 Assignment1_V4.o
                0x0000379c                Assi_HARDWARE_TX_INTERFACE_Term
 .text.Assignment1_V4_Process_Rx
                0x000037d4       0xd4 Assignment1_V4.o
 .text.rt_remd_snf
                0x000038a8      0x1d8 Assignment1_V4.o
                0x000038a8                rt_remd_snf
 .text.Assignment1_V4_mod
                0x00003a80      0x2cc Assignment1_V4.o
 .text.rt_roundd_snf
                0x00003d4c       0xf4 Assignment1_V4.o
                0x00003d4c                rt_roundd_snf
 .text.As_convert_to_enum_Pace_Chamber
                0x00003e40       0x2a Assignment1_V4.o
 .text.convert_to_enum_Pace_Sense_Cham
                0x00003e6a       0x2a Assignment1_V4.o
 .text.convert_to_enum_Pace_Sense_Resp
                0x00003e94       0x2a Assignment1_V4.o
 *fill*         0x00003ebe        0x2 
 .text.broadcast_pace_compl_c3_Assignm
                0x00003ec0       0x30 Assignment1_V4.o
 .text.Assignment1_enter_atomic_Charge
                0x00003ef0       0x78 Assignment1_V4.o
 .text.broadcast_sense_timeout_c3_Assi
                0x00003f68       0x30 Assignment1_V4.o
 .text.Assignm_enter_atomic_Sense_Fail
                0x00003f98       0x3c Assignment1_V4.o
 .text.Assignment1_V_c3_Assignment1_V4
                0x00003fd4      0x55c Assignment1_V4.o
 .text.Assignment1__SystemCore_setup_l
                0x00004530       0x80 Assignment1_V4.o
 .text.Assignment1_V4_step
                0x000045b0      0xe88 Assignment1_V4.o
                0x000045b0                Assignment1_V4_step
 .text.Assignment1_V4_initialize
                0x00005438      0x47c Assignment1_V4.o
                0x00005438                Assignment1_V4_initialize
 .text.Assignment1_V4_terminate
                0x000058b4      0x428 Assignment1_V4.o
                0x000058b4                Assignment1_V4_terminate
 .text.rtGetInf
                0x00005cdc       0x60 rtGetInf.o
                0x00005cdc                rtGetInf
 .text.rtGetInfF
                0x00005d3c       0x20 rtGetInf.o
                0x00005d3c                rtGetInfF
 .text.rtGetMinusInf
                0x00005d5c       0x60 rtGetInf.o
                0x00005d5c                rtGetMinusInf
 .text.rtGetMinusInfF
                0x00005dbc       0x24 rtGetInf.o
                0x00005dbc                rtGetMinusInfF
 .text.rtGetNaN
                0x00005de0       0x60 rtGetNaN.o
                0x00005de0                rtGetNaN
 .text.rtGetNaNF
                0x00005e40       0x28 rtGetNaN.o
                0x00005e40                rtGetNaNF
 .text.rt_InitInfAndNaN
                0x00005e68       0x88 rt_nonfinite.o
                0x00005e68                rt_InitInfAndNaN
 .text.rtIsInf  0x00005ef0       0x48 rt_nonfinite.o
                0x00005ef0                rtIsInf
 .text.rtIsNaN  0x00005f38       0x6c rt_nonfinite.o
                0x00005f38                rtIsNaN
 .text.rtIsNaNF
                0x00005fa4       0x38 rt_nonfinite.o
                0x00005fa4                rtIsNaNF
 .text.init_data_bss
                0x00005fdc       0xd0 startup.o
                0x00005fdc                init_data_bss
 .text.SystemInit
                0x000060ac      0x1dc system_MK64F12.o
                0x000060ac                SystemInit
 .text.SystemCoreClockUpdate
                0x00006288      0x290 system_MK64F12.o
                0x00006288                SystemCoreClockUpdate
 .text.PORT_HAL_SetMuxMode
                0x00006518       0x58 board.o
 .text.SMC_HAL_SetProtection
                0x00006570       0x1e board.o
 *fill*         0x0000658e        0x2 
 .text.BOARD_InitOsc0
                0x00006590       0x30 board.o
                0x00006590                BOARD_InitOsc0
 .text.BOARD_InitRtcOsc
                0x000065c0       0x28 board.o
                0x000065c0                BOARD_InitRtcOsc
 .text.BOARD_ClockInit
                0x000065e8       0x34 board.o
                0x000065e8                BOARD_ClockInit
 .text.hardware_init
                0x0000661c       0x30 hardware_init.o
                0x0000661c                hardware_init
 .text.PORT_HAL_SetMuxMode
                0x0000664c       0x58 pin_mux.o
 .text.SIM_HAL_EnableClock
                0x000066a4       0x44 pin_mux.o
 .text.configure_uart_pins
                0x000066e8      0x194 pin_mux.o
                0x000066e8                configure_uart_pins
 .text.DMA0_IRQHandler
                0x0000687c        0xe fsl_edma_irq.o
                0x0000687c                DMA0_IRQHandler
 .text.DMA1_IRQHandler
                0x0000688a        0xe fsl_edma_irq.o
                0x0000688a                DMA1_IRQHandler
 .text.DMA2_IRQHandler
                0x00006898        0xe fsl_edma_irq.o
                0x00006898                DMA2_IRQHandler
 .text.DMA3_IRQHandler
                0x000068a6        0xe fsl_edma_irq.o
                0x000068a6                DMA3_IRQHandler
 .text.DMA4_IRQHandler
                0x000068b4        0xe fsl_edma_irq.o
                0x000068b4                DMA4_IRQHandler
 .text.DMA5_IRQHandler
                0x000068c2        0xe fsl_edma_irq.o
                0x000068c2                DMA5_IRQHandler
 .text.DMA6_IRQHandler
                0x000068d0        0xe fsl_edma_irq.o
                0x000068d0                DMA6_IRQHandler
 .text.DMA7_IRQHandler
                0x000068de        0xe fsl_edma_irq.o
                0x000068de                DMA7_IRQHandler
 .text.DMA8_IRQHandler
                0x000068ec        0xe fsl_edma_irq.o
                0x000068ec                DMA8_IRQHandler
 .text.DMA9_IRQHandler
                0x000068fa        0xe fsl_edma_irq.o
                0x000068fa                DMA9_IRQHandler
 .text.DMA10_IRQHandler
                0x00006908        0xe fsl_edma_irq.o
                0x00006908                DMA10_IRQHandler
 .text.DMA11_IRQHandler
                0x00006916        0xe fsl_edma_irq.o
                0x00006916                DMA11_IRQHandler
 .text.DMA12_IRQHandler
                0x00006924        0xe fsl_edma_irq.o
                0x00006924                DMA12_IRQHandler
 .text.DMA13_IRQHandler
                0x00006932        0xe fsl_edma_irq.o
                0x00006932                DMA13_IRQHandler
 .text.DMA14_IRQHandler
                0x00006940        0xe fsl_edma_irq.o
                0x00006940                DMA14_IRQHandler
 .text.DMA15_IRQHandler
                0x0000694e        0xe fsl_edma_irq.o
                0x0000694e                DMA15_IRQHandler
 .text.DMA_Error_IRQHandler
                0x0000695c        0xe fsl_edma_irq.o
                0x0000695c                DMA_Error_IRQHandler
 .text.UART0_RX_TX_IRQHandler
                0x0000696a        0xe fsl_uart_irq.o
                0x0000696a                UART0_RX_TX_IRQHandler
 .text.UART1_RX_TX_IRQHandler
                0x00006978        0xe fsl_uart_irq.o
                0x00006978                UART1_RX_TX_IRQHandler
 .text.UART2_RX_TX_IRQHandler
                0x00006986        0xe fsl_uart_irq.o
                0x00006986                UART2_RX_TX_IRQHandler
 .text.UART3_RX_TX_IRQHandler
                0x00006994        0xe fsl_uart_irq.o
                0x00006994                UART3_RX_TX_IRQHandler
 .text.UART4_RX_TX_IRQHandler
                0x000069a2        0xe fsl_uart_irq.o
                0x000069a2                UART4_RX_TX_IRQHandler
 .text.UART5_RX_TX_IRQHandler
                0x000069b0        0xe fsl_uart_irq.o
                0x000069b0                UART5_RX_TX_IRQHandler
 .text.NMI_Handler
                0x000069be        0x6 irq_stub.o
                0x000069be                NMI_Handler
 .text.HardFault_Handler
                0x000069c4        0x6 irq_stub.o
                0x000069c4                HardFault_Handler
 .text.MemManage_Handler
                0x000069ca        0x6 irq_stub.o
                0x000069ca                MemManage_Handler
 .text.BusFault_Handler
                0x000069d0        0x6 irq_stub.o
                0x000069d0                BusFault_Handler
 .text.UsageFault_Handler
                0x000069d6        0x6 irq_stub.o
                0x000069d6                UsageFault_Handler
 .text.DebugMon_Handler
                0x000069dc        0x6 irq_stub.o
                0x000069dc                DebugMon_Handler
 .text.MCM_IRQHandler
                0x000069e2        0x6 irq_stub.o
                0x000069e2                MCM_IRQHandler
 .text.FTFE_IRQHandler
                0x000069e8        0x6 irq_stub.o
                0x000069e8                FTFE_IRQHandler
 .text.Read_Collision_IRQHandler
                0x000069ee        0x6 irq_stub.o
                0x000069ee                Read_Collision_IRQHandler
 .text.LVD_LVW_IRQHandler
                0x000069f4        0x6 irq_stub.o
                0x000069f4                LVD_LVW_IRQHandler
 .text.LLWU_IRQHandler
                0x000069fa        0x6 irq_stub.o
                0x000069fa                LLWU_IRQHandler
 .text.WDOG_EWM_IRQHandler
                0x00006a00        0x6 irq_stub.o
                0x00006a00                WDOG_EWM_IRQHandler
 .text.RNG_IRQHandler
                0x00006a06        0x6 irq_stub.o
                0x00006a06                RNG_IRQHandler
 .text.I2C0_IRQHandler
                0x00006a0c        0x6 irq_stub.o
                0x00006a0c                I2C0_IRQHandler
 .text.I2C1_IRQHandler
                0x00006a12        0x6 irq_stub.o
                0x00006a12                I2C1_IRQHandler
 .text.SPI0_IRQHandler
                0x00006a18        0x6 irq_stub.o
                0x00006a18                SPI0_IRQHandler
 .text.SPI1_IRQHandler
                0x00006a1e        0x6 irq_stub.o
                0x00006a1e                SPI1_IRQHandler
 .text.I2S0_Tx_IRQHandler
                0x00006a24        0x6 irq_stub.o
                0x00006a24                I2S0_Tx_IRQHandler
 .text.I2S0_Rx_IRQHandler
                0x00006a2a        0x6 irq_stub.o
                0x00006a2a                I2S0_Rx_IRQHandler
 .text.UART0_LON_IRQHandler
                0x00006a30        0x6 irq_stub.o
                0x00006a30                UART0_LON_IRQHandler
 .text.UART0_ERR_IRQHandler
                0x00006a36        0x6 irq_stub.o
                0x00006a36                UART0_ERR_IRQHandler
 .text.UART1_ERR_IRQHandler
                0x00006a3c        0x6 irq_stub.o
                0x00006a3c                UART1_ERR_IRQHandler
 .text.UART2_ERR_IRQHandler
                0x00006a42        0x6 irq_stub.o
                0x00006a42                UART2_ERR_IRQHandler
 .text.UART3_ERR_IRQHandler
                0x00006a48        0x6 irq_stub.o
                0x00006a48                UART3_ERR_IRQHandler
 .text.ADC0_IRQHandler
                0x00006a4e        0x6 irq_stub.o
                0x00006a4e                ADC0_IRQHandler
 .text.CMP0_IRQHandler
                0x00006a54        0x6 irq_stub.o
                0x00006a54                CMP0_IRQHandler
 .text.CMP1_IRQHandler
                0x00006a5a        0x6 irq_stub.o
                0x00006a5a                CMP1_IRQHandler
 .text.FTM0_IRQHandler
                0x00006a60        0x6 irq_stub.o
                0x00006a60                FTM0_IRQHandler
 .text.FTM1_IRQHandler
                0x00006a66        0x6 irq_stub.o
                0x00006a66                FTM1_IRQHandler
 .text.FTM2_IRQHandler
                0x00006a6c        0x6 irq_stub.o
                0x00006a6c                FTM2_IRQHandler
 .text.CMT_IRQHandler
                0x00006a72        0x6 irq_stub.o
                0x00006a72                CMT_IRQHandler
 .text.RTC_IRQHandler
                0x00006a78        0x6 irq_stub.o
                0x00006a78                RTC_IRQHandler
 .text.RTC_Seconds_IRQHandler
                0x00006a7e        0x6 irq_stub.o
                0x00006a7e                RTC_Seconds_IRQHandler
 .text.PDB0_IRQHandler
                0x00006a84        0x6 irq_stub.o
                0x00006a84                PDB0_IRQHandler
 .text.USB0_IRQHandler
                0x00006a8a        0x6 irq_stub.o
                0x00006a8a                USB0_IRQHandler
 .text.USBDCD_IRQHandler
                0x00006a90        0x6 irq_stub.o
                0x00006a90                USBDCD_IRQHandler
 .text.Reserved71_IRQHandler
                0x00006a96        0x6 irq_stub.o
                0x00006a96                Reserved71_IRQHandler
 .text.DAC0_IRQHandler
                0x00006a9c        0x6 irq_stub.o
                0x00006a9c                DAC0_IRQHandler
 .text.MCG_IRQHandler
                0x00006aa2        0x6 irq_stub.o
                0x00006aa2                MCG_IRQHandler
 .text.LPTMR0_IRQHandler
                0x00006aa8        0x6 irq_stub.o
                0x00006aa8                LPTMR0_IRQHandler
 .text.PORTA_IRQHandler
                0x00006aae        0x6 irq_stub.o
                0x00006aae                PORTA_IRQHandler
 .text.PORTB_IRQHandler
                0x00006ab4        0x6 irq_stub.o
                0x00006ab4                PORTB_IRQHandler
 .text.PORTC_IRQHandler
                0x00006aba        0x6 irq_stub.o
                0x00006aba                PORTC_IRQHandler
 .text.PORTD_IRQHandler
                0x00006ac0        0x6 irq_stub.o
                0x00006ac0                PORTD_IRQHandler
 .text.PORTE_IRQHandler
                0x00006ac6        0x6 irq_stub.o
                0x00006ac6                PORTE_IRQHandler
 .text.SWI_IRQHandler
                0x00006acc        0x6 irq_stub.o
                0x00006acc                SWI_IRQHandler
 .text.SPI2_IRQHandler
                0x00006ad2        0x6 irq_stub.o
                0x00006ad2                SPI2_IRQHandler
 .text.UART4_ERR_IRQHandler
                0x00006ad8        0x6 irq_stub.o
                0x00006ad8                UART4_ERR_IRQHandler
 .text.UART5_ERR_IRQHandler
                0x00006ade        0x6 irq_stub.o
                0x00006ade                UART5_ERR_IRQHandler
 .text.CMP2_IRQHandler
                0x00006ae4        0x6 irq_stub.o
                0x00006ae4                CMP2_IRQHandler
 .text.FTM3_IRQHandler
                0x00006aea        0x6 irq_stub.o
                0x00006aea                FTM3_IRQHandler
 .text.DAC1_IRQHandler
                0x00006af0        0x6 irq_stub.o
                0x00006af0                DAC1_IRQHandler
 .text.ADC1_IRQHandler
                0x00006af6        0x6 irq_stub.o
                0x00006af6                ADC1_IRQHandler
 .text.I2C2_IRQHandler
                0x00006afc        0x6 irq_stub.o
                0x00006afc                I2C2_IRQHandler
 .text.CAN0_ORed_Message_buffer_IRQHandler
                0x00006b02        0x6 irq_stub.o
                0x00006b02                CAN0_ORed_Message_buffer_IRQHandler
 .text.CAN0_Bus_Off_IRQHandler
                0x00006b08        0x6 irq_stub.o
                0x00006b08                CAN0_Bus_Off_IRQHandler
 .text.CAN0_Error_IRQHandler
                0x00006b0e        0x6 irq_stub.o
                0x00006b0e                CAN0_Error_IRQHandler
 .text.CAN0_Tx_Warning_IRQHandler
                0x00006b14        0x6 irq_stub.o
                0x00006b14                CAN0_Tx_Warning_IRQHandler
 .text.CAN0_Rx_Warning_IRQHandler
                0x00006b1a        0x6 irq_stub.o
                0x00006b1a                CAN0_Rx_Warning_IRQHandler
 .text.CAN0_Wake_Up_IRQHandler
                0x00006b20        0x6 irq_stub.o
                0x00006b20                CAN0_Wake_Up_IRQHandler
 *fill*         0x00006b26        0x2 
 .text._sbrk    0x00006b28       0x5c sbrk.o
                0x00006b28                _sbrk
 .text.schedulerTask
                0x00006b84       0x1c cmsis_rtos_init.o
                0x00006b84                schedulerTask
 .text.mw_initSignalEvents
                0x00006ba0       0x40 cmsis_rtos_init.o
                0x00006ba0                mw_initSignalEvents
 .text.mw_RTOSInit
                0x00006be0       0x8c cmsis_rtos_init.o
                0x00006be0                mw_RTOSInit
 .text.os_idle_demon
                0x00006c6c        0x8 RTX_Conf_CM.o
                0x00006c6c                os_idle_demon
 .text.os_error
                0x00006c74       0x2c RTX_Conf_CM.o
                0x00006c74                os_error
 .text.rt_init_robin
                0x00006ca0        0x4 RTX_Conf_CM.o
                0x00006ca0                rt_init_robin
 .text.rt_chk_robin
                0x00006ca4        0x4 RTX_Conf_CM.o
                0x00006ca4                rt_chk_robin
 .text.software_init_hook
                0x00006ca8       0x34 RTX_Conf_CM.o
                0x00006ca8                software_init_hook
 .text.mw_osThreadCreate
                0x00006cdc       0x52 mw_thread.o
                0x00006cdc                mw_osThreadCreate
 .text.mw_osThreadGetId
                0x00006d2e        0xe mw_thread.o
                0x00006d2e                mw_osThreadGetId
 .text.mw_osThreadExit
                0x00006d3c       0x22 mw_thread.o
                0x00006d3c                mw_osThreadExit
 .text.mw_osTimerCreate
                0x00006d5e       0x4e mw_timer.o
                0x00006d5e                mw_osTimerCreate
 .text.mw_osTimerStart
                0x00006dac       0x24 mw_timer.o
                0x00006dac                mw_osTimerStart
 .text.mw_osSignalSet
                0x00006dd0       0x2e mw_signal.o
                0x00006dd0                mw_osSignalSet
 .text.mw_osSignalClear
                0x00006dfe       0x26 mw_signal.o
                0x00006dfe                mw_osSignalClear
 .text.mw_osSignalWaitEver
                0x00006e24       0x20 mw_signal.o
                0x00006e24                mw_osSignalWaitEver
 .text.mw_osSignalEventCreate
                0x00006e44       0x20 mw_signal.o
                0x00006e44                mw_osSignalEventCreate
 .text.mw_osSignalEventRelease
                0x00006e64       0x26 mw_signal.o
                0x00006e64                mw_osSignalEventRelease
 .text.mw_osSignalEventWaitEver
                0x00006e8a       0x34 mw_signal.o
                0x00006e8a                mw_osSignalEventWaitEver
 *fill*         0x00006ebe        0x2 
 .text.osThreadExit
                0x00006ec0       0x18 C:/ProgramData/MATLAB/SupportPackages/R2022b/3P.instrset/cmsis.instrset/CMSIS/RTOS/RTX/LIB/GCC/libRTX_CM4.a(rt_cmsis.o)
                0x00006ec0                osThreadExit
 .text.svcKernelInitialize
                0x00006ed8      0x104 C:/ProgramData/MATLAB/SupportPackages/R2022b/3P.instrset/cmsis.instrset/CMSIS/RTOS/RTX/LIB/GCC/libRTX_CM4.a(rt_cmsis.o)
                0x00006ed8                svcKernelInitialize
 .text.svcKernelStart
                0x00006fdc       0x48 C:/ProgramData/MATLAB/SupportPackages/R2022b/3P.instrset/cmsis.instrset/CMSIS/RTOS/RTX/LIB/GCC/libRTX_CM4.a(rt_cmsis.o)
                0x00006fdc                svcKernelStart
 .text.osKernelInitialize
                0x00007024       0x28 C:/ProgramData/MATLAB/SupportPackages/R2022b/3P.instrset/cmsis.instrset/CMSIS/RTOS/RTX/LIB/GCC/libRTX_CM4.a(rt_cmsis.o)
                0x00007024                osKernelInitialize
 .text.osKernelStart
                0x0000704c       0x74 C:/ProgramData/MATLAB/SupportPackages/R2022b/3P.instrset/cmsis.instrset/CMSIS/RTOS/RTX/LIB/GCC/libRTX_CM4.a(rt_cmsis.o)
                0x0000704c                osKernelStart
 .text.svcThreadCreate
                0x000070c0       0x7c C:/ProgramData/MATLAB/SupportPackages/R2022b/3P.instrset/cmsis.instrset/CMSIS/RTOS/RTX/LIB/GCC/libRTX_CM4.a(rt_cmsis.o)
                0x000070c0                svcThreadCreate
 .text.svcThreadGetId
                0x0000713c       0x18 C:/ProgramData/MATLAB/SupportPackages/R2022b/3P.instrset/cmsis.instrset/CMSIS/RTOS/RTX/LIB/GCC/libRTX_CM4.a(rt_cmsis.o)
                0x0000713c                svcThreadGetId
 .text.svcThreadTerminate
                0x00007154       0x48 C:/ProgramData/MATLAB/SupportPackages/R2022b/3P.instrset/cmsis.instrset/CMSIS/RTOS/RTX/LIB/GCC/libRTX_CM4.a(rt_cmsis.o)
                0x00007154                svcThreadTerminate
 .text.osThreadCreate
                0x0000719c       0xa4 C:/ProgramData/MATLAB/SupportPackages/R2022b/3P.instrset/cmsis.instrset/CMSIS/RTOS/RTX/LIB/GCC/libRTX_CM4.a(rt_cmsis.o)
                0x0000719c                osThreadCreate
 .text.osThreadGetId
                0x00007240       0x18 C:/ProgramData/MATLAB/SupportPackages/R2022b/3P.instrset/cmsis.instrset/CMSIS/RTOS/RTX/LIB/GCC/libRTX_CM4.a(rt_cmsis.o)
                0x00007240                osThreadGetId
 .text.osThreadTerminate
                0x00007258       0x18 C:/ProgramData/MATLAB/SupportPackages/R2022b/3P.instrset/cmsis.instrset/CMSIS/RTOS/RTX/LIB/GCC/libRTX_CM4.a(rt_cmsis.o)
                0x00007258                osThreadTerminate
 .text.svcTimerCreate
                0x00007270       0x40 C:/ProgramData/MATLAB/SupportPackages/R2022b/3P.instrset/cmsis.instrset/CMSIS/RTOS/RTX/LIB/GCC/libRTX_CM4.a(rt_cmsis.o)
                0x00007270                svcTimerCreate
 .text.svcTimerStart
                0x000072b0       0xdc C:/ProgramData/MATLAB/SupportPackages/R2022b/3P.instrset/cmsis.instrset/CMSIS/RTOS/RTX/LIB/GCC/libRTX_CM4.a(rt_cmsis.o)
                0x000072b0                svcTimerStart
 .text.svcTimerCall
                0x0000738c       0x18 C:/ProgramData/MATLAB/SupportPackages/R2022b/3P.instrset/cmsis.instrset/CMSIS/RTOS/RTX/LIB/GCC/libRTX_CM4.a(rt_cmsis.o)
                0x0000738c                svcTimerCall
 .text.sysTimerTick
                0x000073a4       0xc8 C:/ProgramData/MATLAB/SupportPackages/R2022b/3P.instrset/cmsis.instrset/CMSIS/RTOS/RTX/LIB/GCC/libRTX_CM4.a(rt_cmsis.o)
                0x000073a4                sysTimerTick
 .text.osTimerCreate
                0x0000746c       0x68 C:/ProgramData/MATLAB/SupportPackages/R2022b/3P.instrset/cmsis.instrset/CMSIS/RTOS/RTX/LIB/GCC/libRTX_CM4.a(rt_cmsis.o)
                0x0000746c                osTimerCreate
 .text.osTimerStart
                0x000074d4       0x18 C:/ProgramData/MATLAB/SupportPackages/R2022b/3P.instrset/cmsis.instrset/CMSIS/RTOS/RTX/LIB/GCC/libRTX_CM4.a(rt_cmsis.o)
                0x000074d4                osTimerStart
 .text.osTimerThread
                0x000074ec       0x3c C:/ProgramData/MATLAB/SupportPackages/R2022b/3P.instrset/cmsis.instrset/CMSIS/RTOS/RTX/LIB/GCC/libRTX_CM4.a(rt_cmsis.o)
                0x000074ec                osTimerThread
 .text.svcSignalSet
                0x00007528       0x2c C:/ProgramData/MATLAB/SupportPackages/R2022b/3P.instrset/cmsis.instrset/CMSIS/RTOS/RTX/LIB/GCC/libRTX_CM4.a(rt_cmsis.o)
                0x00007528                svcSignalSet
 .text.svcSignalClear
                0x00007554       0x2c C:/ProgramData/MATLAB/SupportPackages/R2022b/3P.instrset/cmsis.instrset/CMSIS/RTOS/RTX/LIB/GCC/libRTX_CM4.a(rt_cmsis.o)
                0x00007554                svcSignalClear
 .text.svcSignalWait
                0x00007580      0x100 C:/ProgramData/MATLAB/SupportPackages/R2022b/3P.instrset/cmsis.instrset/CMSIS/RTOS/RTX/LIB/GCC/libRTX_CM4.a(rt_cmsis.o)
                0x00007580                svcSignalWait
 .text.osSignalSet
                0x00007680       0x40 C:/ProgramData/MATLAB/SupportPackages/R2022b/3P.instrset/cmsis.instrset/CMSIS/RTOS/RTX/LIB/GCC/libRTX_CM4.a(rt_cmsis.o)
                0x00007680                osSignalSet
 .text.osSignalClear
                0x000076c0       0x1c C:/ProgramData/MATLAB/SupportPackages/R2022b/3P.instrset/cmsis.instrset/CMSIS/RTOS/RTX/LIB/GCC/libRTX_CM4.a(rt_cmsis.o)
                0x000076c0                osSignalClear
 .text.osSignalWait
                0x000076dc       0x2c C:/ProgramData/MATLAB/SupportPackages/R2022b/3P.instrset/cmsis.instrset/CMSIS/RTOS/RTX/LIB/GCC/libRTX_CM4.a(rt_cmsis.o)
                0x000076dc                osSignalWait
 .text.svcMessageGet
                0x00007708       0xbc C:/ProgramData/MATLAB/SupportPackages/R2022b/3P.instrset/cmsis.instrset/CMSIS/RTOS/RTX/LIB/GCC/libRTX_CM4.a(rt_cmsis.o)
                0x00007708                svcMessageGet
 .text.rt_init_stack
                0x000077c4       0xa8 C:/ProgramData/MATLAB/SupportPackages/R2022b/3P.instrset/cmsis.instrset/CMSIS/RTOS/RTX/LIB/GCC/libRTX_CM4.a(hal_cm.o)
                0x000077c4                rt_init_stack
 .text.rt_ret_val
                0x0000786c       0x14 C:/ProgramData/MATLAB/SupportPackages/R2022b/3P.instrset/cmsis.instrset/CMSIS/RTOS/RTX/LIB/GCC/libRTX_CM4.a(hal_cm.o)
                0x0000786c                rt_ret_val
 .text.rt_ret_val2
                0x00007880       0x24 C:/ProgramData/MATLAB/SupportPackages/R2022b/3P.instrset/cmsis.instrset/CMSIS/RTOS/RTX/LIB/GCC/libRTX_CM4.a(hal_cm.o)
                0x00007880                rt_ret_val2
 .text.dbg_init
                0x000078a4       0x34 C:/ProgramData/MATLAB/SupportPackages/R2022b/3P.instrset/cmsis.instrset/CMSIS/RTOS/RTX/LIB/GCC/libRTX_CM4.a(hal_cm.o)
                0x000078a4                dbg_init
 .text.dbg_task_notify
                0x000078d8       0x2c C:/ProgramData/MATLAB/SupportPackages/R2022b/3P.instrset/cmsis.instrset/CMSIS/RTOS/RTX/LIB/GCC/libRTX_CM4.a(hal_cm.o)
                0x000078d8                dbg_task_notify
 .text.dbg_task_switch
                0x00007904       0x14 C:/ProgramData/MATLAB/SupportPackages/R2022b/3P.instrset/cmsis.instrset/CMSIS/RTOS/RTX/LIB/GCC/libRTX_CM4.a(hal_cm.o)
                0x00007904                dbg_task_switch
 .text.rt_init_mem
                0x00007918       0x1c C:/ProgramData/MATLAB/SupportPackages/R2022b/3P.instrset/cmsis.instrset/CMSIS/RTOS/RTX/LIB/GCC/libRTX_CM4.a(rt_memory.o)
                0x00007918                rt_init_mem
 .text.rt_alloc_mem
                0x00007934       0x48 C:/ProgramData/MATLAB/SupportPackages/R2022b/3P.instrset/cmsis.instrset/CMSIS/RTOS/RTX/LIB/GCC/libRTX_CM4.a(rt_memory.o)
                0x00007934                rt_alloc_mem
 .text.rt_free_mem
                0x0000797c       0x54 C:/ProgramData/MATLAB/SupportPackages/R2022b/3P.instrset/cmsis.instrset/CMSIS/RTOS/RTX/LIB/GCC/libRTX_CM4.a(rt_memory.o)
                0x0000797c                rt_free_mem
 .text._init_box
                0x000079d0       0x58 C:/ProgramData/MATLAB/SupportPackages/R2022b/3P.instrset/cmsis.instrset/CMSIS/RTOS/RTX/LIB/GCC/libRTX_CM4.a(rt_membox.o)
                0x000079d0                _init_box
 .text.rt_alloc_box
                0x00007a28       0x1c C:/ProgramData/MATLAB/SupportPackages/R2022b/3P.instrset/cmsis.instrset/CMSIS/RTOS/RTX/LIB/GCC/libRTX_CM4.a(rt_membox.o)
                0x00007a28                rt_alloc_box
 .text.rt_free_box
                0x00007a44       0x28 C:/ProgramData/MATLAB/SupportPackages/R2022b/3P.instrset/cmsis.instrset/CMSIS/RTOS/RTX/LIB/GCC/libRTX_CM4.a(rt_membox.o)
                0x00007a44                rt_free_box
 .text.rt_sem_psh
                0x00007a6c       0x34 C:/ProgramData/MATLAB/SupportPackages/R2022b/3P.instrset/cmsis.instrset/CMSIS/RTOS/RTX/LIB/GCC/libRTX_CM4.a(rt_semaphore.o)
                0x00007a6c                rt_sem_psh
 .text.rt_mbx_init
                0x00007aa0       0x18 C:/ProgramData/MATLAB/SupportPackages/R2022b/3P.instrset/cmsis.instrset/CMSIS/RTOS/RTX/LIB/GCC/libRTX_CM4.a(rt_mailbox.o)
                0x00007aa0                rt_mbx_init
 .text.rt_mbx_wait
                0x00007ab8       0xa8 C:/ProgramData/MATLAB/SupportPackages/R2022b/3P.instrset/cmsis.instrset/CMSIS/RTOS/RTX/LIB/GCC/libRTX_CM4.a(rt_mailbox.o)
                0x00007ab8                rt_mbx_wait
 .text.rt_mbx_check
                0x00007b60        0x8 C:/ProgramData/MATLAB/SupportPackages/R2022b/3P.instrset/cmsis.instrset/CMSIS/RTOS/RTX/LIB/GCC/libRTX_CM4.a(rt_mailbox.o)
                0x00007b60                rt_mbx_check
 .text.isr_mbx_send
                0x00007b68       0x10 C:/ProgramData/MATLAB/SupportPackages/R2022b/3P.instrset/cmsis.instrset/CMSIS/RTOS/RTX/LIB/GCC/libRTX_CM4.a(rt_mailbox.o)
                0x00007b68                isr_mbx_send
 .text.rt_mbx_psh
                0x00007b78       0xe8 C:/ProgramData/MATLAB/SupportPackages/R2022b/3P.instrset/cmsis.instrset/CMSIS/RTOS/RTX/LIB/GCC/libRTX_CM4.a(rt_mailbox.o)
                0x00007b78                rt_mbx_psh
 .text.rt_put_prio
                0x00007c60       0x50 C:/ProgramData/MATLAB/SupportPackages/R2022b/3P.instrset/cmsis.instrset/CMSIS/RTOS/RTX/LIB/GCC/libRTX_CM4.a(rt_list.o)
                0x00007c60                rt_put_prio
 .text.rt_get_first
                0x00007cb0       0x28 C:/ProgramData/MATLAB/SupportPackages/R2022b/3P.instrset/cmsis.instrset/CMSIS/RTOS/RTX/LIB/GCC/libRTX_CM4.a(rt_list.o)
                0x00007cb0                rt_get_first
 .text.rt_put_rdy_first
                0x00007cd8       0x14 C:/ProgramData/MATLAB/SupportPackages/R2022b/3P.instrset/cmsis.instrset/CMSIS/RTOS/RTX/LIB/GCC/libRTX_CM4.a(rt_list.o)
                0x00007cd8                rt_put_rdy_first
 .text.rt_resort_prio
                0x00007cec       0xac C:/ProgramData/MATLAB/SupportPackages/R2022b/3P.instrset/cmsis.instrset/CMSIS/RTOS/RTX/LIB/GCC/libRTX_CM4.a(rt_list.o)
                0x00007cec                rt_resort_prio
 .text.rt_put_dly
                0x00007d98       0x60 C:/ProgramData/MATLAB/SupportPackages/R2022b/3P.instrset/cmsis.instrset/CMSIS/RTOS/RTX/LIB/GCC/libRTX_CM4.a(rt_list.o)
                0x00007d98                rt_put_dly
 .text.rt_dec_dly
                0x00007df8       0xbc C:/ProgramData/MATLAB/SupportPackages/R2022b/3P.instrset/cmsis.instrset/CMSIS/RTOS/RTX/LIB/GCC/libRTX_CM4.a(rt_list.o)
                0x00007df8                rt_dec_dly
 .text.rt_rmv_list
                0x00007eb4       0x2c C:/ProgramData/MATLAB/SupportPackages/R2022b/3P.instrset/cmsis.instrset/CMSIS/RTOS/RTX/LIB/GCC/libRTX_CM4.a(rt_list.o)
                0x00007eb4                rt_rmv_list
 .text.rt_rmv_dly
                0x00007ee0       0x30 C:/ProgramData/MATLAB/SupportPackages/R2022b/3P.instrset/cmsis.instrset/CMSIS/RTOS/RTX/LIB/GCC/libRTX_CM4.a(rt_list.o)
                0x00007ee0                rt_rmv_dly
 .text.rt_psq_enq
                0x00007f10       0x44 C:/ProgramData/MATLAB/SupportPackages/R2022b/3P.instrset/cmsis.instrset/CMSIS/RTOS/RTX/LIB/GCC/libRTX_CM4.a(rt_list.o)
                0x00007f10                rt_psq_enq
 .text.rt_evt_wait
                0x00007f54       0x44 C:/ProgramData/MATLAB/SupportPackages/R2022b/3P.instrset/cmsis.instrset/CMSIS/RTOS/RTX/LIB/GCC/libRTX_CM4.a(rt_event.o)
                0x00007f54                rt_evt_wait
 .text.rt_evt_set
                0x00007f98       0x58 C:/ProgramData/MATLAB/SupportPackages/R2022b/3P.instrset/cmsis.instrset/CMSIS/RTOS/RTX/LIB/GCC/libRTX_CM4.a(rt_event.o)
                0x00007f98                rt_evt_set
 .text.rt_evt_clr
                0x00007ff0       0x18 C:/ProgramData/MATLAB/SupportPackages/R2022b/3P.instrset/cmsis.instrset/CMSIS/RTOS/RTX/LIB/GCC/libRTX_CM4.a(rt_event.o)
                0x00007ff0                rt_evt_clr
 .text.isr_evt_set
                0x00008008       0x24 C:/ProgramData/MATLAB/SupportPackages/R2022b/3P.instrset/cmsis.instrset/CMSIS/RTOS/RTX/LIB/GCC/libRTX_CM4.a(rt_event.o)
                0x00008008                isr_evt_set
 .text.rt_evt_psh
                0x0000802c       0x50 C:/ProgramData/MATLAB/SupportPackages/R2022b/3P.instrset/cmsis.instrset/CMSIS/RTOS/RTX/LIB/GCC/libRTX_CM4.a(rt_event.o)
                0x0000802c                rt_evt_psh
 .text.rt_psh_req
                0x0000807c       0x20 C:/ProgramData/MATLAB/SupportPackages/R2022b/3P.instrset/cmsis.instrset/CMSIS/RTOS/RTX/LIB/GCC/libRTX_CM4.a(rt_system.o)
                0x0000807c                rt_psh_req
 .text.rt_pop_req
                0x0000809c       0x9c C:/ProgramData/MATLAB/SupportPackages/R2022b/3P.instrset/cmsis.instrset/CMSIS/RTOS/RTX/LIB/GCC/libRTX_CM4.a(rt_system.o)
                0x0000809c                rt_pop_req
 .text.os_tick_init
                0x00008138       0x40 C:/ProgramData/MATLAB/SupportPackages/R2022b/3P.instrset/cmsis.instrset/CMSIS/RTOS/RTX/LIB/GCC/libRTX_CM4.a(rt_system.o)
                0x00008138                os_tick_init
 .text.os_tick_irqack
                0x00008178        0x4 C:/ProgramData/MATLAB/SupportPackages/R2022b/3P.instrset/cmsis.instrset/CMSIS/RTOS/RTX/LIB/GCC/libRTX_CM4.a(rt_system.o)
                0x00008178                os_tick_irqack
 .text.rt_systick
                0x0000817c       0x3c C:/ProgramData/MATLAB/SupportPackages/R2022b/3P.instrset/cmsis.instrset/CMSIS/RTOS/RTX/LIB/GCC/libRTX_CM4.a(rt_system.o)
                0x0000817c                rt_systick
 .text.rt_stk_check
                0x000081b8       0x24 C:/ProgramData/MATLAB/SupportPackages/R2022b/3P.instrset/cmsis.instrset/CMSIS/RTOS/RTX/LIB/GCC/libRTX_CM4.a(rt_system.o)
                0x000081b8                rt_stk_check
 .text.rt_switch_req
                0x000081dc       0x24 C:/ProgramData/MATLAB/SupportPackages/R2022b/3P.instrset/cmsis.instrset/CMSIS/RTOS/RTX/LIB/GCC/libRTX_CM4.a(rt_task.o)
                0x000081dc                rt_switch_req
 .text.rt_dispatch
                0x00008200       0x78 C:/ProgramData/MATLAB/SupportPackages/R2022b/3P.instrset/cmsis.instrset/CMSIS/RTOS/RTX/LIB/GCC/libRTX_CM4.a(rt_task.o)
                0x00008200                rt_dispatch
 .text.rt_block
                0x00008278       0x50 C:/ProgramData/MATLAB/SupportPackages/R2022b/3P.instrset/cmsis.instrset/CMSIS/RTOS/RTX/LIB/GCC/libRTX_CM4.a(rt_task.o)
                0x00008278                rt_block
 .text.rt_tsk_self
                0x000082c8       0x10 C:/ProgramData/MATLAB/SupportPackages/R2022b/3P.instrset/cmsis.instrset/CMSIS/RTOS/RTX/LIB/GCC/libRTX_CM4.a(rt_task.o)
                0x000082c8                rt_tsk_self
 .text.rt_tsk_prio
                0x000082d8       0xa0 C:/ProgramData/MATLAB/SupportPackages/R2022b/3P.instrset/cmsis.instrset/CMSIS/RTOS/RTX/LIB/GCC/libRTX_CM4.a(rt_task.o)
                0x000082d8                rt_tsk_prio
 .text.rt_tsk_create
                0x00008378       0xc8 C:/ProgramData/MATLAB/SupportPackages/R2022b/3P.instrset/cmsis.instrset/CMSIS/RTOS/RTX/LIB/GCC/libRTX_CM4.a(rt_task.o)
                0x00008378                rt_tsk_create
 .text.rt_tsk_delete
                0x00008440      0x1bc C:/ProgramData/MATLAB/SupportPackages/R2022b/3P.instrset/cmsis.instrset/CMSIS/RTOS/RTX/LIB/GCC/libRTX_CM4.a(rt_task.o)
                0x00008440                rt_tsk_delete
 .text.rt_sys_init
                0x000085fc       0xdc C:/ProgramData/MATLAB/SupportPackages/R2022b/3P.instrset/cmsis.instrset/CMSIS/RTOS/RTX/LIB/GCC/libRTX_CM4.a(rt_task.o)
                0x000085fc                rt_sys_init
 .text.rt_sys_start
                0x000086d8       0x8c C:/ProgramData/MATLAB/SupportPackages/R2022b/3P.instrset/cmsis.instrset/CMSIS/RTOS/RTX/LIB/GCC/libRTX_CM4.a(rt_task.o)
                0x000086d8                rt_sys_start
 .text.OSA_TimeInit
                0x00008764       0x40 C:/ProgramData/MATLAB/SupportPackages/R2022b/toolbox/target/supportpackages/freedomk64f/src/ksdk_armgcc_lib/bm/libksdk_platform.a(fsl_os_abstraction_bm.o)
                0x00008764                OSA_TimeInit
 .text.OSA_SemaCreate
                0x000087a4       0x2c C:/ProgramData/MATLAB/SupportPackages/R2022b/toolbox/target/supportpackages/freedomk64f/src/ksdk_armgcc_lib/bm/libksdk_platform.a(fsl_os_abstraction_bm.o)
                0x000087a4                OSA_SemaCreate
 .text.OSA_SemaPost
                0x000087d0       0x3c C:/ProgramData/MATLAB/SupportPackages/R2022b/toolbox/target/supportpackages/freedomk64f/src/ksdk_armgcc_lib/bm/libksdk_platform.a(fsl_os_abstraction_bm.o)
                0x000087d0                OSA_SemaPost
 .text.task_init
                0x0000880c       0x38 C:/ProgramData/MATLAB/SupportPackages/R2022b/toolbox/target/supportpackages/freedomk64f/src/ksdk_armgcc_lib/bm/libksdk_platform.a(fsl_os_abstraction_bm.o)
                0x0000880c                task_init
 .text.OSA_Init
                0x00008844        0xe C:/ProgramData/MATLAB/SupportPackages/R2022b/toolbox/target/supportpackages/freedomk64f/src/ksdk_armgcc_lib/bm/libksdk_platform.a(fsl_os_abstraction_bm.o)
                0x00008844                OSA_Init
 *fill*         0x00008852        0x2 
 .text.CLOCK_SYS_SetMcgPeeToFbe
                0x00008854       0x34 C:/ProgramData/MATLAB/SupportPackages/R2022b/toolbox/target/supportpackages/freedomk64f/src/ksdk_armgcc_lib/bm/libksdk_platform.a(fsl_clock_manager.o)
 .text.CLOCK_SYS_SetMcgMode
                0x00008888      0x124 C:/ProgramData/MATLAB/SupportPackages/R2022b/toolbox/target/supportpackages/freedomk64f/src/ksdk_armgcc_lib/bm/libksdk_platform.a(fsl_clock_manager.o)
                0x00008888                CLOCK_SYS_SetMcgMode
 .text.CLOCK_SYS_SetOscerConfigration
                0x000089ac       0x20 C:/ProgramData/MATLAB/SupportPackages/R2022b/toolbox/target/supportpackages/freedomk64f/src/ksdk_armgcc_lib/bm/libksdk_platform.a(fsl_clock_manager.o)
                0x000089ac                CLOCK_SYS_SetOscerConfigration
 .text.CLOCK_SYS_OscInit
                0x000089cc       0x98 C:/ProgramData/MATLAB/SupportPackages/R2022b/toolbox/target/supportpackages/freedomk64f/src/ksdk_armgcc_lib/bm/libksdk_platform.a(fsl_clock_manager.o)
                0x000089cc                CLOCK_SYS_OscInit
 .text.CLOCK_SYS_RtcOscInit
                0x00008a64       0x6c C:/ProgramData/MATLAB/SupportPackages/R2022b/toolbox/target/supportpackages/freedomk64f/src/ksdk_armgcc_lib/bm/libksdk_platform.a(fsl_clock_manager.o)
                0x00008a64                CLOCK_SYS_RtcOscInit
 .text.SIM_HAL_EnableClock.constprop.0
                0x00008ad0       0x1c C:/ProgramData/MATLAB/SupportPackages/R2022b/toolbox/target/supportpackages/freedomk64f/src/ksdk_armgcc_lib/bm/libksdk_platform.a(fsl_clock_MK64F12.o)
 .text.CLOCK_SYS_GetCoreClockFreq
                0x00008aec       0x24 C:/ProgramData/MATLAB/SupportPackages/R2022b/toolbox/target/supportpackages/freedomk64f/src/ksdk_armgcc_lib/bm/libksdk_platform.a(fsl_clock_MK64F12.o)
                0x00008aec                CLOCK_SYS_GetCoreClockFreq
 .text.CLOCK_SYS_SetConfiguration
                0x00008b10       0x94 C:/ProgramData/MATLAB/SupportPackages/R2022b/toolbox/target/supportpackages/freedomk64f/src/ksdk_armgcc_lib/bm/libksdk_platform.a(fsl_clock_MK64F12.o)
                0x00008b10                CLOCK_SYS_SetConfiguration
 .text.CLOCK_SYS_FllStableDelay
                0x00008ba4       0x18 C:/ProgramData/MATLAB/SupportPackages/R2022b/toolbox/target/supportpackages/freedomk64f/src/ksdk_armgcc_lib/bm/libksdk_platform.a(fsl_clock_MK64F12.o)
 .text.CLOCK_SYS_GetBusClockFreq
                0x00008bbc       0x24 C:/ProgramData/MATLAB/SupportPackages/R2022b/toolbox/target/supportpackages/freedomk64f/src/ksdk_armgcc_lib/bm/libksdk_platform.a(fsl_clock_MK64F12.o)
                0x00008bbc                CLOCK_SYS_GetBusClockFreq
 .text.CLOCK_SYS_GetUartFreq
                0x00008be0       0x16 C:/ProgramData/MATLAB/SupportPackages/R2022b/toolbox/target/supportpackages/freedomk64f/src/ksdk_armgcc_lib/bm/libksdk_platform.a(fsl_clock_MK64F12.o)
                0x00008be0                CLOCK_SYS_GetUartFreq
 *fill*         0x00008bf6        0x2 
 .text.CLOCK_SYS_GetFtmExternalFreq
                0x00008bf8       0x20 C:/ProgramData/MATLAB/SupportPackages/R2022b/toolbox/target/supportpackages/freedomk64f/src/ksdk_armgcc_lib/bm/libksdk_platform.a(fsl_clock_MK64F12.o)
                0x00008bf8                CLOCK_SYS_GetFtmExternalFreq
 .text.CLOCK_SYS_EnablePortClock
                0x00008c18       0x30 C:/ProgramData/MATLAB/SupportPackages/R2022b/toolbox/target/supportpackages/freedomk64f/src/ksdk_armgcc_lib/bm/libksdk_platform.a(fsl_clock_MK64F12.o)
                0x00008c18                CLOCK_SYS_EnablePortClock
 .text.CLOCK_SYS_EnableAdcClock
                0x00008c48       0x30 C:/ProgramData/MATLAB/SupportPackages/R2022b/toolbox/target/supportpackages/freedomk64f/src/ksdk_armgcc_lib/bm/libksdk_platform.a(fsl_clock_MK64F12.o)
                0x00008c48                CLOCK_SYS_EnableAdcClock
 .text.CLOCK_SYS_EnableFtmClock
                0x00008c78       0x30 C:/ProgramData/MATLAB/SupportPackages/R2022b/toolbox/target/supportpackages/freedomk64f/src/ksdk_armgcc_lib/bm/libksdk_platform.a(fsl_clock_MK64F12.o)
                0x00008c78                CLOCK_SYS_EnableFtmClock
 .text.CLOCK_SYS_EnableUartClock
                0x00008ca8       0x30 C:/ProgramData/MATLAB/SupportPackages/R2022b/toolbox/target/supportpackages/freedomk64f/src/ksdk_armgcc_lib/bm/libksdk_platform.a(fsl_clock_MK64F12.o)
                0x00008ca8                CLOCK_SYS_EnableUartClock
 .text.INT_SYS_EnableIRQGlobal
                0x00008cd8       0x14 C:/ProgramData/MATLAB/SupportPackages/R2022b/toolbox/target/supportpackages/freedomk64f/src/ksdk_armgcc_lib/bm/libksdk_platform.a(fsl_interrupt_manager.o)
                0x00008cd8                INT_SYS_EnableIRQGlobal
 .text.INT_SYS_DisableIRQGlobal
                0x00008cec       0x10 C:/ProgramData/MATLAB/SupportPackages/R2022b/toolbox/target/supportpackages/freedomk64f/src/ksdk_armgcc_lib/bm/libksdk_platform.a(fsl_interrupt_manager.o)
                0x00008cec                INT_SYS_DisableIRQGlobal
 .text.ADC16_HAL_GetChnConvCompletedFlag.part.0
                0x00008cfc       0x1c C:/ProgramData/MATLAB/SupportPackages/R2022b/toolbox/target/supportpackages/freedomk64f/src/ksdk_armgcc_lib/bm/libksdk_platform.a(fsl_adc16_driver.o)
 .text.ADC16_DRV_StructInitUserConfigDefault
                0x00008d18       0x24 C:/ProgramData/MATLAB/SupportPackages/R2022b/toolbox/target/supportpackages/freedomk64f/src/ksdk_armgcc_lib/bm/libksdk_platform.a(fsl_adc16_driver.o)
                0x00008d18                ADC16_DRV_StructInitUserConfigDefault
 .text.ADC16_DRV_Init
                0x00008d3c       0x90 C:/ProgramData/MATLAB/SupportPackages/R2022b/toolbox/target/supportpackages/freedomk64f/src/ksdk_armgcc_lib/bm/libksdk_platform.a(fsl_adc16_driver.o)
                0x00008d3c                ADC16_DRV_Init
 .text.ADC16_DRV_SetChnMux
                0x00008dcc       0x40 C:/ProgramData/MATLAB/SupportPackages/R2022b/toolbox/target/supportpackages/freedomk64f/src/ksdk_armgcc_lib/bm/libksdk_platform.a(fsl_adc16_driver.o)
                0x00008dcc                ADC16_DRV_SetChnMux
 .text.ADC16_DRV_ConfigConvChn
                0x00008e0c       0x38 C:/ProgramData/MATLAB/SupportPackages/R2022b/toolbox/target/supportpackages/freedomk64f/src/ksdk_armgcc_lib/bm/libksdk_platform.a(fsl_adc16_driver.o)
                0x00008e0c                ADC16_DRV_ConfigConvChn
 .text.ADC16_DRV_WaitConvDone
                0x00008e44       0x48 C:/ProgramData/MATLAB/SupportPackages/R2022b/toolbox/target/supportpackages/freedomk64f/src/ksdk_armgcc_lib/bm/libksdk_platform.a(fsl_adc16_driver.o)
                0x00008e44                ADC16_DRV_WaitConvDone
 .text.ADC16_DRV_GetConvValueRAW
                0x00008e8c       0x50 C:/ProgramData/MATLAB/SupportPackages/R2022b/toolbox/target/supportpackages/freedomk64f/src/ksdk_armgcc_lib/bm/libksdk_platform.a(fsl_adc16_driver.o)
                0x00008e8c                ADC16_DRV_GetConvValueRAW
 .text.EDMA_HAL_SetErrorIntCmd
                0x00008edc        0xa C:/ProgramData/MATLAB/SupportPackages/R2022b/toolbox/target/supportpackages/freedomk64f/src/ksdk_armgcc_lib/bm/libksdk_platform.a(fsl_edma_hal.o)
                0x00008edc                EDMA_HAL_SetErrorIntCmd
 .text.EDMA_HAL_SetDmaRequestCmd
                0x00008ee6        0xa C:/ProgramData/MATLAB/SupportPackages/R2022b/toolbox/target/supportpackages/freedomk64f/src/ksdk_armgcc_lib/bm/libksdk_platform.a(fsl_edma_hal.o)
                0x00008ee6                EDMA_HAL_SetDmaRequestCmd
 .text.EDMA_HAL_HTCDClearReg
                0x00008ef0       0x4a C:/ProgramData/MATLAB/SupportPackages/R2022b/toolbox/target/supportpackages/freedomk64f/src/ksdk_armgcc_lib/bm/libksdk_platform.a(fsl_edma_hal.o)
                0x00008ef0                EDMA_HAL_HTCDClearReg
 .text.EDMA_HAL_Init
                0x00008f3a       0x28 C:/ProgramData/MATLAB/SupportPackages/R2022b/toolbox/target/supportpackages/freedomk64f/src/ksdk_armgcc_lib/bm/libksdk_platform.a(fsl_edma_hal.o)
                0x00008f3a                EDMA_HAL_Init
 *fill*         0x00008f62        0x2 
 .text.EDMA_HAL_HTCDSetAttribute
                0x00008f64       0x48 C:/ProgramData/MATLAB/SupportPackages/R2022b/toolbox/target/supportpackages/freedomk64f/src/ksdk_armgcc_lib/bm/libksdk_platform.a(fsl_edma_hal.o)
                0x00008f64                EDMA_HAL_HTCDSetAttribute
 .text.EDMA_HAL_HTCDSetNbytes
                0x00008fac       0x7c C:/ProgramData/MATLAB/SupportPackages/R2022b/toolbox/target/supportpackages/freedomk64f/src/ksdk_armgcc_lib/bm/libksdk_platform.a(fsl_edma_hal.o)
                0x00008fac                EDMA_HAL_HTCDSetNbytes
 .text.EDMA_HAL_HTCDGetNbytes
                0x00009028       0x68 C:/ProgramData/MATLAB/SupportPackages/R2022b/toolbox/target/supportpackages/freedomk64f/src/ksdk_armgcc_lib/bm/libksdk_platform.a(fsl_edma_hal.o)
                0x00009028                EDMA_HAL_HTCDGetNbytes
 .text.EDMA_HAL_HTCDSetChannelMinorLink
                0x00009090       0x80 C:/ProgramData/MATLAB/SupportPackages/R2022b/toolbox/target/supportpackages/freedomk64f/src/ksdk_armgcc_lib/bm/libksdk_platform.a(fsl_edma_hal.o)
                0x00009090                EDMA_HAL_HTCDSetChannelMinorLink
 .text.EDMA_HAL_HTCDSetMajorCount
                0x00009110       0x78 C:/ProgramData/MATLAB/SupportPackages/R2022b/toolbox/target/supportpackages/freedomk64f/src/ksdk_armgcc_lib/bm/libksdk_platform.a(fsl_edma_hal.o)
                0x00009110                EDMA_HAL_HTCDSetMajorCount
 .text.EDMA_HAL_HTCDGetUnfinishedBytes
                0x00009188       0x54 C:/ProgramData/MATLAB/SupportPackages/R2022b/toolbox/target/supportpackages/freedomk64f/src/ksdk_armgcc_lib/bm/libksdk_platform.a(fsl_edma_hal.o)
                0x00009188                EDMA_HAL_HTCDGetUnfinishedBytes
 .text.INT_SYS_EnableIRQ
                0x000091dc       0x48 C:/ProgramData/MATLAB/SupportPackages/R2022b/toolbox/target/supportpackages/freedomk64f/src/ksdk_armgcc_lib/bm/libksdk_platform.a(fsl_edma_driver.o)
 .text.EDMA_DRV_ClaimChannel
                0x00009224       0x70 C:/ProgramData/MATLAB/SupportPackages/R2022b/toolbox/target/supportpackages/freedomk64f/src/ksdk_armgcc_lib/bm/libksdk_platform.a(fsl_edma_driver.o)
 .text.EDMA_DRV_Init
                0x00009294       0x84 C:/ProgramData/MATLAB/SupportPackages/R2022b/toolbox/target/supportpackages/freedomk64f/src/ksdk_armgcc_lib/bm/libksdk_platform.a(fsl_edma_driver.o)
                0x00009294                EDMA_DRV_Init
 .text.EDMA_DRV_InstallCallback
                0x00009318        0x8 C:/ProgramData/MATLAB/SupportPackages/R2022b/toolbox/target/supportpackages/freedomk64f/src/ksdk_armgcc_lib/bm/libksdk_platform.a(fsl_edma_driver.o)
                0x00009318                EDMA_DRV_InstallCallback
 .text.EDMA_DRV_RequestChannel
                0x00009320       0x70 C:/ProgramData/MATLAB/SupportPackages/R2022b/toolbox/target/supportpackages/freedomk64f/src/ksdk_armgcc_lib/bm/libksdk_platform.a(fsl_edma_driver.o)
                0x00009320                EDMA_DRV_RequestChannel
 .text.EDMA_DRV_IRQHandler
                0x00009390       0x30 C:/ProgramData/MATLAB/SupportPackages/R2022b/toolbox/target/supportpackages/freedomk64f/src/ksdk_armgcc_lib/bm/libksdk_platform.a(fsl_edma_driver.o)
                0x00009390                EDMA_DRV_IRQHandler
 .text.EDMA_DRV_ErrorIRQHandler
                0x000093c0       0x8c C:/ProgramData/MATLAB/SupportPackages/R2022b/toolbox/target/supportpackages/freedomk64f/src/ksdk_armgcc_lib/bm/libksdk_platform.a(fsl_edma_driver.o)
                0x000093c0                EDMA_DRV_ErrorIRQHandler
 .text.FTM_HAL_SetClockSource
                0x0000944c       0x12 C:/ProgramData/MATLAB/SupportPackages/R2022b/toolbox/target/supportpackages/freedomk64f/src/ksdk_armgcc_lib/bm/libksdk_platform.a(fsl_ftm_driver.o)
 *fill*         0x0000945e        0x2 
 .text.FTM_HAL_SetChnCountVal.part.0
                0x00009460       0x1c C:/ProgramData/MATLAB/SupportPackages/R2022b/toolbox/target/supportpackages/freedomk64f/src/ksdk_armgcc_lib/bm/libksdk_platform.a(fsl_ftm_driver.o)
 .text.FTM_DRV_Init
                0x0000947c      0x10c C:/ProgramData/MATLAB/SupportPackages/R2022b/toolbox/target/supportpackages/freedomk64f/src/ksdk_armgcc_lib/bm/libksdk_platform.a(fsl_ftm_driver.o)
                0x0000947c                FTM_DRV_Init
 .text.FTM_DRV_SetClock
                0x00009588       0x54 C:/ProgramData/MATLAB/SupportPackages/R2022b/toolbox/target/supportpackages/freedomk64f/src/ksdk_armgcc_lib/bm/libksdk_platform.a(fsl_ftm_driver.o)
                0x00009588                FTM_DRV_SetClock
 .text.FTM_DRV_GetClock
                0x000095dc       0x68 C:/ProgramData/MATLAB/SupportPackages/R2022b/toolbox/target/supportpackages/freedomk64f/src/ksdk_armgcc_lib/bm/libksdk_platform.a(fsl_ftm_driver.o)
                0x000095dc                FTM_DRV_GetClock
 .text.FTM_DRV_PwmStart
                0x00009644      0x1cc C:/ProgramData/MATLAB/SupportPackages/R2022b/toolbox/target/supportpackages/freedomk64f/src/ksdk_armgcc_lib/bm/libksdk_platform.a(fsl_ftm_driver.o)
                0x00009644                FTM_DRV_PwmStart
 .text.PORT_HAL_SetMuxMode.part.0
                0x00009810       0x1c C:/ProgramData/MATLAB/SupportPackages/R2022b/toolbox/target/supportpackages/freedomk64f/src/ksdk_armgcc_lib/bm/libksdk_platform.a(fsl_gpio_driver.o)
 .text.GPIO_DRV_InputPinInit
                0x0000982c       0xe4 C:/ProgramData/MATLAB/SupportPackages/R2022b/toolbox/target/supportpackages/freedomk64f/src/ksdk_armgcc_lib/bm/libksdk_platform.a(fsl_gpio_driver.o)
                0x0000982c                GPIO_DRV_InputPinInit
 .text.GPIO_DRV_OutputPinInit
                0x00009910       0x78 C:/ProgramData/MATLAB/SupportPackages/R2022b/toolbox/target/supportpackages/freedomk64f/src/ksdk_armgcc_lib/bm/libksdk_platform.a(fsl_gpio_driver.o)
                0x00009910                GPIO_DRV_OutputPinInit
 .text.GPIO_DRV_WritePinOutput
                0x00009988       0x1c C:/ProgramData/MATLAB/SupportPackages/R2022b/toolbox/target/supportpackages/freedomk64f/src/ksdk_armgcc_lib/bm/libksdk_platform.a(fsl_gpio_driver.o)
                0x00009988                GPIO_DRV_WritePinOutput
 .text.GPIO_DRV_ReadPinInput
                0x000099a4       0x3c C:/ProgramData/MATLAB/SupportPackages/R2022b/toolbox/target/supportpackages/freedomk64f/src/ksdk_armgcc_lib/bm/libksdk_platform.a(fsl_gpio_driver.o)
                0x000099a4                GPIO_DRV_ReadPinInput
 .text.LPTMR_HAL_SetTimerWorkingMode
                0x000099e0       0x3c C:/ProgramData/MATLAB/SupportPackages/R2022b/toolbox/target/supportpackages/freedomk64f/src/ksdk_armgcc_lib/bm/libksdk_platform.a(fsl_lptmr_hal.o)
                0x000099e0                LPTMR_HAL_SetTimerWorkingMode
 .text.LPTMR_HAL_SetPrescalerMode
                0x00009a1c       0x1c C:/ProgramData/MATLAB/SupportPackages/R2022b/toolbox/target/supportpackages/freedomk64f/src/ksdk_armgcc_lib/bm/libksdk_platform.a(fsl_lptmr_hal.o)
                0x00009a1c                LPTMR_HAL_SetPrescalerMode
 .text.CLOCK_HAL_TestOscFreq
                0x00009a38       0x28 C:/ProgramData/MATLAB/SupportPackages/R2022b/toolbox/target/supportpackages/freedomk64f/src/ksdk_armgcc_lib/bm/libksdk_platform.a(fsl_mcg_hal.o)
                0x00009a38                CLOCK_HAL_TestOscFreq
 .text.CLOCK_HAL_GetMcgExternalClkFreq
                0x00009a60        0xa C:/ProgramData/MATLAB/SupportPackages/R2022b/toolbox/target/supportpackages/freedomk64f/src/ksdk_armgcc_lib/bm/libksdk_platform.a(fsl_mcg_hal.o)
 .text.CLOCK_HAL_TestFllExternalRefFreq
                0x00009a6a       0x2c C:/ProgramData/MATLAB/SupportPackages/R2022b/toolbox/target/supportpackages/freedomk64f/src/ksdk_armgcc_lib/bm/libksdk_platform.a(fsl_mcg_hal.o)
                0x00009a6a                CLOCK_HAL_TestFllExternalRefFreq
 *fill*         0x00009a96        0x2 
 .text.CLOCK_HAL_GetFllRefClk
                0x00009a98       0x40 C:/ProgramData/MATLAB/SupportPackages/R2022b/toolbox/target/supportpackages/freedomk64f/src/ksdk_armgcc_lib/bm/libksdk_platform.a(fsl_mcg_hal.o)
                0x00009a98                CLOCK_HAL_GetFllRefClk
 .text.CLOCK_HAL_TestFllFreq
                0x00009ad8       0x34 C:/ProgramData/MATLAB/SupportPackages/R2022b/toolbox/target/supportpackages/freedomk64f/src/ksdk_armgcc_lib/bm/libksdk_platform.a(fsl_mcg_hal.o)
                0x00009ad8                CLOCK_HAL_TestFllFreq
 .text.CLOCK_HAL_GetFllClk
                0x00009b0c       0x3c C:/ProgramData/MATLAB/SupportPackages/R2022b/toolbox/target/supportpackages/freedomk64f/src/ksdk_armgcc_lib/bm/libksdk_platform.a(fsl_mcg_hal.o)
                0x00009b0c                CLOCK_HAL_GetFllClk
 .text.CLOCK_HAL_UpdateFastClkInternalRefDiv
                0x00009b48       0x58 C:/ProgramData/MATLAB/SupportPackages/R2022b/toolbox/target/supportpackages/freedomk64f/src/ksdk_armgcc_lib/bm/libksdk_platform.a(fsl_mcg_hal.o)
                0x00009b48                CLOCK_HAL_UpdateFastClkInternalRefDiv
 .text.CLOCK_HAL_GetPll0Clk
                0x00009ba0       0x48 C:/ProgramData/MATLAB/SupportPackages/R2022b/toolbox/target/supportpackages/freedomk64f/src/ksdk_armgcc_lib/bm/libksdk_platform.a(fsl_mcg_hal.o)
                0x00009ba0                CLOCK_HAL_GetPll0Clk
 .text.CLOCK_HAL_EnablePll0InFllMode
                0x00009be8       0x38 C:/ProgramData/MATLAB/SupportPackages/R2022b/toolbox/target/supportpackages/freedomk64f/src/ksdk_armgcc_lib/bm/libksdk_platform.a(fsl_mcg_hal.o)
                0x00009be8                CLOCK_HAL_EnablePll0InFllMode
 .text.CLOCK_HAL_GetInternalRefClk
                0x00009c20       0x40 C:/ProgramData/MATLAB/SupportPackages/R2022b/toolbox/target/supportpackages/freedomk64f/src/ksdk_armgcc_lib/bm/libksdk_platform.a(fsl_mcg_hal.o)
                0x00009c20                CLOCK_HAL_GetInternalRefClk
 .text.CLOCK_HAL_GetOutClk
                0x00009c60       0x22 C:/ProgramData/MATLAB/SupportPackages/R2022b/toolbox/target/supportpackages/freedomk64f/src/ksdk_armgcc_lib/bm/libksdk_platform.a(fsl_mcg_hal.o)
                0x00009c60                CLOCK_HAL_GetOutClk
 .text.CLOCK_HAL_GetFixedFreqClk
                0x00009c82       0x20 C:/ProgramData/MATLAB/SupportPackages/R2022b/toolbox/target/supportpackages/freedomk64f/src/ksdk_armgcc_lib/bm/libksdk_platform.a(fsl_mcg_hal.o)
                0x00009c82                CLOCK_HAL_GetFixedFreqClk
 .text.CLOCK_HAL_SetOsc0Mode
                0x00009ca2       0x24 C:/ProgramData/MATLAB/SupportPackages/R2022b/toolbox/target/supportpackages/freedomk64f/src/ksdk_armgcc_lib/bm/libksdk_platform.a(fsl_mcg_hal.o)
                0x00009ca2                CLOCK_HAL_SetOsc0Mode
 *fill*         0x00009cc6        0x2 
 .text.CLOCK_HAL_PrepareOsc
                0x00009cc8       0x30 C:/ProgramData/MATLAB/SupportPackages/R2022b/toolbox/target/supportpackages/freedomk64f/src/ksdk_armgcc_lib/bm/libksdk_platform.a(fsl_mcg_hal_modes.o)
 .text.CLOCK_HAL_GetMcgMode
                0x00009cf8       0x7c C:/ProgramData/MATLAB/SupportPackages/R2022b/toolbox/target/supportpackages/freedomk64f/src/ksdk_armgcc_lib/bm/libksdk_platform.a(fsl_mcg_hal_modes.o)
                0x00009cf8                CLOCK_HAL_GetMcgMode
 .text.CLOCK_HAL_SetFbiMode
                0x00009d74       0xc0 C:/ProgramData/MATLAB/SupportPackages/R2022b/toolbox/target/supportpackages/freedomk64f/src/ksdk_armgcc_lib/bm/libksdk_platform.a(fsl_mcg_hal_modes.o)
                0x00009d74                CLOCK_HAL_SetFbiMode
 .text.CLOCK_HAL_SetFbeMode
                0x00009e34       0xf0 C:/ProgramData/MATLAB/SupportPackages/R2022b/toolbox/target/supportpackages/freedomk64f/src/ksdk_armgcc_lib/bm/libksdk_platform.a(fsl_mcg_hal_modes.o)
                0x00009e34                CLOCK_HAL_SetFbeMode
 .text.CLOCK_HAL_SetPbeMode
                0x00009f24       0xd8 C:/ProgramData/MATLAB/SupportPackages/R2022b/toolbox/target/supportpackages/freedomk64f/src/ksdk_armgcc_lib/bm/libksdk_platform.a(fsl_mcg_hal_modes.o)
                0x00009f24                CLOCK_HAL_SetPbeMode
 .text.OSC_HAL_SetCapacitor
                0x00009ffc        0xe C:/ProgramData/MATLAB/SupportPackages/R2022b/toolbox/target/supportpackages/freedomk64f/src/ksdk_armgcc_lib/bm/libksdk_platform.a(fsl_osc_hal.o)
                0x00009ffc                OSC_HAL_SetCapacitor
 .text.CLOCK_HAL_SetOutDiv
                0x0000a00a       0x28 C:/ProgramData/MATLAB/SupportPackages/R2022b/toolbox/target/supportpackages/freedomk64f/src/ksdk_armgcc_lib/bm/libksdk_platform.a(fsl_sim_hal_MK64F12.o)
                0x0000a00a                CLOCK_HAL_SetOutDiv
 *fill*         0x0000a032        0x2 
 .text.SIM_HAL_GetFtmExternalClkPinMode
                0x0000a034       0x70 C:/ProgramData/MATLAB/SupportPackages/R2022b/toolbox/target/supportpackages/freedomk64f/src/ksdk_armgcc_lib/bm/libksdk_platform.a(fsl_sim_hal_MK64F12.o)
                0x0000a034                SIM_HAL_GetFtmExternalClkPinMode
 .text.UART_DRV_CompleteSendData
                0x0000a0a4       0x54 C:/ProgramData/MATLAB/SupportPackages/R2022b/toolbox/target/supportpackages/freedomk64f/src/ksdk_armgcc_lib/bm/libksdk_platform.a(fsl_uart_driver.o)
 .text.UART_DRV_CompleteReceiveData
                0x0000a0f8       0x5c C:/ProgramData/MATLAB/SupportPackages/R2022b/toolbox/target/supportpackages/freedomk64f/src/ksdk_armgcc_lib/bm/libksdk_platform.a(fsl_uart_driver.o)
 .text.UART_DRV_IRQHandler
                0x0000a154       0xdc C:/ProgramData/MATLAB/SupportPackages/R2022b/toolbox/target/supportpackages/freedomk64f/src/ksdk_armgcc_lib/bm/libksdk_platform.a(fsl_uart_driver.o)
                0x0000a154                UART_DRV_IRQHandler
 .text.EDMA_HAL_HTCDSetIntCmd
                0x0000a230       0x14 C:/ProgramData/MATLAB/SupportPackages/R2022b/toolbox/target/supportpackages/freedomk64f/src/ksdk_armgcc_lib/bm/libksdk_platform.a(fsl_uart_edma_driver.o)
 .text.UART_DRV_EdmaCompleteSendData
                0x0000a244       0x60 C:/ProgramData/MATLAB/SupportPackages/R2022b/toolbox/target/supportpackages/freedomk64f/src/ksdk_armgcc_lib/bm/libksdk_platform.a(fsl_uart_edma_driver.o)
 .text.UART_DRV_EdmaTxCallback
                0x0000a2a4        0x4 C:/ProgramData/MATLAB/SupportPackages/R2022b/toolbox/target/supportpackages/freedomk64f/src/ksdk_armgcc_lib/bm/libksdk_platform.a(fsl_uart_edma_driver.o)
 .text.UART_DRV_EdmaCompleteReceiveData
                0x0000a2a8       0x64 C:/ProgramData/MATLAB/SupportPackages/R2022b/toolbox/target/supportpackages/freedomk64f/src/ksdk_armgcc_lib/bm/libksdk_platform.a(fsl_uart_edma_driver.o)
 .text.UART_DRV_EdmaRxCallback
                0x0000a30c        0x4 C:/ProgramData/MATLAB/SupportPackages/R2022b/toolbox/target/supportpackages/freedomk64f/src/ksdk_armgcc_lib/bm/libksdk_platform.a(fsl_uart_edma_driver.o)
 .text.UART_DRV_EdmaStartSendData
                0x0000a310       0x78 C:/ProgramData/MATLAB/SupportPackages/R2022b/toolbox/target/supportpackages/freedomk64f/src/ksdk_armgcc_lib/bm/libksdk_platform.a(fsl_uart_edma_driver.o)
 .text.UART_DRV_EdmaInit
                0x0000a388      0x260 C:/ProgramData/MATLAB/SupportPackages/R2022b/toolbox/target/supportpackages/freedomk64f/src/ksdk_armgcc_lib/bm/libksdk_platform.a(fsl_uart_edma_driver.o)
                0x0000a388                UART_DRV_EdmaInit
 .text.UART_DRV_EdmaSendData
                0x0000a5e8       0x48 C:/ProgramData/MATLAB/SupportPackages/R2022b/toolbox/target/supportpackages/freedomk64f/src/ksdk_armgcc_lib/bm/libksdk_platform.a(fsl_uart_edma_driver.o)
                0x0000a5e8                UART_DRV_EdmaSendData
 .text.UART_DRV_EdmaGetTransmitStatus
                0x0000a630       0x58 C:/ProgramData/MATLAB/SupportPackages/R2022b/toolbox/target/supportpackages/freedomk64f/src/ksdk_armgcc_lib/bm/libksdk_platform.a(fsl_uart_edma_driver.o)
                0x0000a630                UART_DRV_EdmaGetTransmitStatus
 .text.ADC16_HAL_Init
                0x0000a688       0x10 C:/ProgramData/MATLAB/SupportPackages/R2022b/toolbox/target/supportpackages/freedomk64f/src/ksdk_armgcc_lib/bm/libksdk_platform.a(fsl_adc16_hal.o)
                0x0000a688                ADC16_HAL_Init
 .text.ADC16_HAL_ConfigChn
                0x0000a698       0x40 C:/ProgramData/MATLAB/SupportPackages/R2022b/toolbox/target/supportpackages/freedomk64f/src/ksdk_armgcc_lib/bm/libksdk_platform.a(fsl_adc16_hal.o)
                0x0000a698                ADC16_HAL_ConfigChn
 .text.ADC16_HAL_ConfigConverter
                0x0000a6d8       0x92 C:/ProgramData/MATLAB/SupportPackages/R2022b/toolbox/target/supportpackages/freedomk64f/src/ksdk_armgcc_lib/bm/libksdk_platform.a(fsl_adc16_hal.o)
                0x0000a6d8                ADC16_HAL_ConfigConverter
 .text.DMAMUX_HAL_Init
                0x0000a76a       0x22 C:/ProgramData/MATLAB/SupportPackages/R2022b/toolbox/target/supportpackages/freedomk64f/src/ksdk_armgcc_lib/bm/libksdk_platform.a(fsl_dmamux_hal.o)
                0x0000a76a                DMAMUX_HAL_Init
 .text.FTM_HAL_SetChnEdgeLevel.part.0
                0x0000a78c       0x1c C:/ProgramData/MATLAB/SupportPackages/R2022b/toolbox/target/supportpackages/freedomk64f/src/ksdk_armgcc_lib/bm/libksdk_platform.a(fsl_ftm_hal.o)
 .text.FTM_HAL_Init
                0x0000a7a8       0x3c C:/ProgramData/MATLAB/SupportPackages/R2022b/toolbox/target/supportpackages/freedomk64f/src/ksdk_armgcc_lib/bm/libksdk_platform.a(fsl_ftm_hal.o)
                0x0000a7a8                FTM_HAL_Init
 .text.FTM_HAL_SetSyncMode
                0x0000a7e4       0x98 C:/ProgramData/MATLAB/SupportPackages/R2022b/toolbox/target/supportpackages/freedomk64f/src/ksdk_armgcc_lib/bm/libksdk_platform.a(fsl_ftm_hal.o)
                0x0000a7e4                FTM_HAL_SetSyncMode
 .text.FTM_HAL_Reset
                0x0000a87c       0x3e C:/ProgramData/MATLAB/SupportPackages/R2022b/toolbox/target/supportpackages/freedomk64f/src/ksdk_armgcc_lib/bm/libksdk_platform.a(fsl_ftm_hal.o)
                0x0000a87c                FTM_HAL_Reset
 .text.FTM_HAL_GetChnPairIndex
                0x0000a8ba       0x1e C:/ProgramData/MATLAB/SupportPackages/R2022b/toolbox/target/supportpackages/freedomk64f/src/ksdk_armgcc_lib/bm/libksdk_platform.a(fsl_ftm_hal.o)
                0x0000a8ba                FTM_HAL_GetChnPairIndex
 .text.FTM_HAL_EnablePwmMode
                0x0000a8d8       0xd8 C:/ProgramData/MATLAB/SupportPackages/R2022b/toolbox/target/supportpackages/freedomk64f/src/ksdk_armgcc_lib/bm/libksdk_platform.a(fsl_ftm_hal.o)
                0x0000a8d8                FTM_HAL_EnablePwmMode
 .text.GPIO_HAL_SetPinDir
                0x0000a9b0       0x34 C:/ProgramData/MATLAB/SupportPackages/R2022b/toolbox/target/supportpackages/freedomk64f/src/ksdk_armgcc_lib/bm/libksdk_platform.a(fsl_gpio_hal.o)
                0x0000a9b0                GPIO_HAL_SetPinDir
 .text.GPIO_HAL_WritePinOutput
                0x0000a9e4       0x30 C:/ProgramData/MATLAB/SupportPackages/R2022b/toolbox/target/supportpackages/freedomk64f/src/ksdk_armgcc_lib/bm/libksdk_platform.a(fsl_gpio_hal.o)
                0x0000a9e4                GPIO_HAL_WritePinOutput
 .text.UART_HAL_Init
                0x0000aa14       0x2a C:/ProgramData/MATLAB/SupportPackages/R2022b/toolbox/target/supportpackages/freedomk64f/src/ksdk_armgcc_lib/bm/libksdk_platform.a(fsl_uart_hal.o)
                0x0000aa14                UART_HAL_Init
 .text.UART_HAL_SetBaudRate
                0x0000aa3e       0x42 C:/ProgramData/MATLAB/SupportPackages/R2022b/toolbox/target/supportpackages/freedomk64f/src/ksdk_armgcc_lib/bm/libksdk_platform.a(fsl_uart_hal.o)
                0x0000aa3e                UART_HAL_SetBaudRate
 .text.UART_HAL_SetParityMode
                0x0000aa80       0x18 C:/ProgramData/MATLAB/SupportPackages/R2022b/toolbox/target/supportpackages/freedomk64f/src/ksdk_armgcc_lib/bm/libksdk_platform.a(fsl_uart_hal.o)
                0x0000aa80                UART_HAL_SetParityMode
 .text.UART_HAL_Putchar
                0x0000aa98        0x6 C:/ProgramData/MATLAB/SupportPackages/R2022b/toolbox/target/supportpackages/freedomk64f/src/ksdk_armgcc_lib/bm/libksdk_platform.a(fsl_uart_hal.o)
                0x0000aa98                UART_HAL_Putchar
 .text.UART_HAL_Getchar
                0x0000aa9e        0x8 C:/ProgramData/MATLAB/SupportPackages/R2022b/toolbox/target/supportpackages/freedomk64f/src/ksdk_armgcc_lib/bm/libksdk_platform.a(fsl_uart_hal.o)
                0x0000aa9e                UART_HAL_Getchar
 .text.UART_HAL_SetIntMode
                0x0000aaa6       0x66 C:/ProgramData/MATLAB/SupportPackages/R2022b/toolbox/target/supportpackages/freedomk64f/src/ksdk_armgcc_lib/bm/libksdk_platform.a(fsl_uart_hal.o)
                0x0000aaa6                UART_HAL_SetIntMode
 .text.UART_HAL_SetTxDmaCmd
                0x0000ab0c       0x28 C:/ProgramData/MATLAB/SupportPackages/R2022b/toolbox/target/supportpackages/freedomk64f/src/ksdk_armgcc_lib/bm/libksdk_platform.a(fsl_uart_hal.o)
                0x0000ab0c                UART_HAL_SetTxDmaCmd
 .text.UART_HAL_SetRxDmaCmd
                0x0000ab34       0x1c C:/ProgramData/MATLAB/SupportPackages/R2022b/toolbox/target/supportpackages/freedomk64f/src/ksdk_armgcc_lib/bm/libksdk_platform.a(fsl_uart_hal.o)
                0x0000ab34                UART_HAL_SetRxDmaCmd
 .text.UART_HAL_GetStatusFlag
                0x0000ab50       0x30 C:/ProgramData/MATLAB/SupportPackages/R2022b/toolbox/target/supportpackages/freedomk64f/src/ksdk_armgcc_lib/bm/libksdk_platform.a(fsl_uart_hal.o)
                0x0000ab50                UART_HAL_GetStatusFlag
 .text.UART_HAL_ClearStatusFlag
                0x0000ab80       0x7a C:/ProgramData/MATLAB/SupportPackages/R2022b/toolbox/target/supportpackages/freedomk64f/src/ksdk_armgcc_lib/bm/libksdk_platform.a(fsl_uart_hal.o)
                0x0000ab80                UART_HAL_ClearStatusFlag
 *fill*         0x0000abfa        0x6 
 .text.ceil     0x0000ac00      0x100 c:/progra~3/matlab/suppor~1/r2022b/3p778c~1.ins/gnuarm~1.ins/win/bin/../lib/gcc/arm-none-eabi/9.3.1/../../../../arm-none-eabi/lib/thumb/v7e-m+fp/hard\libm.a(lib_a-s_ceil.o)
                0x0000ac00                ceil
 .text.fabs     0x0000ad00       0x14 c:/progra~3/matlab/suppor~1/r2022b/3p778c~1.ins/gnuarm~1.ins/win/bin/../lib/gcc/arm-none-eabi/9.3.1/../../../../arm-none-eabi/lib/thumb/v7e-m+fp/hard\libm.a(lib_a-s_fabs.o)
                0x0000ad00                fabs
 *fill*         0x0000ad14        0x4 
 .text.floor    0x0000ad18      0x108 c:/progra~3/matlab/suppor~1/r2022b/3p778c~1.ins/gnuarm~1.ins/win/bin/../lib/gcc/arm-none-eabi/9.3.1/../../../../arm-none-eabi/lib/thumb/v7e-m+fp/hard\libm.a(lib_a-s_floor.o)
                0x0000ad18                floor
 .text.fmod     0x0000ae20       0x88 c:/progra~3/matlab/suppor~1/r2022b/3p778c~1.ins/gnuarm~1.ins/win/bin/../lib/gcc/arm-none-eabi/9.3.1/../../../../arm-none-eabi/lib/thumb/v7e-m+fp/hard\libm.a(lib_a-w_fmod.o)
                0x0000ae20                fmod
 .text.__ieee754_fmod
                0x0000aea8      0x280 c:/progra~3/matlab/suppor~1/r2022b/3p778c~1.ins/gnuarm~1.ins/win/bin/../lib/gcc/arm-none-eabi/9.3.1/../../../../arm-none-eabi/lib/thumb/v7e-m+fp/hard\libm.a(lib_a-e_fmod.o)
                0x0000aea8                __ieee754_fmod
 .text.abort    0x0000b128       0x10 c:/progra~3/matlab/suppor~1/r2022b/3p778c~1.ins/gnuarm~1.ins/win/bin/../lib/gcc/arm-none-eabi/9.3.1/../../../../arm-none-eabi/lib/thumb/v7e-m+fp/hard\libg.a(lib_a-abort.o)
                0x0000b128                abort
 .text.__assert_func
                0x0000b138       0x3c c:/progra~3/matlab/suppor~1/r2022b/3p778c~1.ins/gnuarm~1.ins/win/bin/../lib/gcc/arm-none-eabi/9.3.1/../../../../arm-none-eabi/lib/thumb/v7e-m+fp/hard\libg.a(lib_a-assert.o)
                0x0000b138                __assert_func
 .text.atexit   0x0000b174        0xc c:/progra~3/matlab/suppor~1/r2022b/3p778c~1.ins/gnuarm~1.ins/win/bin/../lib/gcc/arm-none-eabi/9.3.1/../../../../arm-none-eabi/lib/thumb/v7e-m+fp/hard\libg.a(lib_a-atexit.o)
                0x0000b174                atexit
 .text.__errno  0x0000b180        0xc c:/progra~3/matlab/suppor~1/r2022b/3p778c~1.ins/gnuarm~1.ins/win/bin/../lib/gcc/arm-none-eabi/9.3.1/../../../../arm-none-eabi/lib/thumb/v7e-m+fp/hard\libg.a(lib_a-errno.o)
                0x0000b180                __errno
 .text.exit     0x0000b18c       0x20 c:/progra~3/matlab/suppor~1/r2022b/3p778c~1.ins/gnuarm~1.ins/win/bin/../lib/gcc/arm-none-eabi/9.3.1/../../../../arm-none-eabi/lib/thumb/v7e-m+fp/hard\libg.a(lib_a-exit.o)
                0x0000b18c                exit
 .text.__libc_fini_array
                0x0000b1ac       0x2c c:/progra~3/matlab/suppor~1/r2022b/3p778c~1.ins/gnuarm~1.ins/win/bin/../lib/gcc/arm-none-eabi/9.3.1/../../../../arm-none-eabi/lib/thumb/v7e-m+fp/hard\libg.a(lib_a-fini.o)
                0x0000b1ac                __libc_fini_array
 .text.fiprintf
                0x0000b1d8       0x28 c:/progra~3/matlab/suppor~1/r2022b/3p778c~1.ins/gnuarm~1.ins/win/bin/../lib/gcc/arm-none-eabi/9.3.1/../../../../arm-none-eabi/lib/thumb/v7e-m+fp/hard\libg.a(lib_a-fiprintf.o)
                0x0000b1d8                fiprintf
 .text.__libc_init_array
                0x0000b200       0x48 c:/progra~3/matlab/suppor~1/r2022b/3p778c~1.ins/gnuarm~1.ins/win/bin/../lib/gcc/arm-none-eabi/9.3.1/../../../../arm-none-eabi/lib/thumb/v7e-m+fp/hard\libg.a(lib_a-init.o)
                0x0000b200                __libc_init_array
 .text._malloc_r
                0x0000b248      0x574 c:/progra~3/matlab/suppor~1/r2022b/3p778c~1.ins/gnuarm~1.ins/win/bin/../lib/gcc/arm-none-eabi/9.3.1/../../../../arm-none-eabi/lib/thumb/v7e-m+fp/hard\libg.a(lib_a-mallocr.o)
                0x0000b248                _malloc_r
 .text.memset   0x0000b7bc       0xa0 c:/progra~3/matlab/suppor~1/r2022b/3p778c~1.ins/gnuarm~1.ins/win/bin/../lib/gcc/arm-none-eabi/9.3.1/../../../../arm-none-eabi/lib/thumb/v7e-m+fp/hard\libg.a(lib_a-memset.o)
                0x0000b7bc                memset
 .text.__malloc_lock
                0x0000b85c        0xc c:/progra~3/matlab/suppor~1/r2022b/3p778c~1.ins/gnuarm~1.ins/win/bin/../lib/gcc/arm-none-eabi/9.3.1/../../../../arm-none-eabi/lib/thumb/v7e-m+fp/hard\libg.a(lib_a-mlock.o)
                0x0000b85c                __malloc_lock
 .text.__malloc_unlock
                0x0000b868        0xc c:/progra~3/matlab/suppor~1/r2022b/3p778c~1.ins/gnuarm~1.ins/win/bin/../lib/gcc/arm-none-eabi/9.3.1/../../../../arm-none-eabi/lib/thumb/v7e-m+fp/hard\libg.a(lib_a-mlock.o)
                0x0000b868                __malloc_unlock
 .text._sbrk_r  0x0000b874       0x24 c:/progra~3/matlab/suppor~1/r2022b/3p778c~1.ins/gnuarm~1.ins/win/bin/../lib/gcc/arm-none-eabi/9.3.1/../../../../arm-none-eabi/lib/thumb/v7e-m+fp/hard\libg.a(lib_a-sbrkr.o)
                0x0000b874                _sbrk_r
 .text._raise_r
                0x0000b898       0x58 c:/progra~3/matlab/suppor~1/r2022b/3p778c~1.ins/gnuarm~1.ins/win/bin/../lib/gcc/arm-none-eabi/9.3.1/../../../../arm-none-eabi/lib/thumb/v7e-m+fp/hard\libg.a(lib_a-signal.o)
                0x0000b898                _raise_r
 .text.raise    0x0000b8f0       0x10 c:/progra~3/matlab/suppor~1/r2022b/3p778c~1.ins/gnuarm~1.ins/win/bin/../lib/gcc/arm-none-eabi/9.3.1/../../../../arm-none-eabi/lib/thumb/v7e-m+fp/hard\libg.a(lib_a-signal.o)
                0x0000b8f0                raise
 .text._kill_r  0x0000b900       0x2c c:/progra~3/matlab/suppor~1/r2022b/3p778c~1.ins/gnuarm~1.ins/win/bin/../lib/gcc/arm-none-eabi/9.3.1/../../../../arm-none-eabi/lib/thumb/v7e-m+fp/hard\libg.a(lib_a-signalr.o)
                0x0000b900                _kill_r
 .text._getpid_r
                0x0000b92c        0x4 c:/progra~3/matlab/suppor~1/r2022b/3p778c~1.ins/gnuarm~1.ins/win/bin/../lib/gcc/arm-none-eabi/9.3.1/../../../../arm-none-eabi/lib/thumb/v7e-m+fp/hard\libg.a(lib_a-signalr.o)
                0x0000b92c                _getpid_r
 .text.__sprint_r.part.0
                0x0000b930       0x78 c:/progra~3/matlab/suppor~1/r2022b/3p778c~1.ins/gnuarm~1.ins/win/bin/../lib/gcc/arm-none-eabi/9.3.1/../../../../arm-none-eabi/lib/thumb/v7e-m+fp/hard\libg.a(lib_a-vfiprintf.o)
 .text._vfiprintf_r
                0x0000b9a8      0xd4c c:/progra~3/matlab/suppor~1/r2022b/3p778c~1.ins/gnuarm~1.ins/win/bin/../lib/gcc/arm-none-eabi/9.3.1/../../../../arm-none-eabi/lib/thumb/v7e-m+fp/hard\libg.a(lib_a-vfiprintf.o)
                0x0000b9a8                _vfiprintf_r
 .text.__sbprintf
                0x0000c6f4       0x84 c:/progra~3/matlab/suppor~1/r2022b/3p778c~1.ins/gnuarm~1.ins/win/bin/../lib/gcc/arm-none-eabi/9.3.1/../../../../arm-none-eabi/lib/thumb/v7e-m+fp/hard\libg.a(lib_a-vfiprintf.o)
 .text.__swsetup_r
                0x0000c778       0xd0 c:/progra~3/matlab/suppor~1/r2022b/3p778c~1.ins/gnuarm~1.ins/win/bin/../lib/gcc/arm-none-eabi/9.3.1/../../../../arm-none-eabi/lib/thumb/v7e-m+fp/hard\libg.a(lib_a-wsetup.o)
                0x0000c778                __swsetup_r
 .text.__register_exitproc
                0x0000c848       0x8c c:/progra~3/matlab/suppor~1/r2022b/3p778c~1.ins/gnuarm~1.ins/win/bin/../lib/gcc/arm-none-eabi/9.3.1/../../../../arm-none-eabi/lib/thumb/v7e-m+fp/hard\libg.a(lib_a-__atexit.o)
                0x0000c848                __register_exitproc
 .text.startup.register_fini
                0x0000c8d4       0x14 c:/progra~3/matlab/suppor~1/r2022b/3p778c~1.ins/gnuarm~1.ins/win/bin/../lib/gcc/arm-none-eabi/9.3.1/../../../../arm-none-eabi/lib/thumb/v7e-m+fp/hard\libg.a(lib_a-__call_atexit.o)
 .text.__call_exitprocs
                0x0000c8e8       0xcc c:/progra~3/matlab/suppor~1/r2022b/3p778c~1.ins/gnuarm~1.ins/win/bin/../lib/gcc/arm-none-eabi/9.3.1/../../../../arm-none-eabi/lib/thumb/v7e-m+fp/hard\libg.a(lib_a-__call_atexit.o)
                0x0000c8e8                __call_exitprocs
 .text.__sflush_r
                0x0000c9b4      0x130 c:/progra~3/matlab/suppor~1/r2022b/3p778c~1.ins/gnuarm~1.ins/win/bin/../lib/gcc/arm-none-eabi/9.3.1/../../../../arm-none-eabi/lib/thumb/v7e-m+fp/hard\libg.a(lib_a-fflush.o)
                0x0000c9b4                __sflush_r
 .text._fflush_r
                0x0000cae4       0x5c c:/progra~3/matlab/suppor~1/r2022b/3p778c~1.ins/gnuarm~1.ins/win/bin/../lib/gcc/arm-none-eabi/9.3.1/../../../../arm-none-eabi/lib/thumb/v7e-m+fp/hard\libg.a(lib_a-fflush.o)
                0x0000cae4                _fflush_r
 .text.std      0x0000cb40       0x50 c:/progra~3/matlab/suppor~1/r2022b/3p778c~1.ins/gnuarm~1.ins/win/bin/../lib/gcc/arm-none-eabi/9.3.1/../../../../arm-none-eabi/lib/thumb/v7e-m+fp/hard\libg.a(lib_a-findfp.o)
 .text._cleanup_r
                0x0000cb90        0xc c:/progra~3/matlab/suppor~1/r2022b/3p778c~1.ins/gnuarm~1.ins/win/bin/../lib/gcc/arm-none-eabi/9.3.1/../../../../arm-none-eabi/lib/thumb/v7e-m+fp/hard\libg.a(lib_a-findfp.o)
                0x0000cb90                _cleanup_r
 .text.__sinit  0x0000cb9c       0x54 c:/progra~3/matlab/suppor~1/r2022b/3p778c~1.ins/gnuarm~1.ins/win/bin/../lib/gcc/arm-none-eabi/9.3.1/../../../../arm-none-eabi/lib/thumb/v7e-m+fp/hard\libg.a(lib_a-findfp.o)
                0x0000cb9c                __sinit
 .text.__sfp_lock_acquire