Archive member included to satisfy reference by file (symbol)

C:/ProgramData/MATLAB/SupportPackages/R2022b/3P.instrset/cmsis.instrset/CMSIS/RTOS/RTX/LIB/GCC/libRTX_CM4.a(rt_cmsis.o)
                              RTX_Conf_CM.o (osKernelInitialize)
C:/ProgramData/MATLAB/SupportPackages/R2022b/3P.instrset/cmsis.instrset/CMSIS/RTOS/RTX/LIB/GCC/libRTX_CM4.a(hal_cm.o)
                              C:/ProgramData/MATLAB/SupportPackages/R2022b/3P.instrset/cmsis.instrset/CMSIS/RTOS/RTX/LIB/GCC/libRTX_CM4.a(rt_cmsis.o) (rt_ret_val)
C:/ProgramData/MATLAB/SupportPackages/R2022b/3P.instrset/cmsis.instrset/CMSIS/RTOS/RTX/LIB/GCC/libRTX_CM4.a(rt_memory.o)
                              C:/ProgramData/MATLAB/SupportPackages/R2022b/3P.instrset/cmsis.instrset/CMSIS/RTOS/RTX/LIB/GCC/libRTX_CM4.a(rt_cmsis.o) (rt_init_mem)
C:/ProgramData/MATLAB/SupportPackages/R2022b/3P.instrset/cmsis.instrset/CMSIS/RTOS/RTX/LIB/GCC/libRTX_CM4.a(rt_membox.o)
                              C:/ProgramData/MATLAB/SupportPackages/R2022b/3P.instrset/cmsis.instrset/CMSIS/RTOS/RTX/LIB/GCC/libRTX_CM4.a(rt_cmsis.o) (_init_box)
C:/ProgramData/MATLAB/SupportPackages/R2022b/3P.instrset/cmsis.instrset/CMSIS/RTOS/RTX/LIB/GCC/libRTX_CM4.a(rt_mutex.o)
                              C:/ProgramData/MATLAB/SupportPackages/R2022b/3P.instrset/cmsis.instrset/CMSIS/RTOS/RTX/LIB/GCC/libRTX_CM4.a(rt_cmsis.o) (rt_mut_init)
C:/ProgramData/MATLAB/SupportPackages/R2022b/3P.instrset/cmsis.instrset/CMSIS/RTOS/RTX/LIB/GCC/libRTX_CM4.a(rt_time.o)
                              C:/ProgramData/MATLAB/SupportPackages/R2022b/3P.instrset/cmsis.instrset/CMSIS/RTOS/RTX/LIB/GCC/libRTX_CM4.a(rt_cmsis.o) (os_time)
C:/ProgramData/MATLAB/SupportPackages/R2022b/3P.instrset/cmsis.instrset/CMSIS/RTOS/RTX/LIB/GCC/libRTX_CM4.a(rt_semaphore.o)
                              C:/ProgramData/MATLAB/SupportPackages/R2022b/3P.instrset/cmsis.instrset/CMSIS/RTOS/RTX/LIB/GCC/libRTX_CM4.a(rt_cmsis.o) (rt_sem_init)
C:/ProgramData/MATLAB/SupportPackages/R2022b/3P.instrset/cmsis.instrset/CMSIS/RTOS/RTX/LIB/GCC/libRTX_CM4.a(rt_mailbox.o)
                              C:/ProgramData/MATLAB/SupportPackages/R2022b/3P.instrset/cmsis.instrset/CMSIS/RTOS/RTX/LIB/GCC/libRTX_CM4.a(rt_cmsis.o) (rt_mbx_init)
C:/ProgramData/MATLAB/SupportPackages/R2022b/3P.instrset/cmsis.instrset/CMSIS/RTOS/RTX/LIB/GCC/libRTX_CM4.a(rt_list.o)
                              C:/ProgramData/MATLAB/SupportPackages/R2022b/3P.instrset/cmsis.instrset/CMSIS/RTOS/RTX/LIB/GCC/libRTX_CM4.a(rt_cmsis.o) (rt_put_prio)
C:/ProgramData/MATLAB/SupportPackages/R2022b/3P.instrset/cmsis.instrset/CMSIS/RTOS/RTX/LIB/GCC/libRTX_CM4.a(rt_event.o)
                              C:/ProgramData/MATLAB/SupportPackages/R2022b/3P.instrset/cmsis.instrset/CMSIS/RTOS/RTX/LIB/GCC/libRTX_CM4.a(rt_cmsis.o) (rt_evt_wait)
C:/ProgramData/MATLAB/SupportPackages/R2022b/3P.instrset/cmsis.instrset/CMSIS/RTOS/RTX/LIB/GCC/libRTX_CM4.a(rt_system.o)
                              C:/ProgramData/MATLAB/SupportPackages/R2022b/3P.instrset/cmsis.instrset/CMSIS/RTOS/RTX/LIB/GCC/libRTX_CM4.a(rt_cmsis.o) (rt_suspend)
C:/ProgramData/MATLAB/SupportPackages/R2022b/3P.instrset/cmsis.instrset/CMSIS/RTOS/RTX/LIB/GCC/libRTX_CM4.a(rt_task.o)
                              C:/ProgramData/MATLAB/SupportPackages/R2022b/3P.instrset/cmsis.instrset/CMSIS/RTOS/RTX/LIB/GCC/libRTX_CM4.a(rt_system.o) (rt_switch_req)
C:/ProgramData/MATLAB/SupportPackages/R2022b/3P.instrset/cmsis.instrset/CMSIS/RTOS/RTX/LIB/GCC/libRTX_CM4.a(hal_cm4.o)
                              C:/ProgramData/MATLAB/SupportPackages/R2022b/3P.instrset/cmsis.instrset/CMSIS/RTOS/RTX/LIB/GCC/libRTX_CM4.a(rt_task.o) (rt_get_PSP)
C:/ProgramData/MATLAB/SupportPackages/R2022b/3P.instrset/cmsis.instrset/CMSIS/RTOS/RTX/LIB/GCC/libRTX_CM4.a(svc_table.o)
                              C:/ProgramData/MATLAB/SupportPackages/R2022b/3P.instrset/cmsis.instrset/CMSIS/RTOS/RTX/LIB/GCC/libRTX_CM4.a(hal_cm4.o) (SVC_Table)
C:/ProgramData/MATLAB/SupportPackages/R2022b/3P.instrset/cmsis.instrset/CMSIS/RTOS/RTX/LIB/GCC/libRTX_CM4.a(rt_robin.o)
                              C:/ProgramData/MATLAB/SupportPackages/R2022b/3P.instrset/cmsis.instrset/CMSIS/RTOS/RTX/LIB/GCC/libRTX_CM4.a(rt_system.o) (os_robin)
C:/ProgramData/MATLAB/SupportPackages/R2022b/toolbox/target/supportpackages/freedomk64f/src/ksdk_armgcc_lib/bm/libksdk_platform.a(fsl_os_abstraction_bm.o)
                              hardware_init.o (OSA_Init)
C:/ProgramData/MATLAB/SupportPackages/R2022b/toolbox/target/supportpackages/freedomk64f/src/ksdk_armgcc_lib/bm/libksdk_platform.a(fsl_clock_manager.o)
                              board.o (CLOCK_SYS_OscInit)
C:/ProgramData/MATLAB/SupportPackages/R2022b/toolbox/target/supportpackages/freedomk64f/src/ksdk_armgcc_lib/bm/libksdk_platform.a(fsl_clock_manager_common.o)
                              C:/ProgramData/MATLAB/SupportPackages/R2022b/toolbox/target/supportpackages/freedomk64f/src/ksdk_armgcc_lib/bm/libksdk_platform.a(fsl_clock_manager.o) (g_oscBase)
[...]
Memory Configuration

Name             Origin             Length             Attributes
m_interrupts     0x00000000         0x00000400         xr
m_flash_config   0x00000400         0x00000010         xr
m_text           0x00000410         0x000ffbf0         xr
m_data_2         0x1fff0000         0x00010000         rw
m_data           0x20000000         0x00030000         rw
*default*        0x00000000         0xffffffff

Linker script and memory map

LOAD c:/progra~3/matlab/suppor~1/r2022b/3p778c~1.ins/gnuarm~1.ins/win/bin/../lib/gcc/arm-none-eabi/9.3.1/thumb/v7e-m+fp/hard/crti.o
LOAD c:/progra~3/matlab/suppor~1/r2022b/3p778c~1.ins/gnuarm~1.ins/win/bin/../lib/gcc/arm-none-eabi/9.3.1/thumb/v7e-m+fp/hard/crtbegin.o
LOAD c:/progra~3/matlab/suppor~1/r2022b/3p778c~1.ins/gnuarm~1.ins/win/bin/../lib/gcc/arm-none-eabi/9.3.1/../../../../arm-none-eabi/lib/thumb/v7e-m+fp/hard/crt0.o
LOAD MW_digitalIO.o
LOAD mw_sdk_interface.o
LOAD MW_PWM.o
LOAD ert_main.o
LOAD Assignment_1_Simulink.o
LOAD Assignment_1_Simulink_data.o
LOAD rtGetInf.o
LOAD rtGetNaN.o
LOAD rt_nonfinite.o
LOAD startup.o
LOAD system_MK64F12.o
LOAD startup_MK64F12.o
LOAD board.o
LOAD hardware_init.o
LOAD pin_mux.o
LOAD fsl_misc_utilities.o
LOAD fsl_edma_irq.o
LOAD fsl_uart_irq.o
LOAD irq_stub.o
LOAD sbrk.o
LOAD cmsis_rtos_init.o
LOAD RTX_Conf_CM.o
LOAD mw_thread.o
LOAD mw_semaphore.o
LOAD mw_timer.o
LOAD mw_signal.o
LOAD C:/ProgramData/MATLAB/SupportPackages/R2022b/3P.instrset/cmsis.instrset/CMSIS/DSP/Lib/GCC/libarm_cortexM4lf_math.a
LOAD C:/ProgramData/MATLAB/SupportPackages/R2022b/3P.instrset/cmsis.instrset/CMSIS/RTOS/RTX/LIB/GCC/libRTX_CM4.a
LOAD C:/ProgramData/MATLAB/SupportPackages/R2022b/toolbox/target/supportpackages/freedomk64f/src/ksdk_armgcc_lib/bm/libksdk_platform.a
LOAD c:/progra~3/matlab/suppor~1/r2022b/3p778c~1.ins/gnuarm~1.ins/win/bin/../lib/gcc/arm-none-eabi/9.3.1/../../../../arm-none-eabi/lib/thumb/v7e-m+fp/hard\libstdc++.a
LOAD c:/progra~3/matlab/suppor~1/r2022b/3p778c~1.ins/gnuarm~1.ins/win/bin/../lib/gcc/arm-none-eabi/9.3.1/../../../../arm-none-eabi/lib/thumb/v7e-m+fp/hard\libm.a
START GROUP
LOAD c:/progra~3/matlab/suppor~1/r2022b/3p778c~1.ins/gnuarm~1.ins/win/bin/../lib/gcc/arm-none-eabi/9.3.1/thumb/v7e-m+fp/hard\libgcc.a
LOAD c:/progra~3/matlab/suppor~1/r2022b/3p778c~1.ins/gnuarm~1.ins/win/bin/../lib/gcc/arm-none-eabi/9.3.1/../../../../arm-none-eabi/lib/thumb/v7e-m+fp/hard\libg.a
LOAD c:/progra~3/matlab/suppor~1/r2022b/3p778c~1.ins/gnuarm~1.ins/win/bin/../lib/gcc/arm-none-eabi/9.3.1/../../../../arm-none-eabi/lib/thumb/v7e-m+fp/hard\libc.a
END GROUP
START GROUP
LOAD c:/progra~3/matlab/suppor~1/r2022b/3p778c~1.ins/gnuarm~1.ins/win/bin/../lib/gcc/arm-none-eabi/9.3.1/thumb/v7e-m+fp/hard\libgcc.a
LOAD c:/progra~3/matlab/suppor~1/r2022b/3p778c~1.ins/gnuarm~1.ins/win/bin/../lib/gcc/arm-none-eabi/9.3.1/../../../../arm-none-eabi/lib/thumb/v7e-m+fp/hard\libc.a
LOAD c:/progra~3/matlab/suppor~1/r2022b/3p778c~1.ins/gnuarm~1.ins/win/bin/../lib/gcc/arm-none-eabi/9.3.1/../../../../arm-none-eabi/lib/thumb/v7e-m+fp/hard\libnosys.a
END GROUP
LOAD c:/progra~3/matlab/suppor~1/r2022b/3p778c~1.ins/gnuarm~1.ins/win/bin/../lib/gcc/arm-none-eabi/9.3.1/thumb/v7e-m+fp/hard/crtend.o
LOAD c:/progra~3/matlab/suppor~1/r2022b/3p778c~1.ins/gnuarm~1.ins/win/bin/../lib/gcc/arm-none-eabi/9.3.1/thumb/v7e-m+fp/hard/crtn.o
                0x00000400                HEAP_SIZE = DEFINED (__heap_size__)?__heap_size__:0x400
                0x00000400                STACK_SIZE = DEFINED (__stack_size__)?__stack_size__:0x400
                0x00000000                M_VECTOR_RAM_SIZE = DEFINED (__ram_vector_table__)?0x400:0x0

.interrupts     0x00000000      0x400
                0x00000000                __VECTOR_TABLE = .
                0x00000000                . = ALIGN (0x4)
 *(.isr_vector)
 .isr_vector    0x00000000      0x400 startup_MK64F12.o
                0x00000000                __isr_vector
                0x00000400                . = ALIGN (0x4)

.flash_config   0x00000400       0x10
                0x00000400                . = ALIGN (0x4)
 *(.FlashConfig)
 .FlashConfig   0x00000400       0x10 startup_MK64F12.o
                0x00000410                . = ALIGN (0x4)

.text           0x00000440     0xb6f8
                0x00000440                . = ALIGN (0x4)
 *(.text)
 .text          0x00000440       0x40 c:/progra~3/matlab/suppor~1/r2022b/3p778c~1.ins/gnuarm~1.ins/win/bin/../lib/gcc/arm-none-eabi/9.3.1/thumb/v7e-m+fp/hard/crtbegin.o
 .text          0x00000480       0x7c c:/progra~3/matlab/suppor~1/r2022b/3p778c~1.ins/gnuarm~1.ins/win/bin/../lib/gcc/arm-none-eabi/9.3.1/../../../../arm-none-eabi/lib/thumb/v7e-m+fp/hard/crt0.o
                0x00000480                _stack_init
                0x00000488                _start
                0x00000488                _mainCRTStartup
 .text          0x000004fc       0x14 startup_MK64F12.o
                0x000004fc                Reset_Handler
                0x0000050c                ENET_Receive_IRQHandler
                0x0000050c                ENET_1588_Timer_IRQHandler
                0x0000050c                DefaultISR
                0x0000050c                PIT2_IRQHandler
                0x0000050c                PIT0_IRQHandler
                0x0000050c                ENET_Error_IRQHandler
                0x0000050c                PIT3_IRQHandler
                0x0000050c                SDHC_IRQHandler
                0x0000050c                ENET_Transmit_IRQHandler
                0x0000050c                PIT1_IRQHandler
 .text          0x00000510      0x198 C:/ProgramData/MATLAB/SupportPackages/R2022b/3P.instrset/cmsis.instrset/CMSIS/RTOS/RTX/LIB/GCC/libRTX_CM4.a(hal_cm4.o)
                0x00000510                rt_set_PSP
                0x00000516                rt_get_PSP
                0x0000051c                os_set_env
                0x00000534                _alloc_box
                0x00000550                _free_box
                0x0000056c                SVC_Handler
                0x00000612                PendSV_Handler
                0x00000618                Sys_Switch
                0x00000672                SysTick_Handler
                0x0000067c                OS_Tick_Handler
 .text          0x000006a8      0x378 c:/progra~3/matlab/suppor~1/r2022b/3p778c~1.ins/gnuarm~1.ins/win/bin/../lib/gcc/arm-none-eabi/9.3.1/thumb/v7e-m+fp/hard\libgcc.a(_arm_addsubdf3.o)
                0x000006a8                __aeabi_drsub
                0x000006b0                __aeabi_dsub
                0x000006b0                __subdf3
                0x000006b4                __aeabi_dadd
                0x000006b4                __adddf3
                0x0000092c                __floatunsidf
                0x0000092c                __aeabi_ui2d
                0x0000094c                __floatsidf
                0x0000094c                __aeabi_i2d
                0x00000970                __aeabi_f2d
                0x00000970                __extendsfdf2
                0x000009b4                __floatundidf
                0x000009b4                __aeabi_ul2d
                0x000009c4                __floatdidf
                0x000009c4                __aeabi_l2d
 .text          0x00000a20      0x424 c:/progra~3/matlab/suppor~1/r2022b/3p778c~1.ins/gnuarm~1.ins/win/bin/../lib/gcc/arm-none-eabi/9.3.1/thumb/v7e-m+fp/hard\libgcc.a(_arm_muldivdf3.o)
                0x00000a20                __aeabi_dmul
                0x00000a20                __muldf3
                0x00000c74                __divdf3
                0x00000c74                __aeabi_ddiv
 .text          0x00000e44      0x110 c:/progra~3/matlab/suppor~1/r2022b/3p778c~1.ins/gnuarm~1.ins/win/bin/../lib/gcc/arm-none-eabi/9.3.1/thumb/v7e-m+fp/hard\libgcc.a(_arm_cmpdf2.o)
                0x00000e44                __gtdf2
                0x00000e44                __gedf2
                0x00000e4c                __ltdf2
                0x00000e4c                __ledf2
                0x00000e54                __nedf2
                0x00000e54                __eqdf2
                0x00000e54                __cmpdf2
                0x00000ed0                __aeabi_cdrcmple
                0x00000ee0                __aeabi_cdcmpeq
                0x00000ee0                __aeabi_cdcmple
                0x00000ef0                __aeabi_dcmpeq
                0x00000f04                __aeabi_dcmplt
                0x00000f18                __aeabi_dcmple
                0x00000f2c                __aeabi_dcmpge
                0x00000f40                __aeabi_dcmpgt
 .text          0x00000f54       0x2c c:/progra~3/matlab/suppor~1/r2022b/3p778c~1.ins/gnuarm~1.ins/win/bin/../lib/gcc/arm-none-eabi/9.3.1/thumb/v7e-m+fp/hard\libgcc.a(_arm_unorddf2.o)
                0x00000f54                __unorddf2
                0x00000f54                __aeabi_dcmpun
 .text          0x00000f80       0x50 c:/progra~3/matlab/suppor~1/r2022b/3p778c~1.ins/gnuarm~1.ins/win/bin/../lib/gcc/arm-none-eabi/9.3.1/thumb/v7e-m+fp/hard\libgcc.a(_arm_fixdfsi.o)
                0x00000f80                __aeabi_d2iz
                0x00000f80                __fixdfsi
 .text          0x00000fd0       0x40 c:/progra~3/matlab/suppor~1/r2022b/3p778c~1.ins/gnuarm~1.ins/win/bin/../lib/gcc/arm-none-eabi/9.3.1/thumb/v7e-m+fp/hard\libgcc.a(_arm_fixunsdfsi.o)
                0x00000fd0                __aeabi_d2uiz
                0x00000fd0                __fixunsdfsi
 .text          0x00001010       0xa0 c:/progra~3/matlab/suppor~1/r2022b/3p778c~1.ins/gnuarm~1.ins/win/bin/../lib/gcc/arm-none-eabi/9.3.1/thumb/v7e-m+fp/hard\libgcc.a(_arm_truncdfsf2.o)
                0x00001010                __truncdfsf2
                0x00001010                __aeabi_d2f
 .text          0x000010b0       0x30 c:/progra~3/matlab/suppor~1/r2022b/3p778c~1.ins/gnuarm~1.ins/win/bin/../lib/gcc/arm-none-eabi/9.3.1/thumb/v7e-m+fp/hard\libgcc.a(_aeabi_uldivmod.o)
                0x000010b0                __aeabi_uldivmod
 .text          0x000010e0      0x2c4 c:/progra~3/matlab/suppor~1/r2022b/3p778c~1.ins/gnuarm~1.ins/win/bin/../lib/gcc/arm-none-eabi/9.3.1/thumb/v7e-m+fp/hard\libgcc.a(_udivmoddi4.o)
                0x000010e0                __udivmoddi4
 .text          0x000013a4      0x9b8 c:/progra~3/matlab/suppor~1/r2022b/3p778c~1.ins/gnuarm~1.ins/win/bin/../lib/gcc/arm-none-eabi/9.3.1/thumb/v7e-m+fp/hard\libgcc.a(unwind-arm.o)
                0x0000164c                _Unwind_GetCFA
                0x00001650                __gnu_Unwind_RaiseException
                0x000016b0                __gnu_Unwind_ForcedUnwind
                0x000016c4                __gnu_Unwind_Resume
                0x00001708                __gnu_Unwind_Resume_or_Rethrow
                0x00001718                _Unwind_Complete
                0x0000171c                _Unwind_DeleteException
                0x00001728                _Unwind_VRS_Get
                0x00001770                _Unwind_VRS_Set
                0x000017b8                __gnu_Unwind_Backtrace
                0x00001ad8                __aeabi_unwind_cpp_pr0
                0x00001adc                __aeabi_unwind_cpp_pr1
                0x00001ae0                __aeabi_unwind_cpp_pr2
                0x00001ae4                _Unwind_VRS_Pop
 .text          0x00001d5c      0x1ac c:/progra~3/matlab/suppor~1/r2022b/3p778c~1.ins/gnuarm~1.ins/win/bin/../lib/gcc/arm-none-eabi/9.3.1/thumb/v7e-m+fp/hard\libgcc.a(libunwind.o)
                0x00001d5c                __restore_core_regs
                0x00001d5c                restore_core_regs
                0x00001d74                __gnu_Unwind_Restore_VFP
                0x00001d7c                __gnu_Unwind_Save_VFP
                0x00001d84                __gnu_Unwind_Restore_VFP_D
                0x00001d8c                __gnu_Unwind_Save_VFP_D
                0x00001d94                __gnu_Unwind_Restore_VFP_D_16_to_31
                0x00001d9c                __gnu_Unwind_Save_VFP_D_16_to_31
                0x00001da4                __gnu_Unwind_Restore_WMMXD
                0x00001de8                __gnu_Unwind_Save_WMMXD
                0x00001e2c                __gnu_Unwind_Restore_WMMXC
                0x00001e40                __gnu_Unwind_Save_WMMXC
                0x00001e54                ___Unwind_RaiseException
                0x00001e54                _Unwind_RaiseException
                0x00001e78                _Unwind_Resume
                0x00001e78                ___Unwind_Resume
                0x00001e9c                _Unwind_Resume_or_Rethrow
                0x00001e9c                ___Unwind_Resume_or_Rethrow
                0x00001ec0                _Unwind_ForcedUnwind
                0x00001ec0                ___Unwind_ForcedUnwind
                0x00001ee4                ___Unwind_Backtrace
                0x00001ee4                _Unwind_Backtrace
 .text          0x00001f08      0x340 c:/progra~3/matlab/suppor~1/r2022b/3p778c~1.ins/gnuarm~1.ins/win/bin/../lib/gcc/arm-none-eabi/9.3.1/thumb/v7e-m+fp/hard\libgcc.a(pr-support.o)
                0x00001f60                __gnu_unwind_execute
                0x000021fc                __gnu_unwind_frame
                0x00002228                _Unwind_GetRegionStart
                0x00002234                _Unwind_GetLanguageSpecificData
 .text          0x00002248        0x4 c:/progra~3/matlab/suppor~1/r2022b/3p778c~1.ins/gnuarm~1.ins/win/bin/../lib/gcc/arm-none-eabi/9.3.1/thumb/v7e-m+fp/hard\libgcc.a(_dvmd_tls.o)
                0x00002248                __aeabi_idiv0
                0x00002248                __aeabi_ldiv0
 .text          0x0000224c      0x134 c:/progra~3/matlab/suppor~1/r2022b/3p778c~1.ins/gnuarm~1.ins/win/bin/../lib/gcc/arm-none-eabi/9.3.1/../../../../arm-none-eabi/lib/thumb/v7e-m+fp/hard\libg.a(lib_a-memcpy.o)
                0x0000224c                memcpy
 .text          0x00002380       0xa0 c:/progra~3/matlab/suppor~1/r2022b/3p778c~1.ins/gnuarm~1.ins/win/bin/../lib/gcc/arm-none-eabi/9.3.1/../../../../arm-none-eabi/lib/thumb/v7e-m+fp/hard\libg.a(lib_a-memchr.o)
                0x00002380                memchr
 *fill*         0x00002420       0x20 
 .text          0x00002440       0xdc c:/progra~3/matlab/suppor~1/r2022b/3p778c~1.ins/gnuarm~1.ins/win/bin/../lib/gcc/arm-none-eabi/9.3.1/../../../../arm-none-eabi/lib/thumb/v7e-m+fp/hard\libg.a(lib_a-strlen.o)
                0x00002440                strlen
 *(.text*)
 .text.MW_digitalIO_open
                0x0000251c       0xe0 MW_digitalIO.o
                0x0000251c                MW_digitalIO_open
 .text.MW_digitalIO_read
                0x000025fc       0x70 MW_digitalIO.o
                0x000025fc                MW_digitalIO_read
 .text.MW_digitalIO_write
                0x0000266c       0x7e MW_digitalIO.o
                0x0000266c                MW_digitalIO_write
 .text.MW_digitalIO_close
                0x000026ea       0x3c MW_digitalIO.o
                0x000026ea                MW_digitalIO_close
 *fill*         0x00002726        0x2 
 .text.PORT_HAL_SetMuxMode
                0x00002728       0x58 MW_PWM.o
 .text.FTM_HAL_SetClockSource
                0x00002780       0x2e MW_PWM.o
 *fill*         0x000027ae        0x2 
 .text.MW_PWM_Open
                0x000027b0      0x164 MW_PWM.o
                0x000027b0                MW_PWM_Open
 .text.MW_PWM_Start
                0x00002914       0x14 MW_PWM.o
                0x00002914                MW_PWM_Start
 .text.MW_PWM_SetDutyCycle
                0x00002928       0x7c MW_PWM.o
                0x00002928                MW_PWM_SetDutyCycle
 .text.MW_PWM_Stop
                0x000029a4       0x2c MW_PWM.o
                0x000029a4                MW_PWM_Stop
 .text.MW_PWM_Close
                0x000029d0       0x14 MW_PWM.o
                0x000029d0                MW_PWM_Close
 .text.baseRateTask
                0x000029e4       0x7c ert_main.o
                0x000029e4                baseRateTask
 .text.terminateTask
                0x00002a60       0x34 ert_main.o
                0x00002a60                terminateTask
 .text.main     0x00002a94       0x48 ert_main.o
                0x00002a94                main
 .text.Assignment_1_Simulink_mod
                0x00002adc      0x2cc Assignment_1_Simulink.o
 .text.rt_roundd_snf
                0x00002da8       0xf4 Assignment_1_Simulink.o
                0x00002da8                rt_roundd_snf
 .text.As_convert_to_enum_Pace_Chamber
                0x00002e9c       0x2a Assignment_1_Simulink.o
 .text.convert_to_enum_Pace_Sense_Cham
                0x00002ec6       0x2a Assignment_1_Simulink.o
 .text.convert_to_enum_Pace_Sense_Resp
                0x00002ef0       0x2a Assignment_1_Simulink.o
 *fill*         0x00002f1a        0x2 
 .text.broadcast_pace_compl_c3_Assignm
                0x00002f1c       0x30 Assignment_1_Simulink.o
 .text.Assignment__enter_atomic_Charge
                0x00002f4c       0x74 Assignment_1_Simulink.o
 .text.broadcast_sense_timeout_c3_Assi
                0x00002fc0       0x30 Assignment_1_Simulink.o
 .text.Assignm_enter_atomic_Sense_Fail
                0x00002ff0        0xc Assignment_1_Simulink.o
 .text.Assign_c3_Assignment_1_Simulink
                0x00002ffc      0x438 Assignment_1_Simulink.o
 *fill*         0x00003434        0x4 
 .text.Assignment_1_Simulink_step
                0x00003438      0x410 Assignment_1_Simulink.o
                0x00003438                Assignment_1_Simulink_step
 .text.Assignment_1_Simulink_initialize
                0x00003848      0x310 Assignment_1_Simulink.o
                0x00003848                Assignment_1_Simulink_initialize
 .text.Assignment_1_Simulink_terminate
                0x00003b58      0x2d4 Assignment_1_Simulink.o
                0x00003b58                Assignment_1_Simulink_terminate
 .text.rtGetInf
                0x00003e2c       0x60 rtGetInf.o
                0x00003e2c                rtGetInf
 .text.rtGetInfF
                0x00003e8c       0x20 rtGetInf.o
                0x00003e8c                rtGetInfF
 .text.rtGetMinusInf
                0x00003eac       0x60 rtGetInf.o
                0x00003eac                rtGetMinusInf
 .text.rtGetMinusInfF
                0x00003f0c       0x24 rtGetInf.o
                0x00003f0c                rtGetMinusInfF
 .text.rtGetNaN
                0x00003f30       0x60 rtGetNaN.o
                0x00003f30                rtGetNaN
 .text.rtGetNaNF
                0x00003f90       0x28 rtGetNaN.o
                0x00003f90                rtGetNaNF
 .text.rt_InitInfAndNaN
                0x00003fb8       0x88 rt_nonfinite.o
                0x00003fb8                rt_InitInfAndNaN
 .text.rtIsInf  0x00004040       0x48 rt_nonfinite.o
                0x00004040                rtIsInf
 .text.rtIsNaN  0x00004088       0x6c rt_nonfinite.o
                0x00004088                rtIsNaN
 .text.rtIsNaNF
                0x000040f4       0x38 rt_nonfinite.o
                0x000040f4                rtIsNaNF
 .text.init_data_bss
                0x0000412c       0xd0 startup.o
                0x0000412c                init_data_bss
 .text.SystemInit
                0x000041fc      0x1dc system_MK64F12.o
                0x000041fc                SystemInit
 .text.SystemCoreClockUpdate
                0x000043d8      0x290 system_MK64F12.o
                0x000043d8                SystemCoreClockUpdate
 .text.PORT_HAL_SetMuxMode
                0x00004668       0x58 board.o
 .text.SMC_HAL_SetProtection
                0x000046c0       0x1e board.o
 *fill*         0x000046de        0x2 
 .text.BOARD_InitOsc0
                0x000046e0       0x30 board.o
                0x000046e0                BOARD_InitOsc0
 .text.BOARD_InitRtcOsc
                0x00004710       0x28 board.o
                0x00004710                BOARD_InitRtcOsc
 .text.BOARD_ClockInit
                0x00004738       0x34 board.o
                0x00004738                BOARD_ClockInit
 .text.hardware_init
                0x0000476c       0x30 hardware_init.o
                0x0000476c                hardware_init
 .text.DMA0_IRQHandler
                0x0000479c        0xe fsl_edma_irq.o
                0x0000479c                DMA0_IRQHandler
 .text.DMA1_IRQHandler
                0x000047aa        0xe fsl_edma_irq.o
                0x000047aa                DMA1_IRQHandler
 .text.DMA2_IRQHandler
                0x000047b8        0xe fsl_edma_irq.o
                0x000047b8                DMA2_IRQHandler
 .text.DMA3_IRQHandler
                0x000047c6        0xe fsl_edma_irq.o
                0x000047c6                DMA3_IRQHandler
 .text.DMA4_IRQHandler
                0x000047d4        0xe fsl_edma_irq.o
                0x000047d4                DMA4_IRQHandler
 .text.DMA5_IRQHandler
                0x000047e2        0xe fsl_edma_irq.o
                0x000047e2                DMA5_IRQHandler
 .text.DMA6_IRQHandler
                0x000047f0        0xe fsl_edma_irq.o
                0x000047f0                DMA6_IRQHandler
 .text.DMA7_IRQHandler
                0x000047fe        0xe fsl_edma_irq.o
                0x000047fe                DMA7_IRQHandler
 .text.DMA8_IRQHandler
                0x0000480c        0xe fsl_edma_irq.o
                0x0000480c                DMA8_IRQHandler
 .text.DMA9_IRQHandler
                0x0000481a        0xe fsl_edma_irq.o
                0x0000481a                DMA9_IRQHandler
 .text.DMA10_IRQHandler
                0x00004828        0xe fsl_edma_irq.o
                0x00004828                DMA10_IRQHandler
 .text.DMA11_IRQHandler
                0x00004836        0xe fsl_edma_irq.o
                0x00004836                DMA11_IRQHandler
 .text.DMA12_IRQHandler
                0x00004844        0xe fsl_edma_irq.o
                0x00004844                DMA12_IRQHandler
 .text.DMA13_IRQHandler
                0x00004852        0xe fsl_edma_irq.o
                0x00004852                DMA13_IRQHandler
 .text.DMA14_IRQHandler
                0x00004860        0xe fsl_edma_irq.o
                0x00004860                DMA14_IRQHandler
 .text.DMA15_IRQHandler
                0x0000486e        0xe fsl_edma_irq.o
                0x0000486e                DMA15_IRQHandler
 .text.DMA_Error_IRQHandler
                0x0000487c        0xe fsl_edma_irq.o
                0x0000487c                DMA_Error_IRQHandler
 .text.UART0_RX_TX_IRQHandler
                0x0000488a        0xe fsl_uart_irq.o
                0x0000488a                UART0_RX_TX_IRQHandler
 .text.UART1_RX_TX_IRQHandler
                0x00004898        0xe fsl_uart_irq.o
                0x00004898                UART1_RX_TX_IRQHandler
 .text.UART2_RX_TX_IRQHandler
                0x000048a6        0xe fsl_uart_irq.o
                0x000048a6                UART2_RX_TX_IRQHandler
 .text.UART3_RX_TX_IRQHandler
                0x000048b4        0xe fsl_uart_irq.o
                0x000048b4                UART3_RX_TX_IRQHandler
 .text.UART4_RX_TX_IRQHandler
                0x000048c2        0xe fsl_uart_irq.o
                0x000048c2                UART4_RX_TX_IRQHandler
 .text.UART5_RX_TX_IRQHandler
                0x000048d0        0xe fsl_uart_irq.o
                0x000048d0                UART5_RX_TX_IRQHandler
 .text.NMI_Handler
                0x000048de        0x6 irq_stub.o
                0x000048de                NMI_Handler
 .text.HardFault_Handler
                0x000048e4        0x6 irq_stub.o
                0x000048e4                HardFault_Handler
 .text.MemManage_Handler
                0x000048ea        0x6 irq_stub.o
                0x000048ea                MemManage_Handler
 .text.BusFault_Handler
                0x000048f0        0x6 irq_stub.o
                0x000048f0                BusFault_Handler
 .text.UsageFault_Handler
                0x000048f6        0x6 irq_stub.o
                0x000048f6                UsageFault_Handler
 .text.DebugMon_Handler
                0x000048fc        0x6 irq_stub.o
                0x000048fc                DebugMon_Handler
 .text.MCM_IRQHandler
                0x00004902        0x6 irq_stub.o
                0x00004902                MCM_IRQHandler
 .text.FTFE_IRQHandler
                0x00004908        0x6 irq_stub.o
                0x00004908                FTFE_IRQHandler
 .text.Read_Collision_IRQHandler
                0x0000490e        0x6 irq_stub.o
                0x0000490e                Read_Collision_IRQHandler
 .text.LVD_LVW_IRQHandler
                0x00004914        0x6 irq_stub.o
                0x00004914                LVD_LVW_IRQHandler
 .text.LLWU_IRQHandler
                0x0000491a        0x6 irq_stub.o
                0x0000491a                LLWU_IRQHandler
 .text.WDOG_EWM_IRQHandler
                0x00004920        0x6 irq_stub.o
                0x00004920                WDOG_EWM_IRQHandler
 .text.RNG_IRQHandler
                0x00004926        0x6 irq_stub.o
                0x00004926                RNG_IRQHandler
 .text.I2C0_IRQHandler
                0x0000492c        0x6 irq_stub.o
                0x0000492c                I2C0_IRQHandler
 .text.I2C1_IRQHandler
                0x00004932        0x6 irq_stub.o
                0x00004932                I2C1_IRQHandler
 .text.SPI0_IRQHandler
                0x00004938        0x6 irq_stub.o
                0x00004938                SPI0_IRQHandler
 .text.SPI1_IRQHandler
                0x0000493e        0x6 irq_stub.o
                0x0000493e                SPI1_IRQHandler
 .text.I2S0_Tx_IRQHandler
                0x00004944        0x6 irq_stub.o
                0x00004944                I2S0_Tx_IRQHandler
 .text.I2S0_Rx_IRQHandler
                0x0000494a        0x6 irq_stub.o
                0x0000494a                I2S0_Rx_IRQHandler
 .text.UART0_LON_IRQHandler
                0x00004950        0x6 irq_stub.o
                0x00004950                UART0_LON_IRQHandler
 .text.UART0_ERR_IRQHandler
                0x00004956        0x6 irq_stub.o
                0x00004956                UART0_ERR_IRQHandler
 .text.UART1_ERR_IRQHandler
                0x0000495c        0x6 irq_stub.o
                0x0000495c                UART1_ERR_IRQHandler
 .text.UART2_ERR_IRQHandler
                0x00004962        0x6 irq_stub.o
                0x00004962                UART2_ERR_IRQHandler
 .text.UART3_ERR_IRQHandler
                0x00004968        0x6 irq_stub.o
                0x00004968                UART3_ERR_IRQHandler
 .text.ADC0_IRQHandler
                0x0000496e        0x6 irq_stub.o
                0x0000496e                ADC0_IRQHandler
 .text.CMP0_IRQHandler
                0x00004974        0x6 irq_stub.o
                0x00004974                CMP0_IRQHandler
 .text.CMP1_IRQHandler
                0x0000497a        0x6 irq_stub.o
                0x0000497a                CMP1_IRQHandler
 .text.FTM0_IRQHandler
                0x00004980        0x6 irq_stub.o
                0x00004980                FTM0_IRQHandler
 .text.FTM1_IRQHandler
                0x00004986        0x6 irq_stub.o
                0x00004986                FTM1_IRQHandler
 .text.FTM2_IRQHandler
                0x0000498c        0x6 irq_stub.o
                0x0000498c                FTM2_IRQHandler
 .text.CMT_IRQHandler
                0x00004992        0x6 irq_stub.o
                0x00004992                CMT_IRQHandler
 .text.RTC_IRQHandler
                0x00004998        0x6 irq_stub.o
                0x00004998                RTC_IRQHandler
 .text.RTC_Seconds_IRQHandler
                0x0000499e        0x6 irq_stub.o
                0x0000499e                RTC_Seconds_IRQHandler
 .text.PDB0_IRQHandler
                0x000049a4        0x6 irq_stub.o
                0x000049a4                PDB0_IRQHandler
 .text.USB0_IRQHandler
                0x000049aa        0x6 irq_stub.o
                0x000049aa                USB0_IRQHandler
 .text.USBDCD_IRQHandler
                0x000049b0        0x6 irq_stub.o
                0x000049b0                USBDCD_IRQHandler
 .text.Reserved71_IRQHandler
                0x000049b6        0x6 irq_stub.o
                0x000049b6                Reserved71_IRQHandler
 .text.DAC0_IRQHandler
                0x000049bc        0x6 irq_stub.o
                0x000049bc                DAC0_IRQHandler
 .text.MCG_IRQHandler
                0x000049c2        0x6 irq_stub.o
                0x000049c2                MCG_IRQHandler
 .text.LPTMR0_IRQHandler
                0x000049c8        0x6 irq_stub.o
                0x000049c8                LPTMR0_IRQHandler
 .text.PORTA_IRQHandler
                0x000049ce        0x6 irq_stub.o
                0x000049ce                PORTA_IRQHandler
 .text.PORTB_IRQHandler
                0x000049d4        0x6 irq_stub.o
                0x000049d4                PORTB_IRQHandler
 .text.PORTC_IRQHandler
                0x000049da        0x6 irq_stub.o
                0x000049da                PORTC_IRQHandler
 .text.PORTD_IRQHandler
                0x000049e0        0x6 irq_stub.o
                0x000049e0                PORTD_IRQHandler
 .text.PORTE_IRQHandler
                0x000049e6        0x6 irq_stub.o
                0x000049e6                PORTE_IRQHandler
 .text.SWI_IRQHandler
                0x000049ec        0x6 irq_stub.o
                0x000049ec                SWI_IRQHandler
 .text.SPI2_IRQHandler
                0x000049f2        0x6 irq_stub.o
                0x000049f2                SPI2_IRQHandler
 .text.UART4_ERR_IRQHandler
                0x000049f8        0x6 irq_stub.o
                0x000049f8                UART4_ERR_IRQHandler
 .text.UART5_ERR_IRQHandler
                0x000049fe        0x6 irq_stub.o
                0x000049fe                UART5_ERR_IRQHandler
 .text.CMP2_IRQHandler
                0x00004a04        0x6 irq_stub.o
                0x00004a04                CMP2_IRQHandler
 .text.FTM3_IRQHandler
                0x00004a0a        0x6 irq_stub.o
                0x00004a0a                FTM3_IRQHandler
 .text.DAC1_IRQHandler
                0x00004a10        0x6 irq_stub.o
                0x00004a10                DAC1_IRQHandler
 .text.ADC1_IRQHandler
                0x00004a16        0x6 irq_stub.o
                0x00004a16                ADC1_IRQHandler
 .text.I2C2_IRQHandler
                0x00004a1c        0x6 irq_stub.o
                0x00004a1c                I2C2_IRQHandler
 .text.CAN0_ORed_Message_buffer_IRQHandler
                0x00004a22        0x6 irq_stub.o
                0x00004a22                CAN0_ORed_Message_buffer_IRQHandler
 .text.CAN0_Bus_Off_IRQHandler
                0x00004a28        0x6 irq_stub.o
                0x00004a28                CAN0_Bus_Off_IRQHandler
 .text.CAN0_Error_IRQHandler
                0x00004a2e        0x6 irq_stub.o
                0x00004a2e                CAN0_Error_IRQHandler
 .text.CAN0_Tx_Warning_IRQHandler
                0x00004a34        0x6 irq_stub.o
                0x00004a34                CAN0_Tx_Warning_IRQHandler
 .text.CAN0_Rx_Warning_IRQHandler
                0x00004a3a        0x6 irq_stub.o
                0x00004a3a                CAN0_Rx_Warning_IRQHandler
 .text.CAN0_Wake_Up_IRQHandler
                0x00004a40        0x6 irq_stub.o
                0x00004a40                CAN0_Wake_Up_IRQHandler
 *fill*         0x00004a46        0x2 
 .text._sbrk    0x00004a48       0x5c sbrk.o
                0x00004a48                _sbrk
 .text.schedulerTask
                0x00004aa4       0x1c cmsis_rtos_init.o
                0x00004aa4                schedulerTask
 .text.mw_initSignalEvents
                0x00004ac0       0x40 cmsis_rtos_init.o
                0x00004ac0                mw_initSignalEvents
 .text.mw_RTOSInit
                0x00004b00       0x8c cmsis_rtos_init.o
                0x00004b00                mw_RTOSInit
 .text.os_idle_demon
                0x00004b8c        0x8 RTX_Conf_CM.o
                0x00004b8c                os_idle_demon
 .text.os_error
                0x00004b94       0x2c RTX_Conf_CM.o
                0x00004b94                os_error
 .text.rt_init_robin
                0x00004bc0        0x4 RTX_Conf_CM.o
                0x00004bc0                rt_init_robin
 .text.rt_chk_robin
                0x00004bc4        0x4 RTX_Conf_CM.o
                0x00004bc4                rt_chk_robin
 .text.software_init_hook
                0x00004bc8       0x34 RTX_Conf_CM.o
                0x00004bc8                software_init_hook
 .text.mw_osThreadCreate
                0x00004bfc       0x52 mw_thread.o
                0x00004bfc                mw_osThreadCreate
 .text.mw_osThreadGetId
                0x00004c4e        0xe mw_thread.o
                0x00004c4e                mw_osThreadGetId
 .text.mw_osThreadExit
                0x00004c5c       0x22 mw_thread.o
                0x00004c5c                mw_osThreadExit
 .text.mw_osTimerCreate
                0x00004c7e       0x4e mw_timer.o
                0x00004c7e                mw_osTimerCreate
 .text.mw_osTimerStart
                0x00004ccc       0x24 mw_timer.o
                0x00004ccc                mw_osTimerStart
 .text.mw_osSignalSet
                0x00004cf0       0x2e mw_signal.o
                0x00004cf0                mw_osSignalSet
 .text.mw_osSignalClear
                0x00004d1e       0x26 mw_signal.o
                0x00004d1e                mw_osSignalClear
 .text.mw_osSignalWaitEver
                0x00004d44       0x20 mw_signal.o
                0x00004d44                mw_osSignalWaitEver
 .text.mw_osSignalEventCreate
                0x00004d64       0x20 mw_signal.o
                0x00004d64                mw_osSignalEventCreate
 .text.mw_osSignalEventRelease
                0x00004d84       0x26 mw_signal.o
                0x00004d84                mw_osSignalEventRelease
 .text.mw_osSignalEventWaitEver
                0x00004daa       0x34 mw_signal.o
                0x00004daa                mw_osSignalEventWaitEver
 *fill*         0x00004dde        0x2 
 .text.osThreadExit
                0x00004de0       0x18 C:/ProgramData/MATLAB/SupportPackages/R2022b/3P.instrset/cmsis.instrset/CMSIS/RTOS/RTX/LIB/GCC/libRTX_CM4.a(rt_cmsis.o)
                0x00004de0                osThreadExit
 .text.svcKernelInitialize
                0x00004df8      0x104 C:/ProgramData/MATLAB/SupportPackages/R2022b/3P.instrset/cmsis.instrset/CMSIS/RTOS/RTX/LIB/GCC/libRTX_CM4.a(rt_cmsis.o)
                0x00004df8                svcKernelInitialize
 .text.svcKernelStart
                0x00004efc       0x48 C:/ProgramData/MATLAB/SupportPackages/R2022b/3P.instrset/cmsis.instrset/CMSIS/RTOS/RTX/LIB/GCC/libRTX_CM4.a(rt_cmsis.o)
                0x00004efc                svcKernelStart
 .text.osKernelInitialize
                0x00004f44       0x28 C:/ProgramData/MATLAB/SupportPackages/R2022b/3P.instrset/cmsis.instrset/CMSIS/RTOS/RTX/LIB/GCC/libRTX_CM4.a(rt_cmsis.o)
                0x00004f44                osKernelInitialize
 .text.osKernelStart
                0x00004f6c       0x74 C:/ProgramData/MATLAB/SupportPackages/R2022b/3P.instrset/cmsis.instrset/CMSIS/RTOS/RTX/LIB/GCC/libRTX_CM4.a(rt_cmsis.o)
                0x00004f6c                osKernelStart
 .text.svcThreadCreate
                0x00004fe0       0x7c C:/ProgramData/MATLAB/SupportPackages/R2022b/3P.instrset/cmsis.instrset/CMSIS/RTOS/RTX/LIB/GCC/libRTX_CM4.a(rt_cmsis.o)
                0x00004fe0                svcThreadCreate
 .text.svcThreadGetId
                0x0000505c       0x18 C:/ProgramData/MATLAB/SupportPackages/R2022b/3P.instrset/cmsis.instrset/CMSIS/RTOS/RTX/LIB/GCC/libRTX_CM4.a(rt_cmsis.o)
                0x0000505c                svcThreadGetId
 .text.svcThreadTerminate
                0x00005074       0x48 C:/ProgramData/MATLAB/SupportPackages/R2022b/3P.instrset/cmsis.instrset/CMSIS/RTOS/RTX/LIB/GCC/libRTX_CM4.a(rt_cmsis.o)
                0x00005074                svcThreadTerminate
 .text.osThreadCreate
                0x000050bc       0xa4 C:/ProgramData/MATLAB/SupportPackages/R2022b/3P.instrset/cmsis.instrset/CMSIS/RTOS/RTX/LIB/GCC/libRTX_CM4.a(rt_cmsis.o)
                0x000050bc                osThreadCreate
 .text.osThreadGetId
                0x00005160       0x18 C:/ProgramData/MATLAB/SupportPackages/R2022b/3P.instrset/cmsis.instrset/CMSIS/RTOS/RTX/LIB/GCC/libRTX_CM4.a(rt_cmsis.o)
                0x00005160                osThreadGetId
 .text.osThreadTerminate
                0x00005178       0x18 C:/ProgramData/MATLAB/SupportPackages/R2022b/3P.instrset/cmsis.instrset/CMSIS/RTOS/RTX/LIB/GCC/libRTX_CM4.a(rt_cmsis.o)
                0x00005178                osThreadTerminate
 .text.svcTimerCreate
                0x00005190       0x40 C:/ProgramData/MATLAB/SupportPackages/R2022b/3P.instrset/cmsis.instrset/CMSIS/RTOS/RTX/LIB/GCC/libRTX_CM4.a(rt_cmsis.o)
                0x00005190                svcTimerCreate
 .text.svcTimerStart
                0x000051d0       0xdc C:/ProgramData/MATLAB/SupportPackages/R2022b/3P.instrset/cmsis.instrset/CMSIS/RTOS/RTX/LIB/GCC/libRTX_CM4.a(rt_cmsis.o)
                0x000051d0                svcTimerStart
 .text.svcTimerCall
                0x000052ac       0x18 C:/ProgramData/MATLAB/SupportPackages/R2022b/3P.instrset/cmsis.instrset/CMSIS/RTOS/RTX/LIB/GCC/libRTX_CM4.a(rt_cmsis.o)
                0x000052ac                svcTimerCall
 .text.sysTimerTick
                0x000052c4       0xc8 C:/ProgramData/MATLAB/SupportPackages/R2022b/3P.instrset/cmsis.instrset/CMSIS/RTOS/RTX/LIB/GCC/libRTX_CM4.a(rt_cmsis.o)
                0x000052c4                sysTimerTick
 .text.osTimerCreate
                0x0000538c       0x68 C:/ProgramData/MATLAB/SupportPackages/R2022b/3P.instrset/cmsis.instrset/CMSIS/RTOS/RTX/LIB/GCC/libRTX_CM4.a(rt_cmsis.o)
                0x0000538c                osTimerCreate
 .text.osTimerStart
                0x000053f4       0x18 C:/ProgramData/MATLAB/SupportPackages/R2022b/3P.instrset/cmsis.instrset/CMSIS/RTOS/RTX/LIB/GCC/libRTX_CM4.a(rt_cmsis.o)
                0x000053f4                osTimerStart
 .text.osTimerThread
                0x0000540c       0x3c C:/ProgramData/MATLAB/SupportPackages/R2022b/3P.instrset/cmsis.instrset/CMSIS/RTOS/RTX/LIB/GCC/libRTX_CM4.a(rt_cmsis.o)
                0x0000540c                osTimerThread
 .text.svcSignalSet
                0x00005448       0x2c C:/ProgramData/MATLAB/SupportPackages/R2022b/3P.instrset/cmsis.instrset/CMSIS/RTOS/RTX/LIB/GCC/libRTX_CM4.a(rt_cmsis.o)
                0x00005448                svcSignalSet
 .text.svcSignalClear
                0x00005474       0x2c C:/ProgramData/MATLAB/SupportPackages/R2022b/3P.instrset/cmsis.instrset/CMSIS/RTOS/RTX/LIB/GCC/libRTX_CM4.a(rt_cmsis.o)
                0x00005474                svcSignalClear
 .text.svcSignalWait
                0x000054a0      0x100 C:/ProgramData/MATLAB/SupportPackages/R2022b/3P.instrset/cmsis.instrset/CMSIS/RTOS/RTX/LIB/GCC/libRTX_CM4.a(rt_cmsis.o)
                0x000054a0                svcSignalWait
 .text.osSignalSet
                0x000055a0       0x40 C:/ProgramData/MATLAB/SupportPackages/R2022b/3P.instrset/cmsis.instrset/CMSIS/RTOS/RTX/LIB/GCC/libRTX_CM4.a(rt_cmsis.o)
                0x000055a0                osSignalSet
 .text.osSignalClear
                0x000055e0       0x1c C:/ProgramData/MATLAB/SupportPackages/R2022b/3P.instrset/cmsis.instrset/CMSIS/RTOS/RTX/LIB/GCC/libRTX_CM4.a(rt_cmsis.o)
                0x000055e0                osSignalClear
 .text.osSignalWait
                0x000055fc       0x2c C:/ProgramData/MATLAB/SupportPackages/R2022b/3P.instrset/cmsis.instrset/CMSIS/RTOS/RTX/LIB/GCC/libRTX_CM4.a(rt_cmsis.o)
                0x000055fc                osSignalWait
 .text.svcMessageGet
                0x00005628       0xbc C:/ProgramData/MATLAB/SupportPackages/R2022b/3P.instrset/cmsis.instrset/CMSIS/RTOS/RTX/LIB/GCC/libRTX_CM4.a(rt_cmsis.o)
                0x00005628                svcMessageGet
 .text.rt_init_stack
                0x000056e4       0xa8 C:/ProgramData/MATLAB/SupportPackages/R2022b/3P.instrset/cmsis.instrset/CMSIS/RTOS/RTX/LIB/GCC/libRTX_CM4.a(hal_cm.o)
                0x000056e4                rt_init_stack
 .text.rt_ret_val
                0x0000578c       0x14 C:/ProgramData/MATLAB/SupportPackages/R2022b/3P.instrset/cmsis.instrset/CMSIS/RTOS/RTX/LIB/GCC/libRTX_CM4.a(hal_cm.o)
                0x0000578c                rt_ret_val
 .text.rt_ret_val2
                0x000057a0       0x24 C:/ProgramData/MATLAB/SupportPackages/R2022b/3P.instrset/cmsis.instrset/CMSIS/RTOS/RTX/LIB/GCC/libRTX_CM4.a(hal_cm.o)
                0x000057a0                rt_ret_val2
 .text.dbg_init
                0x000057c4       0x34 C:/ProgramData/MATLAB/SupportPackages/R2022b/3P.instrset/cmsis.instrset/CMSIS/RTOS/RTX/LIB/GCC/libRTX_CM4.a(hal_cm.o)
                0x000057c4                dbg_init
 .text.dbg_task_notify
                0x000057f8       0x2c C:/ProgramData/MATLAB/SupportPackages/R2022b/3P.instrset/cmsis.instrset/CMSIS/RTOS/RTX/LIB/GCC/libRTX_CM4.a(hal_cm.o)
                0x000057f8                dbg_task_notify
 .text.dbg_task_switch
                0x00005824       0x14 C:/ProgramData/MATLAB/SupportPackages/R2022b/3P.instrset/cmsis.instrset/CMSIS/RTOS/RTX/LIB/GCC/libRTX_CM4.a(hal_cm.o)
                0x00005824                dbg_task_switch
 .text.rt_init_mem
                0x00005838       0x1c C:/ProgramData/MATLAB/SupportPackages/R2022b/3P.instrset/cmsis.instrset/CMSIS/RTOS/RTX/LIB/GCC/libRTX_CM4.a(rt_memory.o)
                0x00005838                rt_init_mem
 .text.rt_alloc_mem
                0x00005854       0x48 C:/ProgramData/MATLAB/SupportPackages/R2022b/3P.instrset/cmsis.instrset/CMSIS/RTOS/RTX/LIB/GCC/libRTX_CM4.a(rt_memory.o)
                0x00005854                rt_alloc_mem
 .text.rt_free_mem
                0x0000589c       0x54 C:/ProgramData/MATLAB/SupportPackages/R2022b/3P.instrset/cmsis.instrset/CMSIS/RTOS/RTX/LIB/GCC/libRTX_CM4.a(rt_memory.o)
                0x0000589c                rt_free_mem
 .text._init_box
                0x000058f0       0x58 C:/ProgramData/MATLAB/SupportPackages/R2022b/3P.instrset/cmsis.instrset/CMSIS/RTOS/RTX/LIB/GCC/libRTX_CM4.a(rt_membox.o)
                0x000058f0                _init_box
 .text.rt_alloc_box
                0x00005948       0x1c C:/ProgramData/MATLAB/SupportPackages/R2022b/3P.instrset/cmsis.instrset/CMSIS/RTOS/RTX/LIB/GCC/libRTX_CM4.a(rt_membox.o)
                0x00005948                rt_alloc_box
 .text.rt_free_box
                0x00005964       0x28 C:/ProgramData/MATLAB/SupportPackages/R2022b/3P.instrset/cmsis.instrset/CMSIS/RTOS/RTX/LIB/GCC/libRTX_CM4.a(rt_membox.o)
                0x00005964                rt_free_box
 .text.rt_sem_psh
                0x0000598c       0x34 C:/ProgramData/MATLAB/SupportPackages/R2022b/3P.instrset/cmsis.instrset/CMSIS/RTOS/RTX/LIB/GCC/libRTX_CM4.a(rt_semaphore.o)
                0x0000598c                rt_sem_psh
 .text.rt_mbx_init
                0x000059c0       0x18 C:/ProgramData/MATLAB/SupportPackages/R2022b/3P.instrset/cmsis.instrset/CMSIS/RTOS/RTX/LIB/GCC/libRTX_CM4.a(rt_mailbox.o)
                0x000059c0                rt_mbx_init
 .text.rt_mbx_wait
                0x000059d8       0xa8 C:/ProgramData/MATLAB/SupportPackages/R2022b/3P.instrset/cmsis.instrset/CMSIS/RTOS/RTX/LIB/GCC/libRTX_CM4.a(rt_mailbox.o)
                0x000059d8                rt_mbx_wait
 .text.rt_mbx_check
                0x00005a80        0x8 C:/ProgramData/MATLAB/SupportPackages/R2022b/3P.instrset/cmsis.instrset/CMSIS/RTOS/RTX/LIB/GCC/libRTX_CM4.a(rt_mailbox.o)
                0x00005a80                rt_mbx_check
 .text.isr_mbx_send
                0x00005a88       0x10 C:/ProgramData/MATLAB/SupportPackages/R2022b/3P.instrset/cmsis.instrset/CMSIS/RTOS/RTX/LIB/GCC/libRTX_CM4.a(rt_mailbox.o)
                0x00005a88                isr_mbx_send
 .text.rt_mbx_psh
                0x00005a98       0xe8 C:/ProgramData/MATLAB/SupportPackages/R2022b/3P.instrset/cmsis.instrset/CMSIS/RTOS/RTX/LIB/GCC/libRTX_CM4.a(rt_mailbox.o)
                0x00005a98                rt_mbx_psh
 .text.rt_put_prio
                0x00005b80       0x50 C:/ProgramData/MATLAB/SupportPackages/R2022b/3P.instrset/cmsis.instrset/CMSIS/RTOS/RTX/LIB/GCC/libRTX_CM4.a(rt_list.o)
                0x00005b80                rt_put_prio
 .text.rt_get_first
                0x00005bd0       0x28 C:/ProgramData/MATLAB/SupportPackages/R2022b/3P.instrset/cmsis.instrset/CMSIS/RTOS/RTX/LIB/GCC/libRTX_CM4.a(rt_list.o)
                0x00005bd0                rt_get_first
 .text.rt_put_rdy_first
                0x00005bf8       0x14 C:/ProgramData/MATLAB/SupportPackages/R2022b/3P.instrset/cmsis.instrset/CMSIS/RTOS/RTX/LIB/GCC/libRTX_CM4.a(rt_list.o)
                0x00005bf8                rt_put_rdy_first
 .text.rt_resort_prio
                0x00005c0c       0xac C:/ProgramData/MATLAB/SupportPackages/R2022b/3P.instrset/cmsis.instrset/CMSIS/RTOS/RTX/LIB/GCC/libRTX_CM4.a(rt_list.o)
                0x00005c0c                rt_resort_prio
 .text.rt_put_dly
                0x00005cb8       0x60 C:/ProgramData/MATLAB/SupportPackages/R2022b/3P.instrset/cmsis.instrset/CMSIS/RTOS/RTX/LIB/GCC/libRTX_CM4.a(rt_list.o)
                0x00005cb8                rt_put_dly
 .text.rt_dec_dly
                0x00005d18       0xbc C:/ProgramData/MATLAB/SupportPackages/R2022b/3P.instrset/cmsis.instrset/CMSIS/RTOS/RTX/LIB/GCC/libRTX_CM4.a(rt_list.o)
                0x00005d18                rt_dec_dly
 .text.rt_rmv_list
                0x00005dd4       0x2c C:/ProgramData/MATLAB/SupportPackages/R2022b/3P.instrset/cmsis.instrset/CMSIS/RTOS/RTX/LIB/GCC/libRTX_CM4.a(rt_list.o)
                0x00005dd4                rt_rmv_list
 .text.rt_rmv_dly
                0x00005e00       0x30 C:/ProgramData/MATLAB/SupportPackages/R2022b/3P.instrset/cmsis.instrset/CMSIS/RTOS/RTX/LIB/GCC/libRTX_CM4.a(rt_list.o)
                0x00005e00                rt_rmv_dly
 .text.rt_psq_enq
                0x00005e30       0x44 C:/ProgramData/MATLAB/SupportPackages/R2022b/3P.instrset/cmsis.instrset/CMSIS/RTOS/RTX/LIB/GCC/libRTX_CM4.a(rt_list.o)
                0x00005e30                rt_psq_enq
 .text.rt_evt_wait
                0x00005e74       0x44 C:/ProgramData/MATLAB/SupportPackages/R2022b/3P.instrset/cmsis.instrset/CMSIS/RTOS/RTX/LIB/GCC/libRTX_CM4.a(rt_event.o)
                0x00005e74                rt_evt_wait
 .text.rt_evt_set
                0x00005eb8       0x58 C:/ProgramData/MATLAB/SupportPackages/R2022b/3P.instrset/cmsis.instrset/CMSIS/RTOS/RTX/LIB/GCC/libRTX_CM4.a(rt_event.o)
                0x00005eb8                rt_evt_set
 .text.rt_evt_clr
                0x00005f10       0x18 C:/ProgramData/MATLAB/SupportPackages/R2022b/3P.instrset/cmsis.instrset/CMSIS/RTOS/RTX/LIB/GCC/libRTX_CM4.a(rt_event.o)
                0x00005f10                rt_evt_clr
 .text.isr_evt_set
                0x00005f28       0x24 C:/ProgramData/MATLAB/SupportPackages/R2022b/3P.instrset/cmsis.instrset/CMSIS/RTOS/RTX/LIB/GCC/libRTX_CM4.a(rt_event.o)
                0x00005f28                isr_evt_set
 .text.rt_evt_psh
                0x00005f4c       0x50 C:/ProgramData/MATLAB/SupportPackages/R2022b/3P.instrset/cmsis.instrset/CMSIS/RTOS/RTX/LIB/GCC/libRTX_CM4.a(rt_event.o)
                0x00005f4c                rt_evt_psh
 .text.rt_psh_req
                0x00005f9c       0x20 C:/ProgramData/MATLAB/SupportPackages/R2022b/3P.instrset/cmsis.instrset/CMSIS/RTOS/RTX/LIB/GCC/libRTX_CM4.a(rt_system.o)
                0x00005f9c                rt_psh_req
 .text.rt_pop_req
                0x00005fbc       0x9c C:/ProgramData/MATLAB/SupportPackages/R2022b/3P.instrset/cmsis.instrset/CMSIS/RTOS/RTX/LIB/GCC/libRTX_CM4.a(rt_system.o)
                0x00005fbc                rt_pop_req
 .text.os_tick_init
                0x00006058       0x40 C:/ProgramData/MATLAB/SupportPackages/R2022b/3P.instrset/cmsis.instrset/CMSIS/RTOS/RTX/LIB/GCC/libRTX_CM4.a(rt_system.o)
                0x00006058                os_tick_init
 .text.os_tick_irqack
                0x00006098        0x4 C:/ProgramData/MATLAB/SupportPackages/R2022b/3P.instrset/cmsis.instrset/CMSIS/RTOS/RTX/LIB/GCC/libRTX_CM4.a(rt_system.o)
                0x00006098                os_tick_irqack
 .text.rt_systick
                0x0000609c       0x3c C:/ProgramData/MATLAB/SupportPackages/R2022b/3P.instrset/cmsis.instrset/CMSIS/RTOS/RTX/LIB/GCC/libRTX_CM4.a(rt_system.o)
                0x0000609c                rt_systick
 .text.rt_stk_check
                0x000060d8       0x24 C:/ProgramData/MATLAB/SupportPackages/R2022b/3P.instrset/cmsis.instrset/CMSIS/RTOS/RTX/LIB/GCC/libRTX_CM4.a(rt_system.o)
                0x000060d8                rt_stk_check
 .text.rt_switch_req
                0x000060fc       0x24 C:/ProgramData/MATLAB/SupportPackages/R2022b/3P.instrset/cmsis.instrset/CMSIS/RTOS/RTX/LIB/GCC/libRTX_CM4.a(rt_task.o)
                0x000060fc                rt_switch_req
 .text.rt_dispatch
                0x00006120       0x78 C:/ProgramData/MATLAB/SupportPackages/R2022b/3P.instrset/cmsis.instrset/CMSIS/RTOS/RTX/LIB/GCC/libRTX_CM4.a(rt_task.o)
                0x00006120                rt_dispatch
 .text.rt_block
                0x00006198       0x50 C:/ProgramData/MATLAB/SupportPackages/R2022b/3P.instrset/cmsis.instrset/CMSIS/RTOS/RTX/LIB/GCC/libRTX_CM4.a(rt_task.o)
                0x00006198                rt_block
 .text.rt_tsk_self
                0x000061e8       0x10 C:/ProgramData/MATLAB/SupportPackages/R2022b/3P.instrset/cmsis.instrset/CMSIS/RTOS/RTX/LIB/GCC/libRTX_CM4.a(rt_task.o)
                0x000061e8                rt_tsk_self
 .text.rt_tsk_prio
                0x000061f8       0xa0 C:/ProgramData/MATLAB/SupportPackages/R2022b/3P.instrset/cmsis.instrset/CMSIS/RTOS/RTX/LIB/GCC/libRTX_CM4.a(rt_task.o)
                0x000061f8                rt_tsk_prio
 .text.rt_tsk_create
                0x00006298       0xc8 C:/ProgramData/MATLAB/SupportPackages/R2022b/3P.instrset/cmsis.instrset/CMSIS/RTOS/RTX/LIB/GCC/libRTX_CM4.a(rt_task.o)
                0x00006298                rt_tsk_create
 .text.rt_tsk_delete
                0x00006360      0x1bc C:/ProgramData/MATLAB/SupportPackages/R2022b/3P.instrset/cmsis.instrset/CMSIS/RTOS/RTX/LIB/GCC/libRTX_CM4.a(rt_task.o)
                0x00006360                rt_tsk_delete
 .text.rt_sys_init
                0x0000651c       0xdc C:/ProgramData/MATLAB/SupportPackages/R2022b/3P.instrset/cmsis.instrset/CMSIS/RTOS/RTX/LIB/GCC/libRTX_CM4.a(rt_task.o)
                0x0000651c                rt_sys_init
 .text.rt_sys_start
                0x000065f8       0x8c C:/ProgramData/MATLAB/SupportPackages/R2022b/3P.instrset/cmsis.instrset/CMSIS/RTOS/RTX/LIB/GCC/libRTX_CM4.a(rt_task.o)
                0x000065f8                rt_sys_start
 .text.OSA_TimeInit
                0x00006684       0x40 C:/ProgramData/MATLAB/SupportPackages/R2022b/toolbox/target/supportpackages/freedomk64f/src/ksdk_armgcc_lib/bm/libksdk_platform.a(fsl_os_abstraction_bm.o)
                0x00006684                OSA_TimeInit
 .text.OSA_SemaPost
                0x000066c4       0x3c C:/ProgramData/MATLAB/SupportPackages/R2022b/toolbox/target/supportpackages/freedomk64f/src/ksdk_armgcc_lib/bm/libksdk_platform.a(fsl_os_abstraction_bm.o)
                0x000066c4                OSA_SemaPost
 .text.task_init
                0x00006700       0x38 C:/ProgramData/MATLAB/SupportPackages/R2022b/toolbox/target/supportpackages/freedomk64f/src/ksdk_armgcc_lib/bm/libksdk_platform.a(fsl_os_abstraction_bm.o)
                0x00006700                task_init
 .text.OSA_Init
                0x00006738        0xe C:/ProgramData/MATLAB/SupportPackages/R2022b/toolbox/target/supportpackages/freedomk64f/src/ksdk_armgcc_lib/bm/libksdk_platform.a(fsl_os_abstraction_bm.o)
                0x00006738                OSA_Init
 *fill*         0x00006746        0x2 
 .text.CLOCK_SYS_SetMcgPeeToFbe
                0x00006748       0x34 C:/ProgramData/MATLAB/SupportPackages/R2022b/toolbox/target/supportpackages/freedomk64f/src/ksdk_armgcc_lib/bm/libksdk_platform.a(fsl_clock_manager.o)
 .text.CLOCK_SYS_SetMcgMode
                0x0000677c      0x124 C:/ProgramData/MATLAB/SupportPackages/R2022b/toolbox/target/supportpackages/freedomk64f/src/ksdk_armgcc_lib/bm/libksdk_platform.a(fsl_clock_manager.o)
                0x0000677c                CLOCK_SYS_SetMcgMode
 .text.CLOCK_SYS_SetOscerConfigration
                0x000068a0       0x20 C:/ProgramData/MATLAB/SupportPackages/R2022b/toolbox/target/supportpackages/freedomk64f/src/ksdk_armgcc_lib/bm/libksdk_platform.a(fsl_clock_manager.o)
                0x000068a0                CLOCK_SYS_SetOscerConfigration
 .text.CLOCK_SYS_OscInit
                0x000068c0       0x98 C:/ProgramData/MATLAB/SupportPackages/R2022b/toolbox/target/supportpackages/freedomk64f/src/ksdk_armgcc_lib/bm/libksdk_platform.a(fsl_clock_manager.o)
                0x000068c0                CLOCK_SYS_OscInit
 .text.CLOCK_SYS_RtcOscInit
                0x00006958       0x6c C:/ProgramData/MATLAB/SupportPackages/R2022b/toolbox/target/supportpackages/freedomk64f/src/ksdk_armgcc_lib/bm/libksdk_platform.a(fsl_clock_manager.o)
                0x00006958                CLOCK_SYS_RtcOscInit
 .text.SIM_HAL_EnableClock.constprop.0
                0x000069c4       0x1c C:/ProgramData/MATLAB/SupportPackages/R2022b/toolbox/target/supportpackages/freedomk64f/src/ksdk_armgcc_lib/bm/libksdk_platform.a(fsl_clock_MK64F12.o)
 .text.CLOCK_SYS_GetCoreClockFreq
                0x000069e0       0x24 C:/ProgramData/MATLAB/SupportPackages/R2022b/toolbox/target/supportpackages/freedomk64f/src/ksdk_armgcc_lib/bm/libksdk_platform.a(fsl_clock_MK64F12.o)
                0x000069e0                CLOCK_SYS_GetCoreClockFreq
 .text.CLOCK_SYS_SetConfiguration
                0x00006a04       0x94 C:/ProgramData/MATLAB/SupportPackages/R2022b/toolbox/target/supportpackages/freedomk64f/src/ksdk_armgcc_lib/bm/libksdk_platform.a(fsl_clock_MK64F12.o)
                0x00006a04                CLOCK_SYS_SetConfiguration
 .text.CLOCK_SYS_FllStableDelay
                0x00006a98       0x18 C:/ProgramData/MATLAB/SupportPackages/R2022b/toolbox/target/supportpackages/freedomk64f/src/ksdk_armgcc_lib/bm/libksdk_platform.a(fsl_clock_MK64F12.o)
 .text.CLOCK_SYS_GetBusClockFreq
                0x00006ab0       0x24 C:/ProgramData/MATLAB/SupportPackages/R2022b/toolbox/target/supportpackages/freedomk64f/src/ksdk_armgcc_lib/bm/libksdk_platform.a(fsl_clock_MK64F12.o)
                0x00006ab0                CLOCK_SYS_GetBusClockFreq
 .text.CLOCK_SYS_GetFtmExternalFreq
                0x00006ad4       0x20 C:/ProgramData/MATLAB/SupportPackages/R2022b/toolbox/target/supportpackages/freedomk64f/src/ksdk_armgcc_lib/bm/libksdk_platform.a(fsl_clock_MK64F12.o)
                0x00006ad4                CLOCK_SYS_GetFtmExternalFreq
 .text.CLOCK_SYS_EnablePortClock
                0x00006af4       0x30 C:/ProgramData/MATLAB/SupportPackages/R2022b/toolbox/target/supportpackages/freedomk64f/src/ksdk_armgcc_lib/bm/libksdk_platform.a(fsl_clock_MK64F12.o)
                0x00006af4                CLOCK_SYS_EnablePortClock
 .text.CLOCK_SYS_EnableFtmClock
                0x00006b24       0x30 C:/ProgramData/MATLAB/SupportPackages/R2022b/toolbox/target/supportpackages/freedomk64f/src/ksdk_armgcc_lib/bm/libksdk_platform.a(fsl_clock_MK64F12.o)
                0x00006b24                CLOCK_SYS_EnableFtmClock
 .text.INT_SYS_EnableIRQGlobal
                0x00006b54       0x14 C:/ProgramData/MATLAB/SupportPackages/R2022b/toolbox/target/supportpackages/freedomk64f/src/ksdk_armgcc_lib/bm/libksdk_platform.a(fsl_interrupt_manager.o)
                0x00006b54                INT_SYS_EnableIRQGlobal
 .text.INT_SYS_DisableIRQGlobal
                0x00006b68       0x10 C:/ProgramData/MATLAB/SupportPackages/R2022b/toolbox/target/supportpackages/freedomk64f/src/ksdk_armgcc_lib/bm/libksdk_platform.a(fsl_interrupt_manager.o)
                0x00006b68                INT_SYS_DisableIRQGlobal
 .text.EDMA_DRV_IRQHandler
                0x00006b78       0x30 C:/ProgramData/MATLAB/SupportPackages/R2022b/toolbox/target/supportpackages/freedomk64f/src/ksdk_armgcc_lib/bm/libksdk_platform.a(fsl_edma_driver.o)
                0x00006b78                EDMA_DRV_IRQHandler
 .text.EDMA_DRV_ErrorIRQHandler
                0x00006ba8       0x8c C:/ProgramData/MATLAB/SupportPackages/R2022b/toolbox/target/supportpackages/freedomk64f/src/ksdk_armgcc_lib/bm/libksdk_platform.a(fsl_edma_driver.o)
                0x00006ba8                EDMA_DRV_ErrorIRQHandler
 .text.FTM_HAL_SetClockSource
                0x00006c34       0x12 C:/ProgramData/MATLAB/SupportPackages/R2022b/toolbox/target/supportpackages/freedomk64f/src/ksdk_armgcc_lib/bm/libksdk_platform.a(fsl_ftm_driver.o)
 *fill*         0x00006c46        0x2 
 .text.FTM_HAL_SetChnCountVal.part.0
                0x00006c48       0x1c C:/ProgramData/MATLAB/SupportPackages/R2022b/toolbox/target/supportpackages/freedomk64f/src/ksdk_armgcc_lib/bm/libksdk_platform.a(fsl_ftm_driver.o)
 .text.FTM_DRV_Init
                0x00006c64      0x10c C:/ProgramData/MATLAB/SupportPackages/R2022b/toolbox/target/supportpackages/freedomk64f/src/ksdk_armgcc_lib/bm/libksdk_platform.a(fsl_ftm_driver.o)
                0x00006c64                FTM_DRV_Init
 .text.FTM_DRV_SetClock
                0x00006d70       0x54 C:/ProgramData/MATLAB/SupportPackages/R2022b/toolbox/target/supportpackages/freedomk64f/src/ksdk_armgcc_lib/bm/libksdk_platform.a(fsl_ftm_driver.o)
                0x00006d70                FTM_DRV_SetClock
 .text.FTM_DRV_GetClock
                0x00006dc4       0x68 C:/ProgramData/MATLAB/SupportPackages/R2022b/toolbox/target/supportpackages/freedomk64f/src/ksdk_armgcc_lib/bm/libksdk_platform.a(fsl_ftm_driver.o)
                0x00006dc4                FTM_DRV_GetClock
 .text.FTM_DRV_PwmStart
                0x00006e2c      0x1cc C:/ProgramData/MATLAB/SupportPackages/R2022b/toolbox/target/supportpackages/freedomk64f/src/ksdk_armgcc_lib/bm/libksdk_platform.a(fsl_ftm_driver.o)
                0x00006e2c                FTM_DRV_PwmStart
 .text.PORT_HAL_SetMuxMode.part.0
                0x00006ff8       0x1c C:/ProgramData/MATLAB/SupportPackages/R2022b/toolbox/target/supportpackages/freedomk64f/src/ksdk_armgcc_lib/bm/libksdk_platform.a(fsl_gpio_driver.o)
 .text.GPIO_DRV_InputPinInit
                0x00007014       0xe4 C:/ProgramData/MATLAB/SupportPackages/R2022b/toolbox/target/supportpackages/freedomk64f/src/ksdk_armgcc_lib/bm/libksdk_platform.a(fsl_gpio_driver.o)
                0x00007014                GPIO_DRV_InputPinInit
 .text.GPIO_DRV_OutputPinInit
                0x000070f8       0x78 C:/ProgramData/MATLAB/SupportPackages/R2022b/toolbox/target/supportpackages/freedomk64f/src/ksdk_armgcc_lib/bm/libksdk_platform.a(fsl_gpio_driver.o)
                0x000070f8                GPIO_DRV_OutputPinInit
 .text.GPIO_DRV_WritePinOutput
                0x00007170       0x1c C:/ProgramData/MATLAB/SupportPackages/R2022b/toolbox/target/supportpackages/freedomk64f/src/ksdk_armgcc_lib/bm/libksdk_platform.a(fsl_gpio_driver.o)
                0x00007170                GPIO_DRV_WritePinOutput
 .text.GPIO_DRV_ReadPinInput
                0x0000718c       0x3c C:/ProgramData/MATLAB/SupportPackages/R2022b/toolbox/target/supportpackages/freedomk64f/src/ksdk_armgcc_lib/bm/libksdk_platform.a(fsl_gpio_driver.o)
                0x0000718c                GPIO_DRV_ReadPinInput
 .text.LPTMR_HAL_SetTimerWorkingMode
                0x000071c8       0x3c C:/ProgramData/MATLAB/SupportPackages/R2022b/toolbox/target/supportpackages/freedomk64f/src/ksdk_armgcc_lib/bm/libksdk_platform.a(fsl_lptmr_hal.o)
                0x000071c8                LPTMR_HAL_SetTimerWorkingMode
 .text.LPTMR_HAL_SetPrescalerMode
                0x00007204       0x1c C:/ProgramData/MATLAB/SupportPackages/R2022b/toolbox/target/supportpackages/freedomk64f/src/ksdk_armgcc_lib/bm/libksdk_platform.a(fsl_lptmr_hal.o)
                0x00007204                LPTMR_HAL_SetPrescalerMode
 .text.CLOCK_HAL_TestOscFreq
                0x00007220       0x28 C:/ProgramData/MATLAB/SupportPackages/R2022b/toolbox/target/supportpackages/freedomk64f/src/ksdk_armgcc_lib/bm/libksdk_platform.a(fsl_mcg_hal.o)
                0x00007220                CLOCK_HAL_TestOscFreq
 .text.CLOCK_HAL_GetMcgExternalClkFreq
                0x00007248        0xa C:/ProgramData/MATLAB/SupportPackages/R2022b/toolbox/target/supportpackages/freedomk64f/src/ksdk_armgcc_lib/bm/libksdk_platform.a(fsl_mcg_hal.o)
 .text.CLOCK_HAL_TestFllExternalRefFreq
                0x00007252       0x2c C:/ProgramData/MATLAB/SupportPackages/R2022b/toolbox/target/supportpackages/freedomk64f/src/ksdk_armgcc_lib/bm/libksdk_platform.a(fsl_mcg_hal.o)
                0x00007252                CLOCK_HAL_TestFllExternalRefFreq
 *fill*         0x0000727e        0x2 
 .text.CLOCK_HAL_GetFllRefClk
                0x00007280       0x40 C:/ProgramData/MATLAB/SupportPackages/R2022b/toolbox/target/supportpackages/freedomk64f/src/ksdk_armgcc_lib/bm/libksdk_platform.a(fsl_mcg_hal.o)
                0x00007280                CLOCK_HAL_GetFllRefClk
 .text.CLOCK_HAL_TestFllFreq
                0x000072c0       0x34 C:/ProgramData/MATLAB/SupportPackages/R2022b/toolbox/target/supportpackages/freedomk64f/src/ksdk_armgcc_lib/bm/libksdk_platform.a(fsl_mcg_hal.o)
                0x000072c0                CLOCK_HAL_TestFllFreq
 .text.CLOCK_HAL_GetFllClk
                0x000072f4       0x3c C:/ProgramData/MATLAB/SupportPackages/R2022b/toolbox/target/supportpackages/freedomk64f/src/ksdk_armgcc_lib/bm/libksdk_platform.a(fsl_mcg_hal.o)
                0x000072f4                CLOCK_HAL_GetFllClk
 .text.CLOCK_HAL_UpdateFastClkInternalRefDiv
                0x00007330       0x58 C:/ProgramData/MATLAB/SupportPackages/R2022b/toolbox/target/supportpackages/freedomk64f/src/ksdk_armgcc_lib/bm/libksdk_platform.a(fsl_mcg_hal.o)
                0x00007330                CLOCK_HAL_UpdateFastClkInternalRefDiv
 .text.CLOCK_HAL_GetPll0Clk
                0x00007388       0x48 C:/ProgramData/MATLAB/SupportPackages/R2022b/toolbox/target/supportpackages/freedomk64f/src/ksdk_armgcc_lib/bm/libksdk_platform.a(fsl_mcg_hal.o)
                0x00007388                CLOCK_HAL_GetPll0Clk
 .text.CLOCK_HAL_EnablePll0InFllMode
                0x000073d0       0x38 C:/ProgramData/MATLAB/SupportPackages/R2022b/toolbox/target/supportpackages/freedomk64f/src/ksdk_armgcc_lib/bm/libksdk_platform.a(fsl_mcg_hal.o)
                0x000073d0                CLOCK_HAL_EnablePll0InFllMode
 .text.CLOCK_HAL_GetInternalRefClk
                0x00007408       0x40 C:/ProgramData/MATLAB/SupportPackages/R2022b/toolbox/target/supportpackages/freedomk64f/src/ksdk_armgcc_lib/bm/libksdk_platform.a(fsl_mcg_hal.o)
                0x00007408                CLOCK_HAL_GetInternalRefClk
 .text.CLOCK_HAL_GetOutClk
                0x00007448       0x22 C:/ProgramData/MATLAB/SupportPackages/R2022b/toolbox/target/supportpackages/freedomk64f/src/ksdk_armgcc_lib/bm/libksdk_platform.a(fsl_mcg_hal.o)
                0x00007448                CLOCK_HAL_GetOutClk
 .text.CLOCK_HAL_GetFixedFreqClk
                0x0000746a       0x20 C:/ProgramData/MATLAB/SupportPackages/R2022b/toolbox/target/supportpackages/freedomk64f/src/ksdk_armgcc_lib/bm/libksdk_platform.a(fsl_mcg_hal.o)
                0x0000746a                CLOCK_HAL_GetFixedFreqClk
 .text.CLOCK_HAL_SetOsc0Mode
                0x0000748a       0x24 C:/ProgramData/MATLAB/SupportPackages/R2022b/toolbox/target/supportpackages/freedomk64f/src/ksdk_armgcc_lib/bm/libksdk_platform.a(fsl_mcg_hal.o)
                0x0000748a                CLOCK_HAL_SetOsc0Mode
 *fill*         0x000074ae        0x2 
 .text.CLOCK_HAL_PrepareOsc
                0x000074b0       0x30 C:/ProgramData/MATLAB/SupportPackages/R2022b/toolbox/target/supportpackages/freedomk64f/src/ksdk_armgcc_lib/bm/libksdk_platform.a(fsl_mcg_hal_modes.o)
 .text.CLOCK_HAL_GetMcgMode
                0x000074e0       0x7c C:/ProgramData/MATLAB/SupportPackages/R2022b/toolbox/target/supportpackages/freedomk64f/src/ksdk_armgcc_lib/bm/libksdk_platform.a(fsl_mcg_hal_modes.o)
                0x000074e0                CLOCK_HAL_GetMcgMode
 .text.CLOCK_HAL_SetFbiMode
                0x0000755c       0xc0 C:/ProgramData/MATLAB/SupportPackages/R2022b/toolbox/target/supportpackages/freedomk64f/src/ksdk_armgcc_lib/bm/libksdk_platform.a(fsl_mcg_hal_modes.o)
                0x0000755c                CLOCK_HAL_SetFbiMode
 .text.CLOCK_HAL_SetFbeMode
                0x0000761c       0xf0 C:/ProgramData/MATLAB/SupportPackages/R2022b/toolbox/target/supportpackages/freedomk64f/src/ksdk_armgcc_lib/bm/libksdk_platform.a(fsl_mcg_hal_modes.o)
                0x0000761c                CLOCK_HAL_SetFbeMode
 .text.CLOCK_HAL_SetPbeMode
                0x0000770c       0xd8 C:/ProgramData/MATLAB/SupportPackages/R2022b/toolbox/target/supportpackages/freedomk64f/src/ksdk_armgcc_lib/bm/libksdk_platform.a(fsl_mcg_hal_modes.o)
                0x0000770c                CLOCK_HAL_SetPbeMode
 .text.OSC_HAL_SetCapacitor
                0x000077e4        0xe C:/ProgramData/MATLAB/SupportPackages/R2022b/toolbox/target/supportpackages/freedomk64f/src/ksdk_armgcc_lib/bm/libksdk_platform.a(fsl_osc_hal.o)
                0x000077e4                OSC_HAL_SetCapacitor
 .text.CLOCK_HAL_SetOutDiv
                0x000077f2       0x28 C:/ProgramData/MATLAB/SupportPackages/R2022b/toolbox/target/supportpackages/freedomk64f/src/ksdk_armgcc_lib/bm/libksdk_platform.a(fsl_sim_hal_MK64F12.o)
                0x000077f2                CLOCK_HAL_SetOutDiv
 *fill*         0x0000781a        0x2 
 .text.SIM_HAL_GetFtmExternalClkPinMode
                0x0000781c       0x70 C:/ProgramData/MATLAB/SupportPackages/R2022b/toolbox/target/supportpackages/freedomk64f/src/ksdk_armgcc_lib/bm/libksdk_platform.a(fsl_sim_hal_MK64F12.o)
                0x0000781c                SIM_HAL_GetFtmExternalClkPinMode
 .text.UART_DRV_CompleteSendData
                0x0000788c       0x54 C:/ProgramData/MATLAB/SupportPackages/R2022b/toolbox/target/supportpackages/freedomk64f/src/ksdk_armgcc_lib/bm/libksdk_platform.a(fsl_uart_driver.o)
 .text.UART_DRV_CompleteReceiveData
                0x000078e0       0x5c C:/ProgramData/MATLAB/SupportPackages/R2022b/toolbox/target/supportpackages/freedomk64f/src/ksdk_armgcc_lib/bm/libksdk_platform.a(fsl_uart_driver.o)
 .text.UART_DRV_IRQHandler
                0x0000793c       0xdc C:/ProgramData/MATLAB/SupportPackages/R2022b/toolbox/target/supportpackages/freedomk64f/src/ksdk_armgcc_lib/bm/libksdk_platform.a(fsl_uart_driver.o)
                0x0000793c                UART_DRV_IRQHandler
 .text.EDMA_HAL_SetDmaRequestCmd
                0x00007a18        0xa C:/ProgramData/MATLAB/SupportPackages/R2022b/toolbox/target/supportpackages/freedomk64f/src/ksdk_armgcc_lib/bm/libksdk_platform.a(fsl_edma_hal.o)
                0x00007a18                EDMA_HAL_SetDmaRequestCmd
 *fill*         0x00007a22        0x2 
 .text.FTM_HAL_SetChnEdgeLevel.part.0
                0x00007a24       0x1c C:/ProgramData/MATLAB/SupportPackages/R2022b/toolbox/target/supportpackages/freedomk64f/src/ksdk_armgcc_lib/bm/libksdk_platform.a(fsl_ftm_hal.o)
 .text.FTM_HAL_Init
                0x00007a40       0x3c C:/ProgramData/MATLAB/SupportPackages/R2022b/toolbox/target/supportpackages/freedomk64f/src/ksdk_armgcc_lib/bm/libksdk_platform.a(fsl_ftm_hal.o)
                0x00007a40                FTM_HAL_Init
 .text.FTM_HAL_SetSyncMode
                0x00007a7c       0x98 C:/ProgramData/MATLAB/SupportPackages/R2022b/toolbox/target/supportpackages/freedomk64f/src/ksdk_armgcc_lib/bm/libksdk_platform.a(fsl_ftm_hal.o)
                0x00007a7c                FTM_HAL_SetSyncMode
 .text.FTM_HAL_Reset
                0x00007b14       0x3e C:/ProgramData/MATLAB/SupportPackages/R2022b/toolbox/target/supportpackages/freedomk64f/src/ksdk_armgcc_lib/bm/libksdk_platform.a(fsl_ftm_hal.o)
                0x00007b14                FTM_HAL_Reset
 .text.FTM_HAL_GetChnPairIndex
                0x00007b52       0x1e C:/ProgramData/MATLAB/SupportPackages/R2022b/toolbox/target/supportpackages/freedomk64f/src/ksdk_armgcc_lib/bm/libksdk_platform.a(fsl_ftm_hal.o)
                0x00007b52                FTM_HAL_GetChnPairIndex
 .text.FTM_HAL_EnablePwmMode
                0x00007b70       0xd8 C:/ProgramData/MATLAB/SupportPackages/R2022b/toolbox/target/supportpackages/freedomk64f/src/ksdk_armgcc_lib/bm/libksdk_platform.a(fsl_ftm_hal.o)
                0x00007b70                FTM_HAL_EnablePwmMode
 .text.GPIO_HAL_SetPinDir
                0x00007c48       0x34 C:/ProgramData/MATLAB/SupportPackages/R2022b/toolbox/target/supportpackages/freedomk64f/src/ksdk_armgcc_lib/bm/libksdk_platform.a(fsl_gpio_hal.o)
                0x00007c48                GPIO_HAL_SetPinDir
 .text.GPIO_HAL_WritePinOutput
                0x00007c7c       0x30 C:/ProgramData/MATLAB/SupportPackages/R2022b/toolbox/target/supportpackages/freedomk64f/src/ksdk_armgcc_lib/bm/libksdk_platform.a(fsl_gpio_hal.o)
                0x00007c7c                GPIO_HAL_WritePinOutput
 .text.UART_HAL_Putchar
                0x00007cac        0x6 C:/ProgramData/MATLAB/SupportPackages/R2022b/toolbox/target/supportpackages/freedomk64f/src/ksdk_armgcc_lib/bm/libksdk_platform.a(fsl_uart_hal.o)
                0x00007cac                UART_HAL_Putchar
 .text.UART_HAL_Getchar
                0x00007cb2        0x8 C:/ProgramData/MATLAB/SupportPackages/R2022b/toolbox/target/supportpackages/freedomk64f/src/ksdk_armgcc_lib/bm/libksdk_platform.a(fsl_uart_hal.o)
                0x00007cb2                UART_HAL_Getchar
 .text.UART_HAL_SetIntMode
                0x00007cba       0x66 C:/ProgramData/MATLAB/SupportPackages/R2022b/toolbox/target/supportpackages/freedomk64f/src/ksdk_armgcc_lib/bm/libksdk_platform.a(fsl_uart_hal.o)
                0x00007cba                UART_HAL_SetIntMode
 .text.UART_HAL_GetStatusFlag
                0x00007d20       0x30 C:/ProgramData/MATLAB/SupportPackages/R2022b/toolbox/target/supportpackages/freedomk64f/src/ksdk_armgcc_lib/bm/libksdk_platform.a(fsl_uart_hal.o)
                0x00007d20                UART_HAL_GetStatusFlag
 .text.UART_HAL_ClearStatusFlag
                0x00007d50       0x7a C:/ProgramData/MATLAB/SupportPackages/R2022b/toolbox/target/supportpackages/freedomk64f/src/ksdk_armgcc_lib/bm/libksdk_platform.a(fsl_uart_hal.o)
                0x00007d50                UART_HAL_ClearStatusFlag
 *fill*         0x00007dca        0x6 
 .text.ceil     0x00007dd0      0x100 c:/progra~3/matlab/suppor~1/r2022b/3p778c~1.ins/gnuarm~1.ins/win/bin/../lib/gcc/arm-none-eabi/9.3.1/../../../../arm-none-eabi/lib/thumb/v7e-m+fp/hard\libm.a(lib_a-s_ceil.o)
                0x00007dd0                ceil
 .text.fabs     0x00007ed0       0x14 c:/progra~3/matlab/suppor~1/r2022b/3p778c~1.ins/gnuarm~1.ins/win/bin/../lib/gcc/arm-none-eabi/9.3.1/../../../../arm-none-eabi/lib/thumb/v7e-m+fp/hard\libm.a(lib_a-s_fabs.o)
                0x00007ed0                fabs
 *fill*         0x00007ee4        0x4 
 .text.floor    0x00007ee8      0x108 c:/progra~3/matlab/suppor~1/r2022b/3p778c~1.ins/gnuarm~1.ins/win/bin/../lib/gcc/arm-none-eabi/9.3.1/../../../../arm-none-eabi/lib/thumb/v7e-m+fp/hard\libm.a(lib_a-s_floor.o)
                0x00007ee8                floor
 .text.fmod     0x00007ff0       0x88 c:/progra~3/matlab/suppor~1/r2022b/3p778c~1.ins/gnuarm~1.ins/win/bin/../lib/gcc/arm-none-eabi/9.3.1/../../../../arm-none-eabi/lib/thumb/v7e-m+fp/hard\libm.a(lib_a-w_fmod.o)
                0x00007ff0                fmod
 .text.__ieee754_fmod
                0x00008078      0x280 c:/progra~3/matlab/suppor~1/r2022b/3p778c~1.ins/gnuarm~1.ins/win/bin/../lib/gcc/arm-none-eabi/9.3.1/../../../../arm-none-eabi/lib/thumb/v7e-m+fp/hard\libm.a(lib_a-e_fmod.o)
                0x00008078                __ieee754_fmod
 .text.abort    0x000082f8       0x10 c:/progra~3/matlab/suppor~1/r2022b/3p778c~1.ins/gnuarm~1.ins/win/bin/../lib/gcc/arm-none-eabi/9.3.1/../../../../arm-none-eabi/lib/thumb/v7e-m+fp/hard\libg.a(lib_a-abort.o)
                0x000082f8                abort
 .text.__assert_func
                0x00008308       0x3c c:/progra~3/matlab/suppor~1/r2022b/3p778c~1.ins/gnuarm~1.ins/win/bin/../lib/gcc/arm-none-eabi/9.3.1/../../../../arm-none-eabi/lib/thumb/v7e-m+fp/hard\libg.a(lib_a-assert.o)
                0x00008308                __assert_func
 .text.atexit   0x00008344        0xc c:/progra~3/matlab/suppor~1/r2022b/3p778c~1.ins/gnuarm~1.ins/win/bin/../lib/gcc/arm-none-eabi/9.3.1/../../../../arm-none-eabi/lib/thumb/v7e-m+fp/hard\libg.a(lib_a-atexit.o)
                0x00008344                atexit
 .text.__errno  0x00008350        0xc c:/progra~3/matlab/suppor~1/r2022b/3p778c~1.ins/gnuarm~1.ins/win/bin/../lib/gcc/arm-none-eabi/9.3.1/../../../../arm-none-eabi/lib/thumb/v7e-m+fp/hard\libg.a(lib_a-errno.o)
                0x00008350                __errno
 .text.exit     0x0000835c       0x20 c:/progra~3/matlab/suppor~1/r2022b/3p778c~1.ins/gnuarm~1.ins/win/bin/../lib/gcc/arm-none-eabi/9.3.1/../../../../arm-none-eabi/lib/thumb/v7e-m+fp/hard\libg.a(lib_a-exit.o)
                0x0000835c                exit
 .text.__libc_fini_array
                0x0000837c       0x2c c:/progra~3/matlab/suppor~1/r2022b/3p778c~1.ins/gnuarm~1.ins/win/bin/../lib/gcc/arm-none-eabi/9.3.1/../../../../arm-none-eabi/lib/thumb/v7e-m+fp/hard\libg.a(lib_a-fini.o)
                0x0000837c                __libc_fini_array
 .text.fiprintf
                0x000083a8       0x28 c:/progra~3/matlab/suppor~1/r2022b/3p778c~1.ins/gnuarm~1.ins/win/bin/../lib/gcc/arm-none-eabi/9.3.1/../../../../arm-none-eabi/lib/thumb/v7e-m+fp/hard\libg.a(lib_a-fiprintf.o)
                0x000083a8                fiprintf
 .text.__libc_init_array
                0x000083d0       0x48 c:/progra~3/matlab/suppor~1/r2022b/3p778c~1.ins/gnuarm~1.ins/win/bin/../lib/gcc/arm-none-eabi/9.3.1/../../../../arm-none-eabi/lib/thumb/v7e-m+fp/hard\libg.a(lib_a-init.o)
                0x000083d0                __libc_init_array
 .text._malloc_r
                0x00008418      0x574 c:/progra~3/matlab/suppor~1/r2022b/3p778c~1.ins/gnuarm~1.ins/win/bin/../lib/gcc/arm-none-eabi/9.3.1/../../../../arm-none-eabi/lib/thumb/v7e-m+fp/hard\libg.a(lib_a-mallocr.o)
                0x00008418                _malloc_r
 .text.memset   0x0000898c       0xa0 c:/progra~3/matlab/suppor~1/r2022b/3p778c~1.ins/gnuarm~1.ins/win/bin/../lib/gcc/arm-none-eabi/9.3.1/../../../../arm-none-eabi/lib/thumb/v7e-m+fp/hard\libg.a(lib_a-memset.o)
                0x0000898c                memset
 .text.__malloc_lock
                0x00008a2c        0xc c:/progra~3/matlab/suppor~1/r2022b/3p778c~1.ins/gnuarm~1.ins/win/bin/../lib/gcc/arm-none-eabi/9.3.1/../../../../arm-none-eabi/lib/thumb/v7e-m+fp/hard\libg.a(lib_a-mlock.o)
                0x00008a2c                __malloc_lock
 .text.__malloc_unlock
                0x00008a38        0xc c:/progra~3/matlab/suppor~1/r2022b/3p778c~1.ins/gnuarm~1.ins/win/bin/../lib/gcc/arm-none-eabi/9.3.1/../../../../arm-none-eabi/lib/thumb/v7e-m+fp/hard\libg.a(lib_a-mlock.o)
                0x00008a38                __malloc_unlock
 .text._sbrk_r  0x00008a44       0x24 c:/progra~3/matlab/suppor~1/r2022b/3p778c~1.ins/gnuarm~1.ins/win/bin/../lib/gcc/arm-none-eabi/9.3.1/../../../../arm-none-eabi/lib/thumb/v7e-m+fp/hard\libg.a(lib_a-sbrkr.o)
                0x00008a44                _sbrk_r
 .text._raise_r
                0x00008a68       0x58 c:/progra~3/matlab/suppor~1/r2022b/3p778c~1.ins/gnuarm~1.ins/win/bin/../lib/gcc/arm-none-eabi/9.3.1/../../../../arm-none-eabi/lib/thumb/v7e-m+fp/hard\libg.a(lib_a-signal.o)
                0x00008a68                _raise_r
 .text.raise    0x00008ac0       0x10 c:/progra~3/matlab/suppor~1/r2022b/3p778c~1.ins/gnuarm~1.ins/win/bin/../lib/gcc/arm-none-eabi/9.3.1/../../../../arm-none-eabi/lib/thumb/v7e-m+fp/hard\libg.a(lib_a-signal.o)
                0x00008ac0                raise
 .text._kill_r  0x00008ad0       0x2c c:/progra~3/matlab/suppor~1/r2022b/3p778c~1.ins/gnuarm~1.ins/win/bin/../lib/gcc/arm-none-eabi/9.3.1/../../../../arm-none-eabi/lib/thumb/v7e-m+fp/hard\libg.a(lib_a-signalr.o)
                0x00008ad0                _kill_r
 .text._getpid_r
                0x00008afc        0x4 c:/progra~3/matlab/suppor~1/r2022b/3p778c~1.ins/gnuarm~1.ins/win/bin/../lib/gcc/arm-none-eabi/9.3.1/../../../../arm-none-eabi/lib/thumb/v7e-m+fp/hard\libg.a(lib_a-signalr.o)
                0x00008afc                _getpid_r
 .text.__sprint_r.part.0
                0x00008b00       0x78 c:/progra~3/matlab/suppor~1/r2022b/3p778c~1.ins/gnuarm~1.ins/win/bin/../lib/gcc/arm-none-eabi/9.3.1/../../../../arm-none-eabi/lib/thumb/v7e-m+fp/hard\libg.a(lib_a-vfiprintf.o)
 .text._vfiprintf_r
                0x00008b78      0xd4c c:/progra~3/matlab/suppor~1/r2022b/3p778c~1.ins/gnuarm~1.ins/win/bin/../lib/gcc/arm-none-eabi/9.3.1/../../../../arm-none-eabi/lib/thumb/v7e-m+fp/hard\libg.a(lib_a-vfiprintf.o)
                0x00008b78                _vfiprintf_r
 .text.__sbprintf
                0x000098c4       0x84 c:/progra~3/matlab/suppor~1/r2022b/3p778c~1.ins/gnuarm~1.ins/win/bin/../lib/gcc/arm-none-eabi/9.3.1/../../../../arm-none-eabi/lib/thumb/v7e-m+fp/hard\libg.a(lib_a-vfiprintf.o)
 .text.__swsetup_r
                0x00009948       0xd0 c:/progra~3/matlab/suppor~1/r2022b/3p778c~1.ins/gnuarm~1.ins/win/bin/../lib/gcc/arm-none-eabi/9.3.1/../../../../arm-none-eabi/lib/thumb/v7e-m+fp/hard\libg.a(lib_a-wsetup.o)
                0x00009948                __swsetup_r
 .text.__register_exitproc
                0x00009a18       0x8c c:/progra~3/matlab/suppor~1/r2022b/3p778c~1.ins/gnuarm~1.ins/win/bin/../lib/gcc/arm-none-eabi/9.3.1/../../../../arm-none-eabi/lib/thumb/v7e-m+fp/hard\libg.a(lib_a-__atexit.o)
                0x00009a18                __register_exitproc
 .text.startup.register_fini
                0x00009aa4       0x14 c:/progra~3/matlab/suppor~1/r2022b/3p778c~1.ins/gnuarm~1.ins/win/bin/../lib/gcc/arm-none-eabi/9.3.1/../../../../arm-none-eabi/lib/thumb/v7e-m+fp/hard\libg.a(lib_a-__call_atexit.o)
 .text.__call_exitprocs
                0x00009ab8       0xcc c:/progra~3/matlab/suppor~1/r2022b/3p778c~1.ins/gnuarm~1.ins/win/bin/../lib/gcc/arm-none-eabi/9.3.1/../../../../arm-none-eabi/lib/thumb/v7e-m+fp/hard\libg.a(lib_a-__call_atexit.o)
                0x00009ab8                __call_exitprocs
 .text.__sflush_r
                0x00009b84      0x130 c:/progra~3/matlab/suppor~1/r2022b/3p778c~1.ins/gnuarm~1.ins/win/bin/../lib/gcc/arm-none-eabi/9.3.1/../../../../arm-none-eabi/lib/thumb/v7e-m+fp/hard\libg.a(lib_a-fflush.o)
                0x00009b84                __sflush_r
 .text._fflush_r
                0x00009cb4       0x5c c:/progra~3/matlab/suppor~1/r2022b/3p778c~1.ins/gnuarm~1.ins/win/bin/../lib/gcc/arm-none-eabi/9.3.1/../../../../arm-none-eabi/lib/thumb/v7e-m+fp/hard\libg.a(lib_a-fflush.o)
                0x00009cb4                _fflush_r
 .text.std      0x00009d10       0x50 c:/progra~3/matlab/suppor~1/r2022b/3p778c~1.ins/gnuarm~1.ins/win/bin/../lib/gcc/arm-none-eabi/9.3.1/../../../../arm-none-eabi/lib/thumb/v7e-m+fp/hard\libg.a(lib_a-findfp.o)
 .text._cleanup_r
                0x00009d60        0xc c:/progra~3/matlab/suppor~1/r2022b/3p778c~1.ins/gnuarm~1.ins/win/bin/../lib/gcc/arm-none-eabi/9.3.1/../../../../arm-none-eabi/lib/thumb/v7e-m+fp/hard\libg.a(lib_a-findfp.o)
                0x00009d60                _cleanup_r
 .text.__sinit  0x00009d6c       0x54 c:/progra~3/matlab/suppor~1/r2022b/3p778c~1.ins/gnuarm~1.ins/win/bin/../lib/gcc/arm-none-eabi/9.3.1/../../../../arm-none-eabi/lib/thumb/v7e-m+fp/hard\libg.a(lib_a-findfp.o)
                0x00009d6c                __sinit
 .text.__sfp_lock_acquire
                0x00009dc0        0xc c:/progra~3/matlab/suppor~1/r2022b/3p778c~1.ins/gnuarm~1.ins/win/bin/../lib/gcc/arm-none-eabi/9.3.1/../../../../arm-none-eabi/lib/thumb/v7e-m+fp/hard\libg.a(lib_a-findfp.o)
                0x00009dc0                __sfp_lock_acquire
 .text.__sfp_lock_release
                0x00009dcc        0xc c:/progra~3/matlab/suppor~1/r2022b/3p778c~1.ins/gnuarm~1.ins/win/bin/../lib/gcc/arm-none-eabi/9.3.1/../../../../arm-none-eabi/lib/thumb/v7e-m+fp/hard\libg.a(lib_a-findfp.o)
                0x00009dcc                __sfp_lock_release
 .text.__fputwc
                0x00009dd8       0xa8 c:/progra~3/matlab/suppor~1/r2022b/3p778c~1.ins/gnuarm~1.ins/win/bin/../lib/gcc/arm-none-eabi/9.3.1/../../../../arm-none-eabi/lib/thumb/v7e-m+fp/hard\libg.a(lib_a-fputwc.o)
                0x00009dd8                __fputwc
 .text._fputwc_r
                0x00009e80       0x68 c:/progra~3/matlab/suppor~1/r2022b/3p778c~1.ins/gnuarm~1.ins/win/bin/../lib/gcc/arm-none-eabi/9.3.1/../../../../arm-none-eabi/lib/thumb/v7e-m+fp/hard\libg.a(lib_a-fputwc.o)
                0x00009e80                _fputwc_r
 .text._malloc_trim_r
                0x00009ee8       0xa0 c:/progra~3/matlab/suppor~1/r2022b/3p778c~1.ins/gnuarm~1.ins/win/bin/../lib/gcc/arm-none-eabi/9.3.1/../../../../arm-none-eabi/lib/thumb/v7e-m+fp/hard\libg.a(lib_a-freer.o)
                0x00009ee8                _malloc_trim_r
 .text._free_r  0x00009f88      0x208 c:/progra~3/matlab/suppor~1/r2022b/3p778c~1.ins/gnuarm~1.ins/win/bin/../lib/gcc/arm-none-eabi/9.3.1/../../../../arm-none-eabi/lib/thumb/v7e-m+fp/hard\libg.a(lib_a-freer.o)
                0x00009f88                _free_r
 .text.__sfvwrite_r
                0x0000a190      0x2e0 c:/progra~3/matlab/suppor~1/r2022b/3p778c~1.ins/gnuarm~1.ins/win/bin/../lib/gcc/arm-none-eabi/9.3.1/../../../../arm-none-eabi/lib/thumb/v7e-m+fp/hard\libg.a(lib_a-fvwrite.o)
                0x0000a190                __sfvwrite_r
 .text._fwalk_reent
                0x0000a470       0x48 c:/progra~3/matlab/suppor~1/r2022b/3p778c~1.ins/gnuarm~1.ins/win/bin/../lib/gcc/arm-none-eabi/9.3.1/../../../../arm-none-eabi/lib/thumb/v7e-m+fp/hard\libg.a(lib_a-fwalk.o)
                0x0000a470                _fwalk_reent
 .text.__locale_mb_cur_max
                0x0000a4b8        0xc c:/progra~3/matlab/suppor~1/r2022b/3p778c~1.ins/gnuarm~1.ins/win/bin/../lib/gcc/arm-none-eabi/9.3.1/../../../../arm-none-eabi/lib/thumb/v7e-m+fp/hard\libg.a(lib_a-locale.o)
                0x0000a4b8                __locale_mb_cur_max
 .text._localeconv_r
                0x0000a4c4        0x8 c:/progra~3/matlab/suppor~1/r2022b/3p778c~1.ins/gnuarm~1.ins/win/bin/../lib/gcc/arm-none-eabi/9.3.1/../../../../arm-none-eabi/lib/thumb/v7e-m+fp/hard\libg.a(lib_a-localeconv.o)
                0x0000a4c4                _localeconv_r
 .text.__retarget_lock_init_recursive
                0x0000a4cc        0x4 c:/progra~3/matlab/suppor~1/r2022b/3p778c~1.ins/gnuarm~1.ins/win/bin/../lib/gcc/arm-none-eabi/9.3.1/../../../../arm-none-eabi/lib/thumb/v7e-m+fp/hard\libg.a(lib_a-lock.o)
                0x0000a4cc                __retarget_lock_init_recursive
 .text.__retarget_lock_close_recursive
                0x0000a4d0        0x4 c:/progra~3/matlab/suppor~1/r2022b/3p778c~1.ins/gnuarm~1.ins/win/bin/../lib/gcc/arm-none-eabi/9.3.1/../../../../arm-none-eabi/lib/thumb/v7e-m+fp/hard\libg.a(lib_a-lock.o)
                0x0000a4d0                __retarget_lock_close_recursive
 .text.__retarget_lock_acquire_recursive
                0x0000a4d4        0x4 c:/progra~3/matlab/suppor~1/r2022b/3p778c~1.ins/gnuarm~1.ins/win/bin/../lib/gcc/arm-none-eabi/9.3.1/../../../../arm-none-eabi/lib/thumb/v7e-m+fp/hard\libg.a(lib_a-lock.o)
                0x0000a4d4                __retarget_lock_acquire_recursive
 .text.__retarget_lock_release_recursive
                0x0000a4d8        0x4 c:/progra~3/matlab/suppor~1/r2022b/3p778c~1.ins/gnuarm~1.ins/win/bin/../lib/gcc/arm-none-eabi/9.3.1/../../../../arm-none-eabi/lib/thumb/v7e-m+fp/hard\libg.a(lib_a-lock.o)
                0x0000a4d8                __retarget_lock_release_recursive
 .text.__swhatbuf_r
                0x0000a4dc       0x5c c:/progra~3/matlab/suppor~1/r2022b/3p778c~1.ins/gnuarm~1.ins/win/bin/../lib/gcc/arm-none-eabi/9.3.1/../../../../arm-none-eabi/lib/thumb/v7e-m+fp/hard\libg.a(lib_a-makebuf.o)
                0x0000a4dc                __swhatbuf_r
 .text.__smakebuf_r
                0x0000a538       0x98 c:/progra~3/matlab/suppor~1/r2022b/3p778c~1.ins/gnuarm~1.ins/win/bin/../lib/gcc/arm-none-eabi/9.3.1/../../../../arm-none-eabi/lib/thumb/v7e-m+fp/hard\libg.a(lib_a-makebuf.o)
                0x0000a538                __smakebuf_r
 .text.__ascii_mbtowc
                0x0000a5d0       0x2c c:/progra~3/matlab/suppor~1/r2022b/3p778c~1.ins/gnuarm~1.ins/win/bin/../lib/gcc/arm-none-eabi/9.3.1/../../../../arm-none-eabi/lib/thumb/v7e-m+fp/hard\libg.a(lib_a-mbtowc_r.o)
                0x0000a5d0                __ascii_mbtowc
 .text.memmove  0x0000a5fc       0xd8 c:/progra~3/matlab/suppor~1/r2022b/3p778c~1.ins/gnuarm~1.ins/win/bin/../lib/gcc/arm-none-eabi/9.3.1/../../../../arm-none-eabi/lib/thumb/v7e-m+fp/hard\libg.a(lib_a-memmove.o)
                0x0000a5fc                memmove
 .text._realloc_r
                0x0000a6d4      0x3e0 c:/progra~3/matlab/suppor~1/r2022b/3p778c~1.ins/gnuarm~1.ins/win/bin/../lib/gcc/arm-none-eabi/9.3.1/../../../../arm-none-eabi/lib/thumb/v7e-m+fp/hard\libg.a(lib_a-reallocr.o)
                0x0000a6d4                _realloc_r
 .text.__sread  0x0000aab4       0x24 c:/progra~3/matlab/suppor~1/r2022b/3p778c~1.ins/gnuarm~1.ins/win/bin/../lib/gcc/arm-none-eabi/9.3.1/../../../../arm-none-eabi/lib/thumb/v7e-m+fp/hard\libg.a(lib_a-stdio.o)
                0x0000aab4                __sread
 .text.__swrite
                0x0000aad8       0x40 c:/progra~3/matlab/suppor~1/r2022b/3p778c~1.ins/gnuarm~1.ins/win/bin/../lib/gcc/arm-none-eabi/9.3.1/../../../../arm-none-eabi/lib/thumb/v7e-m+fp/hard\libg.a(lib_a-stdio.o)
                0x0000aad8                __swrite
 .text.__sseek  0x0000ab18       0x20 c:/progra~3/matlab/suppor~1/r2022b/3p778c~1.ins/gnuarm~1.ins/win/bin/../lib/gcc/arm-none-eabi/9.3.1/../../../../arm-none-eabi/lib/thumb/v7e-m+fp/hard\libg.a(lib_a-stdio.o)
                0x0000ab18                __sseek
 .text.__sclose
                0x0000ab38        0x8 c:/progra~3/matlab/suppor~1/r2022b/3p778c~1.ins/gnuarm~1.ins/win/bin/../lib/gcc/arm-none-eabi/9.3.1/../../../../arm-none-eabi/lib/thumb/v7e-m+fp/hard\libg.a(lib_a-stdio.o)
                0x0000ab38                __sclose
 .text.strncpy  0x0000ab40       0x68 c:/progra~3/matlab/suppor~1/r2022b/3p778c~1.ins/gnuarm~1.ins/win/bin/../lib/gcc/arm-none-eabi/9.3.1/../../../../arm-none-eabi/lib/thumb/v7e-m+fp/hard\libg.a(lib_a-strncpy.o)
                0x0000ab40                strncpy
 .text.__swbuf_r
                0x0000aba8       0xb0 c:/progra~3/matlab/suppor~1/r2022b/3p778c~1.ins/gnuarm~1.ins/win/bin/../lib/gcc/arm-none-eabi/9.3.1/../../../../arm-none-eabi/lib/thumb/v7e-m+fp/hard\libg.a(lib_a-wbuf.o)
                0x0000aba8                __swbuf_r
 .text._wcrtomb_r
                0x0000ac58       0x3c c:/progra~3/matlab/suppor~1/r2022b/3p778c~1.ins/gnuarm~1.ins/win/bin/../lib/gcc/arm-none-eabi/9.3.1/../../../../arm-none-eabi/lib/thumb/v7e-m+fp/hard\libg.a(lib_a-wcrtomb.o)
                0x0000ac58                _wcrtomb_r
 .text.__ascii_wctomb
                0x0000ac94       0x1c c:/progra~3/matlab/suppor~1/r2022b/3p778c~1.ins/gnuarm~1.ins/win/bin/../lib/gcc/arm-none-eabi/9.3.1/../../../../arm-none-eabi/lib/thumb/v7e-m+fp/hard\libg.a(lib_a-wctomb_r.o)
                0x0000ac94                __ascii_wctomb
 .text._write_r
                0x0000acb0       0x2c c:/progra~3/matlab/suppor~1/r2022b/3p778c~1.ins/gnuarm~1.ins/win/bin/../lib/gcc/arm-none-eabi/9.3.1/../../../../arm-none-eabi/lib/thumb/v7e-m+fp/hard\libg.a(lib_a-writer.o)
                0x0000acb0                _write_r
 .text._close_r
                0x0000acdc       0x24 c:/progra~3/matlab/suppor~1/r2022b/3p778c~1.ins/gnuarm~1.ins/win/bin/../lib/gcc/arm-none-eabi/9.3.1/../../../../arm-none-eabi/lib/thumb/v7e-m+fp/hard\libg.a(lib_a-closer.o)
                0x0000acdc                _close_r
 .text._fclose_r
                0x0000ad00       0xcc c:/progra~3/matlab/suppor~1/r2022b/3p778c~1.ins/gnuarm~1.ins/win/bin/../lib/gcc/arm-none-eabi/9.3.1/../../../../arm-none-eabi/lib/thumb/v7e-m+fp/hard\libg.a(lib_a-fclose.o)
                0x0000ad00                _fclose_r
 .text._fstat_r
                0x0000adcc       0x2c c:/progra~3/matlab/suppor~1/r2022b/3p778c~1.ins/gnuarm~1.ins/win/bin/../lib/gcc/arm-none-eabi/9.3.1/../../../../arm-none-eabi/lib/thumb/v7e-m+fp/hard\libg.a(lib_a-fstatr.o)
                0x0000adcc                _fstat_r
 .text._isatty_r
                0x0000adf8       0x24 c:/progra~3/matlab/suppor~1/r2022b/3p778c~1.ins/gnuarm~1.ins/win/bin/../lib/gcc/arm-none-eabi/9.3.1/../../../../arm-none-eabi/lib/thumb/v7e-m+fp/hard\libg.a(lib_a-isattyr.o)
                0x0000adf8                _isatty_r
 .text._lseek_r
                0x0000ae1c       0x2c c:/progra~3/matlab/suppor~1/r2022b/3p778c~1.ins/gnuarm~1.ins/win/bin/../lib/gcc/arm-none-eabi/9.3.1/../../../../arm-none-eabi/lib/thumb/v7e-m+fp/hard\libg.a(lib_a-lseekr.o)
                0x0000ae1c                _lseek_r
 .text._read_r  0x0000ae48       0x2c c:/progra~3/matlab/suppor~1/r2022b/3p778c~1.ins/gnuarm~1.ins/win/bin/../lib/gcc/arm-none-eabi/9.3.1/../../../../arm-none-eabi/lib/thumb/v7e-m+fp/hard\libg.a(lib_a-readr.o)
                0x0000ae48                _read_r
 .text._close   0x0000ae74       0x10 c:/progra~3/matlab/suppor~1/r2022b/3p778c~1.ins/gnuarm~1.ins/win/bin/../lib/gcc/arm-none-eabi/9.3.1/../../../../arm-none-eabi/lib/thumb/v7e-m+fp/hard\libnosys.a(close.o)
                0x0000ae74                _close
 .text._fstat   0x0000ae84       0x10 c:/progra~3/matlab/suppor~1/r2022b/3p778c~1.ins/gnuarm~1.ins/win/bin/../lib/gcc/arm-none-eabi/9.3.1/../../../../arm-none-eabi/lib/thumb/v7e-m+fp/hard\libnosys.a(fstat.o)
                0x0000ae84                _fstat
 .text._getpid  0x0000ae94       0x10 c:/progra~3/matlab/suppor~1/r2022b/3p778c~1.ins/gnuarm~1.ins/win/bin/../lib/gcc/arm-none-eabi/9.3.1/../../../../arm-none-eabi/lib/thumb/v7e-m+fp/hard\libnosys.a(getpid.o)
                0x0000ae94                _getpid
 .text._isatty  0x0000aea4       0x10 c:/progra~3/matlab/suppor~1/r2022b/3p778c~1.ins/gnuarm~1.ins/win/bin/../lib/gcc/arm-none-eabi/9.3.1/../../../../arm-none-eabi/lib/thumb/v7e-m+fp/hard\libnosys.a(isatty.o)
                0x0000aea4                _isatty
 .text._kill    0x0000aeb4       0x10 c:/progra~3/matlab/suppor~1/r2022b/3p778c~1.ins/gnuarm~1.ins/win/bin/../lib/gcc/arm-none-eabi/9.3.1/../../../../arm-none-eabi/lib/thumb/v7e-m+fp/hard\libnosys.a(kill.o)
                0x0000aeb4                _kill
 .text._lseek   0x0000aec4       0x10 c:/progra~3/matlab/suppor~1/r2022b/3p778c~1.ins/gnuarm~1.ins/win/bin/../lib/gcc/arm-none-eabi/9.3.1/../../../../arm-none-eabi/lib/thumb/v7e-m+fp/hard\libnosys.a(lseek.o)
                0x0000aec4                _lseek
 .text._read    0x0000aed4       0x10 c:/progra~3/matlab/suppor~1/r2022b/3p778c~1.ins/gnuarm~1.ins/win/bin/../lib/gcc/arm-none-eabi/9.3.1/../../../../arm-none-eabi/lib/thumb/v7e-m+fp/hard\libnosys.a(read.o)
                0x0000aed4                _read
 .text._write   0x0000aee4       0x10 c:/progra~3/matlab/suppor~1/r2022b/3p778c~1.ins/gnuarm~1.ins/win/bin/../lib/gcc/arm-none-eabi/9.3.1/../../../../arm-none-eabi/lib/thumb/v7e-m+fp/hard\libnosys.a(write.o)
                0x0000aee4                _write
 .text._exit    0x0000aef4        0x4 c:/progra~3/matlab/suppor~1/r2022b/3p778c~1.ins/gnuarm~1.ins/win/bin/../lib/gcc/arm-none-eabi/9.3.1/../../../../arm-none-eabi/lib/thumb/v7e-m+fp/hard\libnosys.a(_exit.o)
                0x0000aef4                _exit
 *(.rodata)
 .rodata        0x0000aef8       0x44 MW_PWM.o
 .rodata        0x0000af3c       0x50 board.o
 *(.rodata*)
 .rodata.__func__.7630
                0x0000af8c       0x14 MW_PWM.o
 .rodata.Assignment_1_Simulink_M
                0x0000afa0        0x4 Assignment_1_Simulink.o
                0x0000afa0                Assignment_1_Simulink_M
 .rodata.g_defaultClockConfigRun
                0x0000afa4       0x16 board.o
                0x0000afa4                g_defaultClockConfigRun
 *fill*         0x0000afba        0x2 
 .rodata.__func__.7550
                0x0000afbc       0x14 board.o
 .rodata.os_maxtaskrun
                0x0000afd0        0x2 RTX_Conf_CM.o
                0x0000afd0                os_maxtaskrun
 *fill*         0x0000afd2        0x2 
 .rodata.os_stackinfo
                0x0000afd4        0x4 RTX_Conf_CM.o
                0x0000afd4                os_stackinfo
 .rodata.os_trv
                0x0000afd8        0x4 RTX_Conf_CM.o
                0x0000afd8                os_trv
 .rodata.os_flags
                0x0000afdc        0x1 RTX_Conf_CM.o
                0x0000afdc                os_flags
 *fill*         0x0000afdd        0x3 
 .rodata.os_clockrate
                0x0000afe0        0x4 RTX_Conf_CM.o
                0x0000afe0                os_clockrate
 .rodata.mp_tcb_size
                0x0000afe4        0x2 RTX_Conf_CM.o
                0x0000afe4                mp_tcb_size
 *fill*         0x0000afe6        0x2 
 .rodata.mp_stk_size
                0x0000afe8        0x4 RTX_Conf_CM.o
                0x0000afe8                mp_stk_size
 .rodata.os_stack_sz
                0x0000afec        0x4 RTX_Conf_CM.o
                0x0000afec                os_stack_sz
 .rodata.os_fifo_size
                0x0000aff0        0x1 RTX_Conf_CM.o
                0x0000aff0                os_fifo_size
 *fill*         0x0000aff1        0x3 
 .rodata.os_thread_def_osTimerThread
                0x0000aff4       0x10 RTX_Conf_CM.o
                0x0000aff4                os_thread_def_osTimerThread
 .rodata.os_messageQ_def_osTimerMessageQ
                0x0000b004        0x8 RTX_Conf_CM.o
                0x0000b004                os_messageQ_def_osTimerMessageQ
 .rodata.mp_tmr_size
                0x0000b00c        0x2 RTX_Conf_CM.o
                0x0000b00c                mp_tmr_size
 *fill*         0x0000b00e        0x2 
 .rodata.os_thread_def_main
                0x0000b010       0x10 RTX_Conf_CM.o
                0x0000b010                os_thread_def_main
 .rodata.OSA_SemaCreate.str1.1
                0x0000b020       0x45 C:/ProgramData/MATLAB/SupportPackages/R2022b/toolbox/target/supportpackages/freedomk64f/src/ksdk_armgcc_lib/bm/libksdk_platform.a(fsl_os_abstraction_bm.o)
 .rodata.__func__.9377
                0x0000b065        0xd C:/ProgramData/MATLAB/SupportPackages/R2022b/toolbox/target/supportpackages/freedomk64f/src/ksdk_armgcc_lib/bm/libksdk_platform.a(fsl_os_abstraction_bm.o)